12-15 18:31:14.178   902  1134 D ControlsListingControllerImpl: Unsubscribing callback

12-15 18:31:14.178   902  1134 D ControlsListingControllerImpl: Unsubscribing callback

12-15 18:31:14.167 24113 24141 I DialerLegacyCountryDetector: com.android.dialer.location.LegacyCountryDetector.getCurrentCountryIso:131 returning Redacted-2-chars

12-15 18:31:14.156 24113 24141 I DialerSystemBlockedNumberPhoneLookupContributor: com.android.dialer.phonelookup.blockednumber.SystemBlockedNumberPhoneLookupContributor.getMostRecentInfo:104 getMostRecentInfo

12-15 18:31:14.155 24113 24141 I DialerDialerBlockedNumberPhoneLookupContributor: com.android.dialer.phonelookup.blockednumber.DialerBlockedNumberPhoneLookupContributor.getMostRecentInfo:99 getMostRecentInfo

12-15 18:31:14.138   902   902 D CentralSurfaces: Received new disable state: enaihbcrso.qingr (unchanged)

12-15 18:31:14.133 24113 24135 I DialerSystemCallLogUpdater: com.android.dialer.calllog.refresh.impl.SystemCallLogUpdater.updateSystemCallLog:209 updated 1 rows

12-15 18:31:14.128 24113 24141 I DialerSystemCallLogDataSource: com.android.dialer.calllog.datasources.systemcalllog.SystemCallLogDataSource.lambda$handleDeletes$6:681 found 0 call log entries to remove

12-15 18:31:14.128 24113 24147 I DialerSuggestContactsGlobalContentObserver: com.android.dialer.suggestcontacts.impl.SuggestContactsGlobalContentObserver$1$1.onSuccess:63 successfully calculated and saved score

12-15 18:31:14.114   660   849 I AS.AudioDeviceInventory: setPreferredDevicesForStrategySync, strategy: 15 devices: [AudioDeviceAttributes: role:output type:speaker addr: name:sdk_gphone64_x86_64 profiles:[] descriptors:[]]

12-15 18:31:14.112 24113 24147 I DialerAnnotatedCallLogRefreshRequestRegulator: com.android.dialer.calllog.refresh.impl.AnnotatedCallLogRefreshRequestRegulator.throttle:106 merge the request into the pending request as a previous refresh is still in progress

12-15 18:31:14.112 24113 24147 I DialerAnnotatedCallLogRefreshRequestRegulator: com.android.dialer.calllog.refresh.impl.AnnotatedCallLogRefreshRequestRegulator.throttle:84 throttle

12-15 18:31:14.112 24113 24147 I DialerAnnotatedCallLogRefreshStarterImpl: com.android.dialer.calllog.refresh.impl.AnnotatedCallLogRefreshStarterImpl.refreshWithoutDirtyCheck:48 refreshWithoutDirtyCheck

12-15 18:31:14.111 24113 24147 I DialerSystemCallLogGlobalContentObserver: com.android.dialer.calllog.datasources.systemcalllog.SystemCallLogGlobalContentObserver$1.traceWrappedOnChange:47 change detected, selfChange: false, URI: content://call_log/calls

12-15 18:31:14.107 24113 24142 I DialerSystemCallLogDataSource: com.android.dialer.calllog.datasources.systemcalllog.SystemCallLogDataSource.handleInsertsAndUpdatesInternal:411 no results for CALL_IN_DIRECT_BOOT_MODE

12-15 18:31:14.105 24113 24141 I DialerSystemCallLogDataSource: com.android.dialer.calllog.datasources.systemcalllog.SystemCallLogDataSource.handleInsertsAndUpdatesInternal:417 found 23 entries for REGULAR_CALL

12-15 18:31:14.104 24113 24147 I DialerFrequentsSuggestContacts: com.android.dialer.suggestcontacts.impl.FrequentsSuggestContacts.calculateAndSaveScore:301 calculateAndSaveScore

12-15 18:31:14.104 24113 24147 I DialerSuggestContactsGlobalContentObserver: com.android.dialer.suggestcontacts.impl.SuggestContactsGlobalContentObserver$1.traceWrappedOnChange:54 change detected, selfChange: false, URI: content://call_log/calls

12-15 18:31:14.087 24113 24147 I DialerSystemCallLogDataSource: com.android.dialer.calllog.datasources.systemcalllog.SystemCallLogDataSource.lambda$fill$2:207 found 23 existing annotated call log ids

12-15 18:31:14.078 24113 24147 I DialerRefreshAnnotatedCallLogWorker: com.android.dialer.calllog.refresh.impl.RefreshAnnotatedCallLogWorker.lambda$checkDirtyAndRebuildIfNecessary$2:137 isDirty: true

12-15 18:31:14.072 24113 24149 I DialerRefreshAnnotatedCallLogWorker: com.android.dialer.calllog.refresh.impl.RefreshAnnotatedCallLogWorker.refresh:109 submitting serialized refresh request

12-15 18:31:14.071 24113 24149 I DialerAnnotatedCallLogRefreshRequestRegulator: com.android.dialer.calllog.refresh.impl.AnnotatedCallLogRefreshRequestRegulator.throttle:123 start refreshing, checkDirty=false

12-15 18:31:14.071 24113 24149 I DialerAnnotatedCallLogRefreshRequestRegulator: com.android.dialer.calllog.refresh.impl.AnnotatedCallLogRefreshRequestRegulator.throttle:84 throttle

12-15 18:31:14.071 24113 24149 I DialerAnnotatedCallLogRefreshRequestRegulator: com.android.dialer.calllog.refresh.impl.AnnotatedCallLogRefreshRequestRegulator$1.onSuccess:142 start refreshing for the pending request

12-15 18:31:14.071 24113 24149 I DialerLogcatLoggingBindings: com.android.dialer.logging.logcat.LogcatLoggingBindings.logImpression:41 Impression: ANNOTATED_CALL_LOG_FORCE_REFRESH_CHANGES_NEEDED

12-15 18:31:14.059 24113 24141 I DialerCallerIdFeedbackPhoneLookupContributor: com.android.dialer.calleridfeedback.impl.phonelookup.CallerIdFeedbackPhoneLookupContributor.onSuccessfulBulkUpdate:133 Writing timestampOfLastCallerIdFeedbackLookup : 1671109273743

12-15 18:31:14.031 24113 24135 I DialerSystemCallLogUpdater: com.android.dialer.calllog.refresh.impl.SystemCallLogUpdater.getCallTypeUpdates:182 There are no system call log mutations

12-15 18:31:14.028 24113 24137 I DialerCoalescedRowsUpdatedNotifier: com.android.dialer.calllog.coalescer.CoalescedRowsUpdatedNotifier.notifyForCallLogAllCalls:57 notifyForCallLogAllCalls

12-15 18:31:14.028 24113 24135 I DialerCoalescedRowsDao: com.android.dialer.calllog.coalescer.CoalescedRowsDao.save:167 finished writing coalesced_rows_for_all_calls

12-15 18:31:14.027 24113 24137 I DialerCoalescedRowsUpdatedNotifier: com.android.dialer.calllog.coalescer.CoalescedRowsUpdatedNotifier.notifyForConversationHistory:79 notifyForConversationHistory

12-15 18:31:14.025 24113 24135 I DialerCoalescedRowsDao: com.android.dialer.calllog.coalescer.CoalescedRowsDao.save:162 start writing coalesced_rows_for_all_calls

12-15 18:31:14.025 24113 24149 I DialerCoalescedRowsDao: com.android.dialer.calllog.coalescer.CoalescedRowsDao.save:167 finished writing coalesced_rows_for_conversation_history_all_calls

12-15 18:31:14.024 24113 24137 I DialerCoalescedRowsUpdatedNotifier: com.android.dialer.calllog.coalescer.CoalescedRowsUpdatedNotifier.notifyForCallLogMissedCalls:68 notifyForCallLogMissedCalls

12-15 18:31:14.023 24113 24142 I DialerCoalescedRowsDao: com.android.dialer.calllog.coalescer.CoalescedRowsDao.save:167 finished writing coalesced_rows_for_missed_calls

12-15 18:31:14.022   660   849 I AS.AudioDeviceInventory: setPreferredDevicesForStrategySync, strategy: 18 devices: [AudioDeviceAttributes: role:output type:speaker addr: name:sdk_gphone64_x86_64 profiles:[] descriptors:[]]

12-15 18:31:14.020 24113 24142 I DialerCoalescedRowsDao: com.android.dialer.calllog.coalescer.CoalescedRowsDao.save:162 start writing coalesced_rows_for_missed_calls

12-15 18:31:14.020 24113 24149 I DialerCoalescedRowsDao: com.android.dialer.calllog.coalescer.CoalescedRowsDao.save:162 start writing coalesced_rows_for_conversation_history_all_calls

12-15 18:31:14.020 24113 24137 I DialerCoalescedRowsDao: com.android.dialer.calllog.coalescer.CoalescedRowsDao.saveToFileForMissedCalls:121 saveToFileForMissedCalls

12-15 18:31:14.019 24113 24137 I DialerCoalescedRowsDao: com.android.dialer.calllog.coalescer.CoalescedRowsDao.saveToFileForAllCalls:101 saveToFileForAllCalls

12-15 18:31:14.017 24113 24137 I DialerCoalescedRowsDao: com.android.dialer.calllog.coalescer.CoalescedRowsDao.saveToFileForAllCallsInConversationHistory:142 saveToFileForAllCallsInConversationHistory

12-15 18:31:14.016 24113 24142 I DialerCallHistoryCoalescer: com.android.dialer.calllog.coalescer.CallHistoryCoalescer.coalesceInternal:202 coalesceInternal

12-15 18:31:14.000 24113 24149 I DialerCallHistoryCoalescer: com.android.dialer.calllog.coalescer.CallHistoryCoalescer.coalesceInternal:202 coalesceInternal

12-15 18:31:13.979 24113 24147 I DialerCallRecordingDataSource: com.android.dialer.callrecording.impl.calllog.CallRecordingDataSource.onSuccessfulFill:219 enter

12-15 18:31:13.979 24113 24137 I DialerCallHistoryCoalescer: com.android.dialer.calllog.coalescer.CallHistoryCoalescer.coalesceWithSelection:164 coalesceWithSelection

12-15 18:31:13.977 24113 24142 I DialerConversationHistoryCoalescer: com.android.dialer.calllog.coalescer.ConversationHistoryCoalescer.coalesceInternal:124 coalesceInternal

12-15 18:31:13.976 24113 24137 I DialerCallHistoryCoalescer: com.android.dialer.calllog.coalescer.CallHistoryCoalescer.coalesceWithSelection:164 coalesceWithSelection

12-15 18:31:13.976 24113 24137 I DialerCallHistoryCoalescer: com.android.dialer.calllog.coalescer.CallHistoryCoalescer.coalesce:107 coalesce

12-15 18:31:13.975 24113 24139 I DialerConversationHistoryCoalescer: com.android.dialer.calllog.coalescer.ConversationHistoryCoalescer.coalesce:99 coalesce

12-15 18:31:13.951 24113 24147 I DialerPrivate: com.android.dialer.businessvoice.verifiedcall.impl.production.VerificationInternalProducerModule.produceBusinessLogo:92 Business logo url is not accessible

12-15 18:31:13.949 24113 24139 I DialerPrivate: 	... 8 more

12-15 18:31:13.949 24113 24139 I DialerPrivate: 	at rth.a(PG:3)

12-15 18:31:13.949 24113 24139 I DialerPrivate: 	at bqb.a(PG:9)

12-15 18:31:13.949 24113 24139 I DialerPrivate: Caused by: ckd: UNSPECIFIED

12-15 18:31:13.949 24113 24139 I DialerPrivate: 	at java.lang.Thread.run(Thread.java:1012)

12-15 18:31:13.949 24113 24139 I DialerPrivate: 	at ncr.run(PG:5)

12-15 18:31:13.949 24113 24139 I DialerPrivate: 	at ncf.run(PG:30)

12-15 18:31:13.949 24113 24139 I DialerPrivate: 	at ncf.run(PG:18)

12-15 18:31:13.949 24113 24139 I DialerPrivate: 	at nde.run(PG:19)

12-15 18:31:13.949 24113 24139 I DialerPrivate: 	at ndc.run(PG:4)

12-15 18:31:13.949 24113 24139 I DialerPrivate: 	at rst.run(PG:9)

12-15 18:31:13.949 24113 24139 I DialerPrivate: 	at rsr.c(PG:2)

12-15 18:31:13.949 24113 24139 I DialerPrivate: 	at tug.a(PG:2)

12-15 18:31:13.949 24113 24139 I DialerPrivate: 	at cjj.b(PG:26)

12-15 18:31:13.949 24113 24139 I DialerPrivate: 	at ttw.a(Unknown Source:4)

12-15 18:31:13.949 24113 24139 I DialerPrivate: java.util.concurrent.ExecutionException: ckd: UNSPECIFIED

12-15 18:31:13.949 24113 24139 I DialerPrivate: com.android.dialer.businessvoice.verifiedcall.impl.production.VerificationInternalProducerModule.produceVerificationResponse:147 failed to produce standalone pull response

12-15 18:31:13.949 24113 24139 I DialerPrivate: 	... 8 more

12-15 18:31:13.949 24113 24139 I DialerPrivate: 	at rth.a(PG:3)

12-15 18:31:13.949 24113 24139 I DialerPrivate: 	at cgl.a(PG:96)

12-15 18:31:13.949 24113 24139 I DialerPrivate: Caused by: ckt: NOT_RECEIVED

12-15 18:31:13.949 24113 24139 I DialerPrivate: 	at java.lang.Thread.run(Thread.java:1012)

12-15 18:31:13.949 24113 24139 I DialerPrivate: 	at ncr.run(PG:5)

12-15 18:31:13.949 24113 24139 I DialerPrivate: 	at ncf.run(PG:30)

12-15 18:31:13.949 24113 24139 I DialerPrivate: 	at ncf.run(PG:18)

12-15 18:31:13.949 24113 24139 I DialerPrivate: 	at nde.run(PG:19)

12-15 18:31:13.949 24113 24139 I DialerPrivate: 	at ndc.run(PG:4)

12-15 18:31:13.949 24113 24139 I DialerPrivate: 	at rst.run(PG:9)

12-15 18:31:13.949 24113 24139 I DialerPrivate: 	at rsr.c(PG:2)

12-15 18:31:13.949 24113 24139 I DialerPrivate: 	at tug.a(PG:2)

12-15 18:31:13.949 24113 24139 I DialerPrivate: 	at cjj.b(PG:3)

12-15 18:31:13.949 24113 24139 I DialerPrivate: 	at ttw.a(Unknown Source:4)

12-15 18:31:13.949 24113 24139 I DialerPrivate: java.util.concurrent.ExecutionException: ckt: NOT_RECEIVED

12-15 18:31:13.949 24113 24139 I DialerPrivate: com.android.dialer.businessvoice.verifiedcall.impl.production.VerificationInternalProducerModule.produceVerificationResponse:126 failed to produce push verification response

12-15 18:31:13.949 24113 24140 I DialerPrivate: com.android.dialer.businessvoice.verifiedcall.impl.production.VerificationInternalProducerModule.producePullResponse:297 verified call not supported

12-15 18:31:13.948 24113 24139 I DialerPrivate: com.android.dialer.businessvoice.verifiedcall.impl.production.VerificationInternalProducerModule.produceIsVerifiedCallSupported:314 incoming number is not supported

12-15 18:31:13.946 24113 24139 I DialerCountryCodeProvider: com.android.dialer.businessvoice.verifiedcall.impl.i18n.CountryCodeProvider.getSimCountryCodeInternal:83 returning Redacted-2-chars

12-15 18:31:13.946 24113 24137 I DialerPrivate: com.android.dialer.businessvoice.verifiedcall.impl.production.VerificationInternalProducerModule.produceBusinessDisabledForLiftMetrics:332 A/B testing is not enabled

12-15 18:31:13.945 24113 24137 I DialerVCallLiftRateMetricsExperiment: com.android.dialer.businessvoice.verifiedcall.impl.VCallLiftRateMetricsExperiment.isEnabled:51 disabled.

12-15 18:31:13.928 24113 24140 I DialerAnnotatedCallLogRefreshRequestRegulator: com.android.dialer.calllog.refresh.impl.AnnotatedCallLogRefreshRequestRegulator.throttle:106 merge the request into the pending request as a previous refresh is still in progress

12-15 18:31:13.928 24113 24140 I DialerAnnotatedCallLogRefreshRequestRegulator: com.android.dialer.calllog.refresh.impl.AnnotatedCallLogRefreshRequestRegulator.throttle:84 throttle

12-15 18:31:13.928 24113 24140 I DialerAnnotatedCallLogRefreshStarterImpl: com.android.dialer.calllog.refresh.impl.AnnotatedCallLogRefreshStarterImpl.refreshWithoutDirtyCheck:48 refreshWithoutDirtyCheck

12-15 18:31:13.928 24113 24140 I DialerCallingNetworksImpl: com.android.dialer.callingnetworks.impl.CallingNetworksImpl.lambda$addCallingNetworksFromCall$3:281 No need to add WiFi/LTE info for Q+

12-15 18:31:13.928 24113 24140 I DialerCallingNetworksImpl: com.android.dialer.callingnetworks.impl.CallingNetworksImpl.getCallingNetworksAvailabilitySync:133 enable HD plus icon flag is disabled [CONTEXT ratelimit_period="1 MINUTES" ]

12-15 18:31:13.928 24113 24113 I DialerDialerBubbleController: com.android.dialer.incall.bubble.dialerbubble.DialerBubbleController.lambda$onCallGraphUpdated$1:90 IN_CALL_UPDATE_MONITORING: fire update in the ui thread

12-15 18:31:13.927 24113 24113 I DialerDialerBubbleController: com.android.dialer.incall.bubble.dialerbubble.DialerBubbleController.onCallGraphUpdated:79 IN_CALL_UPDATE_MONITORING: enter

12-15 18:31:13.927 24113 24113 I DialerTiktokDataServiceInCallUpdateListener: com.android.dialer.incall.core.dataservice.impl.TiktokDataServiceInCallUpdateListener.onCallGraphUpdated:30 IN_CALL_UPDATE_MONITORING: enter

12-15 18:31:13.927 24113 24113 I DialerInCallProductionComponentAuthorityImpl: com.android.dialer.incall.core.dataservice.impl.InCallProductionComponentAuthorityImpl.postNewPrimaryCallGraph:67 IN_CALL_UPDATE_MONITORING: start building new call graph

12-15 18:31:13.926 24113 24113 I DialerDialerBubbleController: com.android.dialer.incall.bubble.dialerbubble.DialerBubbleController.lambda$onCallGraphUpdated$1:90 IN_CALL_UPDATE_MONITORING: fire update in the ui thread

12-15 18:31:13.922 24113 24113 I DialerInCallUpdatePropagatorImpl: com.android.dialer.incall.core.dataservice.impl.InCallUpdatePropagatorImpl$1.onSuccess:77 IN_CALL_UPDATE_MONITORING: fire update in the ui thread

12-15 18:31:13.921 24113 24113 I DialerDialerBubbleController: com.android.dialer.incall.bubble.dialerbubble.DialerBubbleController.onCallGraphUpdated:79 IN_CALL_UPDATE_MONITORING: enter

12-15 18:31:13.921 24113 24113 I DialerTiktokDataServiceInCallUpdateListener: com.android.dialer.incall.core.dataservice.impl.TiktokDataServiceInCallUpdateListener.onCallGraphUpdated:30 IN_CALL_UPDATE_MONITORING: enter

12-15 18:31:13.920 24113 24113 I DialerInCallProductionComponentAuthorityImpl: com.android.dialer.incall.core.dataservice.impl.InCallProductionComponentAuthorityImpl.postNewPrimaryCallGraph:67 IN_CALL_UPDATE_MONITORING: start building new call graph

12-15 18:31:13.919 24113 24113 I DialerInCallPresenter: com.android.incallui.InCallPresenter.isActivityStarted:1416 inCallActivity == null

12-15 18:31:13.919 24113 24113 I DialerMotorolaInCallUiNotifier: com.android.incallui.MotorolaInCallUiNotifier.onStateChange:67 NO_CALLS to NO_CALLS

12-15 18:31:13.919 24113 24113 I DialerLegacyStatusBarNotifier: com.android.incallui.LegacyStatusBarNotifier.updateInCallNotification:275 canceling notification

12-15 18:31:13.919 24113 24113 I DialerInCallPresenter: com.android.incallui.InCallPresenter.dontAddToThisMethodOrYoullBeSorry:1029 Phone switching state: NO_CALLS -> NO_CALLS

12-15 18:31:13.916 24113 24113 I DialerCallList: com.android.incallui.call.CallList.lambda$updateCallInMap$7:895 Closing the InCall UI from UIThread

12-15 18:31:13.911 24113 24113 I DialerTelecomEventUiThreadBlockedTimer: com.android.incallui.TelecomEventUiThreadBlockedTimer.lambda$onEvent$0:58 InCallService.uiThreadBlockedByTelecomEvent.onCallRemoved blocked UI thread for 298.98 ms

12-15 18:31:13.911 24113 24113 I DialerTelecomEventUiThreadBlockedTimer: com.android.incallui.TelecomEventUiThreadBlockedTimer.lambda$onEvent$0:58 InCallService.uiThreadBlockedByTelecomEvent.onCallDestroyed blocked UI thread for 298.52 ms

12-15 18:31:13.909 24113 24113 I DialerInCallPresenter: com.android.incallui.InCallPresenter.isActivityStarted:1416 inCallActivity == null

12-15 18:31:13.909 24113 24113 I DialerMotorolaInCallUiNotifier: com.android.incallui.MotorolaInCallUiNotifier.onStateChange:67 NO_CALLS to NO_CALLS

12-15 18:31:13.909 24113 24113 I DialerLegacyStatusBarNotifier: com.android.incallui.LegacyStatusBarNotifier.updateInCallNotification:275 canceling notification

12-15 18:31:13.909 24113 24113 I DialerInCallPresenter: com.android.incallui.InCallPresenter.dontAddToThisMethodOrYoullBeSorry:1029 Phone switching state: NO_CALLS -> NO_CALLS

12-15 18:31:13.902 24113 24113 I DialerCallList: com.android.incallui.call.CallList.lambda$updateCallInMap$7:895 Closing the InCall UI from UIThread

12-15 18:31:13.902 24113 24137 I DialerCountryCodeProvider: com.android.dialer.businessvoice.verifiedcall.impl.i18n.CountryCodeProvider.getSimCountryCodeInternal:83 returning Redacted-2-chars

12-15 18:31:13.902 24113 24113 I DialerTelecomEventUiThreadBlockedTimer: com.android.incallui.TelecomEventUiThreadBlockedTimer.lambda$onEvent$0:58 InCallService.uiThreadBlockedByTelecomEvent.onDetailsChanged blocked UI thread for 297.66 ms

12-15 18:31:13.901 24113 24137 I DialerCountryCodeProvider: com.android.dialer.businessvoice.verifiedcall.impl.i18n.CountryCodeProvider.getSimCountryCodeInternal:83 returning Redacted-2-chars

12-15 18:31:13.901 24113 24113 I DialerInCallPresenter: com.android.incallui.InCallPresenter.isActivityStarted:1416 inCallActivity == null

12-15 18:31:13.899 24113 24113 I DialerMotorolaInCallUiNotifier: com.android.incallui.MotorolaInCallUiNotifier.sendInCallUiBroadcast:82 visiblility: false

12-15 18:31:13.899 24113 24113 I DialerMotorolaInCallUiNotifier: com.android.incallui.MotorolaInCallUiNotifier.onStateChange:67 INCALL to NO_CALLS

12-15 18:31:13.898 24113 24113 I DialerLegacyStatusBarNotifier: com.android.incallui.LegacyStatusBarNotifier.updateInCallNotification:275 canceling notification

12-15 18:31:13.898 24113 24113 I DialerInCallPresenter: com.android.incallui.InCallPresenter.dontAddToThisMethodOrYoullBeSorry:1029 Phone switching state: INCALL -> NO_CALLS

12-15 18:31:13.898 24113 24113 I DialerInCallPresenter: com.android.incallui.InCallPresenter.attemptFinishActivity:628 Hide in call UI: false

12-15 18:31:13.898 24113 24113 I DialerInCallPresenter: com.android.incallui.InCallPresenter.isActivityStarted:1416 inCallActivity == null

12-15 18:31:13.897 24113 24113 I Dialergcj: com.android.dialer.incall.scoobylogging.impl.ScoobyLoggingEnabledFn.isEnabled:26 disabled by tidepods metrics logging flag [CONTEXT ratelimit_period="1 MINUTES" ]

12-15 18:31:13.892 24113 24139 W DialerStandalonePullVerificationClient: 	at java.lang.Thread.run(Thread.java:1012)

12-15 18:31:13.892 24113 24139 W DialerStandalonePullVerificationClient: 	at ncr.run(PG:5)

12-15 18:31:13.892 24113 24139 W DialerStandalonePullVerificationClient: 	at ncf.run(PG:30)

12-15 18:31:13.892 24113 24139 W DialerStandalonePullVerificationClient: 	at ncf.run(PG:18)

12-15 18:31:13.892 24113 24139 W DialerStandalonePullVerificationClient: 	at nde.run(PG:19)

12-15 18:31:13.892 24113 24139 W DialerStandalonePullVerificationClient: 	at ndc.run(PG:4)

12-15 18:31:13.892 24113 24139 W DialerStandalonePullVerificationClient: 	at rst.run(PG:9)

12-15 18:31:13.892 24113 24139 W DialerStandalonePullVerificationClient: 	at rsr.c(PG:2)

12-15 18:31:13.892 24113 24139 W DialerStandalonePullVerificationClient: 	at rth.a(PG:3)

12-15 18:31:13.892 24113 24139 W DialerStandalonePullVerificationClient: 	at bqb.a(PG:9)

12-15 18:31:13.892 24113 24139 W DialerStandalonePullVerificationClient: ckd: UNSPECIFIED

12-15 18:31:13.892 24113 24139 W DialerStandalonePullVerificationClient: com.android.dialer.businessvoice.verifiedcall.impl.pull.StandalonePullVerificationClient.lambda$getResponse$1:94 error retrieving response

12-15 18:31:13.891 24113 24140 I DialerCountryCodeProvider: com.android.dialer.businessvoice.verifiedcall.impl.i18n.CountryCodeProvider.getSimCountryCodeInternal:83 returning Redacted-2-chars

12-15 18:31:13.891 24113 24140 I DialerStandalonePullVerificationClient: com.android.dialer.businessvoice.verifiedcall.impl.pull.StandalonePullVerificationClient.lambda$getResponse$0:76 no standalone pull response found

12-15 18:31:13.890 24113 24147 I DialerCountryCodeProvider: com.android.dialer.businessvoice.verifiedcall.impl.i18n.CountryCodeProvider.getSimCountryCodeInternal:83 returning Redacted-2-chars

12-15 18:31:13.887 24113 24147 I DialerDisplayStateTracker: com.android.dialer.incall.proximitysensor.impl.incall.DisplayStateTracker.lambda$unregisterCall$1:136 unregistering displayListener

12-15 18:31:13.885 24113 24113 I DialerInCallProximityCallScopedController: com.android.dialer.incall.proximitysensor.impl.incall.InCallProximityCallScopedController.onCallScopeRemoved:49 unregistering DialerCall_7 from DisplayStateTracker and AccelerometerTracker.

12-15 18:31:13.885 24113 24113 I DialerFeedbackNotificationController: com.android.dialer.transcriptaudiofeedback.impl.notification.FeedbackNotificationController.onCallScopeRemoved:80 notification suppressed

12-15 18:31:13.885 24113 24113 I DialerFeedbackNotificationController: com.android.dialer.transcriptaudiofeedback.impl.notification.FeedbackNotificationController.onCallScopeRemoved:77 Call scope removed

12-15 18:31:13.883 24113 24113 I DialerCountryCodeProvider: com.android.dialer.businessvoice.verifiedcall.impl.i18n.CountryCodeProvider.getSimCountryCodeInternal:83 returning Redacted-2-chars

12-15 18:31:13.880 24113 24113 I DialerTimeKeeperEnabledFn: com.android.dialer.timekeeper.impl.TimeKeeperEnabledFn.isEnabled:29 disabled by flag [CONTEXT ratelimit_period="1 MINUTES" ]

12-15 18:31:13.879 24113 24113 I DialerCountryCodeProvider: com.android.dialer.businessvoice.verifiedcall.impl.i18n.CountryCodeProvider.getSimCountryCodeInternal:83 returning Redacted-2-chars

12-15 18:31:13.876 24113 24137 I DialerLegacyCountryDetector: com.android.dialer.location.LegacyCountryDetector.getCurrentCountryIso:131 returning Redacted-2-chars

12-15 18:31:13.870 24113 24137 I DialerFirebaseAnalyticsLoggerEnabledFn: com.android.dialer.firebaseanalytics.impl.FirebaseAnalyticsLoggerEnabledFn.isEnabled:32 disabled by flag [CONTEXT ratelimit_period="1 MINUTES [skipped: 1]" ]

12-15 18:31:13.868 24113 24135 I DialerMutationApplier: com.android.dialer.calllog.database.MutationApplier.applyToDatabaseInternal:89 updating 22 rows

12-15 18:31:13.867 24113 24135 I DialerMutationApplier: com.android.dialer.calllog.database.MutationApplier.applyToDatabaseInternal:76 inserting 1 rows

12-15 18:31:13.857 24113 24113 I DialerCountryCodeProvider: com.android.dialer.businessvoice.verifiedcall.impl.i18n.CountryCodeProvider.getSimCountryCodeInternal:83 returning Redacted-2-chars

12-15 18:31:13.856 24113 24113 I DialerCallList: com.android.incallui.call.CallList.lambda$updateCallInMap$7:895 Closing the InCall UI from UIThread

12-15 18:31:13.856 24113 24113 I DialerInCallUpdatePropagatorImpl: com.android.dialer.incall.core.dataservice.impl.InCallUpdatePropagatorImpl$1.onSuccess:77 IN_CALL_UPDATE_MONITORING: fire update in the ui thread

12-15 18:31:13.855 24113 24113 I DialerTelecomEventUiThreadBlockedTimer: com.android.incallui.TelecomEventUiThreadBlockedTimer.lambda$onEvent$0:58 InCallService.uiThreadBlockedByTelecomEvent.onStateChange blocked UI thread for 314.75 ms

12-15 18:31:13.854 24113 24113 I DialerTelecomEventUiThreadBlockedTimer: com.android.incallui.TelecomEventUiThreadBlockedTimer.lambda$onEvent$0:58 InCallService.uiThreadBlockedByTelecomEvent blocked UI thread for 314.43 ms

12-15 18:31:13.853 24113 24113 I DialerDialerCall: com.android.incallui.call.DialerCall.onRemovedFromCallList:2238 onRemovedFromCallList

12-15 18:31:13.853 24113 24113 W DialerCallList: com.android.incallui.call.CallList.onCallRemoved:547 Removing call not previously disconnected DialerCall_7

12-15 18:31:13.853 24113 24139 I DialerCallList: com.android.incallui.call.CallList.lambda$updateCallInMap$6:889 Timeout expired, finish the disconnected call

12-15 18:31:13.837 24113 24113 I DialerCanRecord: com.android.dialer.callrecording.impl.canrecord.CanRecord.canRecordCall:74 Call recording is disabled in the current country

12-15 18:31:13.837 24113 24113 I DialerLocaleProvider: com.android.dialer.callrecording.impl.localeprovider.LocaleProvider.getSupportedLocaleFromCountryCode:168 country US not supported by TTS

12-15 18:31:13.837 24113 24113 I DialerLocaleProvider: com.android.dialer.callrecording.impl.localeprovider.LocaleProvider.getSupportedLocaleFromCountryCode:158 checking whether country is supported by TTS for start/end audio

12-15 18:31:13.836 24113 24113 I DialerLocaleProvider: com.android.dialer.callrecording.impl.localeprovider.LocaleProvider.getSupportedLocaleFromCountryCode:168 country US not supported by builtInAudio

12-15 18:31:13.836 24113 24113 I DialerLocaleProvider: com.android.dialer.callrecording.impl.localeprovider.LocaleProvider.getSupportedLocaleFromCountryCode:158 checking whether country is supported by builtInAudio for start/end audio

12-15 18:31:13.835 24113 24113 I DialerLegacyCountryDetector: com.android.dialer.location.LegacyCountryDetector.getCurrentPhysicalCountryIso:174 returning Redacted-2-chars

12-15 18:31:13.831 24113 24113 I DialerLocaleProvider: com.android.dialer.callrecording.impl.localeprovider.LocaleProvider.getNetworkCountryMatchesSimCountryInternal:147 NetworkCountryCode: US, SimCountryIso: US

12-15 18:31:13.831 24113 24139 I DialerCallRecordingInfoStorageAsyncSqlite: com.android.dialer.callrecording.impl.storage.CallRecordingInfoStorageAsyncSqlite.deleteCallLogInitiated:472 enter

12-15 18:31:13.830 24113 24113 I DialerLegacyCallRecordingEnabledFn: com.android.incallui.callrecording.impl.LegacyCallRecordingEnabledFn.isEnabled:49 tidepods voice and tidepods call recording are both enabled [CONTEXT ratelimit_period="1 MINUTES" ]

12-15 18:31:13.829 24113 24137 I DialerCallRecordingDataSource: com.android.dialer.callrecording.impl.calllog.CallRecordingDataSource.handleDeletesFromAnnotatedCallLog:152 enter

12-15 18:31:13.829 24113 24113 W Settings: Setting apply_ramping_ringer has moved from android.provider.Settings.Global to android.provider.Settings.System, returning read-only value.

12-15 18:31:13.828 24113 24142 I DialerCallRecordingDataSource: com.android.dialer.callrecording.impl.calllog.CallRecordingDataSource.lambda$getAnnotatedCallLogIdsToCallRecordingInfoMap$13:333 lastSyncedCallRecordingInfoTimestamp 0

12-15 18:31:13.828   660   849 I AS.AudioDeviceInventory: setPreferredDevicesForStrategySync, strategy: 15 devices: [AudioDeviceAttributes: role:output type:speaker addr: name:sdk_gphone64_x86_64 profiles:[] descriptors:[]]

12-15 18:31:13.828 24113 24140 I DialerCallRecordingDataSourceStatusService: com.android.dialer.callrecording.impl.calllog.CallRecordingDataSourceStatusService.lambda$getTimestampOfLastSyncedCallRecordingInfoMillis$6:117 lastSyncedCallRecordingInfoTimestamp 0

12-15 18:31:13.824   660   849 I AS.AudioDeviceBroker: setCommunicationRouteForClient for pid: 660 device: AudioDeviceAttributes: role:output type:speaker addr: name:sdk_gphone64_x86_64 profiles:[] descriptors:[] from API: setCommunicationDevice() from u/pid:1000/660

12-15 18:31:13.823   660   849 I AS.AudioDeviceBroker: setCommunicationRouteForClient for pid: 660 device: AudioDeviceAttributes: role:output type:speaker addr: name:sdk_gphone64_x86_64 profiles:[] descriptors:[] from API: setNewModeOwner

12-15 18:31:13.816 28182 28192 W ggerapplication: Suspending all threads took: 6.012ms

12-15 18:31:13.808 24113 24147 I DialerCallRecordingDataSource: com.android.dialer.callrecording.impl.calllog.CallRecordingDataSource.handleInsertsAndUpdatesFromAnnotatedCallLog:112 enter

12-15 18:31:13.807 24113 24147 I DialerCallRecordingDataSource: com.android.dialer.callrecording.impl.calllog.CallRecordingDataSource.fill:97 enter

12-15 18:31:13.794 24113 24147 I DialerCallingNetworksStorage: com.android.dialer.callingnetworks.impl.CallingNetworksStorage.deleteAllMatching:301 Nothing to delete

12-15 18:31:13.792 24113 24135 I DialerCompositeSpam: com.android.dialer.spam.composite.CompositeSpam.lambda$batchDeleteCallSpamStatus$2:212 deleted 0 rows

12-15 18:31:13.787 24113 24137 I DialerSpamCallDataSource: com.android.dialer.calllog.datasources.spamcall.SpamCallDataSource.handleInserts:87 handleInserts

12-15 18:31:13.787 24113 24137 I DialerSpamCallDataSource: com.android.dialer.calllog.datasources.spamcall.SpamCallDataSource.fill:81 fill

12-15 18:31:13.776   660   849 I AS.AudioDeviceInventory: setPreferredDevicesForStrategySync, strategy: 18 devices: [AudioDeviceAttributes: role:output type:speaker addr: name:sdk_gphone64_x86_64 profiles:[] descriptors:[]]

12-15 18:31:13.765 24113 24139 I DialerFixedDialingNumberPhoneLookupContributor: com.android.dialer.fixeddialingnumber.impl.phonelookup.FixedDialingNumberPhoneLookupContributor.lambda$getFdnListFromUri$6:235 empty cursor

12-15 18:31:13.758 24113 24124 W System  : A resource failed to call CursorWrapperInner.close. 

12-15 18:31:13.733 24113 24135 I DialerLegacyCountryDetector: com.android.dialer.location.LegacyCountryDetector.getCurrentCountryIso:131 returning Redacted-2-chars

12-15 18:31:13.724 24113 24122 I .android.dialer: Background young concurrent copying GC freed 245619(7401KB) AllocSpace objects, 6(248KB) LOS objects, 35% free, 11MB/17MB, paused 1.430ms,27us total 145.952ms

12-15 18:31:13.718 24113 24135 I DialerSystemBlockedNumberPhoneLookupContributor: com.android.dialer.phonelookup.blockednumber.SystemBlockedNumberPhoneLookupContributor.getMostRecentInfo:104 getMostRecentInfo

12-15 18:31:13.718 24113 24135 I DialerDialerBlockedNumberPhoneLookupContributor: com.android.dialer.phonelookup.blockednumber.DialerBlockedNumberPhoneLookupContributor.getMostRecentInfo:99 getMostRecentInfo

12-15 18:31:13.711 24113 24139 I DialerSafetyhubEmergencyCallDataSender: com.android.dialer.autoassistedemergencycall.safetyhub.impl.service.SafetyhubEmergencyCallDataSender.lambda$sendDataBackToSafetyHub$2:103 Unable to send data back - not car crash or emergency sos emergency

12-15 18:31:13.710 24113 24139 I DialerSafetyHubAutoAssistedEmergencyCallDataParser: com.android.dialer.autoassistedemergencycall.impl.SafetyHubAutoAssistedEmergencyCallDataParser.getAutoAssistedEmergencyCallData:57 Failed to return data - bundle does not contain Assisted emergency call data

12-15 18:31:13.706 24113 24135 I DialerSystemCallLogDataSource: com.android.dialer.calllog.datasources.systemcalllog.SystemCallLogDataSource.lambda$handleDeletes$6:681 found 0 call log entries to remove

12-15 18:31:13.698 24113 24140 I DialerInCallLoggingImpl: com.android.dialer.incall.logging.impl.InCallLoggingImpl.logImpression:60 InCall-Impression: INCOMING_NON_SPAM_CALL, CallId: DialerCall_7

12-15 18:31:13.696 24113 24137 W DialerRingingManager: com.android.dialer.ringing.RingingManager.stopRinging:272 Null ringtone. Was stopRinging called without calling startRinging?

12-15 18:31:13.696 24113 24137 I DialerRingingManager: com.android.dialer.ringing.RingingManager.stopRinging:261 enter

12-15 18:31:13.694 24113 24147 I DialerRttCallMessagesCache: com.android.dialer.incall.rtt.service.RttCallMessagesCache.saveTranscript:203 Transcript not saved. No messages available.

12-15 18:31:13.694 24113 24135 I DialerRttCallMessageReceiver: com.android.dialer.incall.rtt.service.RttCallMessageReceiver.lambda$readRemoteRttMessage$2:108 RTT call is null.

12-15 18:31:13.694 24113 24139 I DialerSafetyhubEmergencyCallDataSender: com.android.dialer.autoassistedemergencycall.safetyhub.impl.service.SafetyhubEmergencyCallDataSender.sendDataBackToSafetyHub:89 sending data to SafetyHub

12-15 18:31:13.691 24113 24149 I DialerSystemCallLogDataSource: com.android.dialer.calllog.datasources.systemcalllog.SystemCallLogDataSource.handleInsertsAndUpdatesInternal:417 found 23 entries for REGULAR_CALL

12-15 18:31:13.689 24113 24147 I Dialerido: com.android.dialer.spamnotification.impl.service.SpamProducerModule.produceShouldShowAfterCallSpamNotification:86 Duration less or equals to zero [CONTEXT ratelimit_period="1 MINUTES" ]

12-15 18:31:13.688 24113 24147 I DialerSuggestContactsGlobalContentObserver: com.android.dialer.suggestcontacts.impl.SuggestContactsGlobalContentObserver$1$1.onSuccess:63 successfully calculated and saved score

12-15 18:31:13.688 24113 24142 I DialerSystemCallLogDataSource: com.android.dialer.calllog.datasources.systemcalllog.SystemCallLogDataSource.handleInsertsAndUpdatesInternal:411 no results for CALL_IN_DIRECT_BOOT_MODE

12-15 18:31:13.679   902   902 W TouchableRegionManager: onHeadsUpPinnedModeChanged

12-15 18:31:13.673   902  1109 D EGL_emulation: app_time_stats: avg=19981.26ms min=19981.26ms max=19981.26ms count=1

12-15 18:31:13.658 24113 24147 I DialerSystemCallLogDataSource: com.android.dialer.calllog.datasources.systemcalllog.SystemCallLogDataSource.lambda$fill$2:207 found 22 existing annotated call log ids

12-15 18:31:13.657 23711 23991 W SQLiteLog: (28) double-quoted string literal: ""

12-15 18:31:13.656 23711 23991 W SQLiteLog: (28) double-quoted string literal: ""

12-15 18:31:13.632 24113 24137 I DialerRefreshAnnotatedCallLogWorker: com.android.dialer.calllog.refresh.impl.RefreshAnnotatedCallLogWorker.lambda$checkDirtyAndRebuildIfNecessary$2:137 isDirty: true

12-15 18:31:13.632 24113 24147 I DialerRefreshAnnotatedCallLogWorker: com.android.dialer.calllog.refresh.impl.RefreshAnnotatedCallLogWorker.refresh:109 submitting serialized refresh request

12-15 18:31:13.632 24113 24147 I DialerAnnotatedCallLogRefreshRequestRegulator: com.android.dialer.calllog.refresh.impl.AnnotatedCallLogRefreshRequestRegulator.throttle:123 start refreshing, checkDirty=false

12-15 18:31:13.632 24113 24147 I DialerAnnotatedCallLogRefreshRequestRegulator: com.android.dialer.calllog.refresh.impl.AnnotatedCallLogRefreshRequestRegulator.throttle:84 throttle

12-15 18:31:13.631 24113 24139 I DialerVideoTypePickerEnabledFn: com.android.dialer.videotypepicker.impl.VideoTypePickerEnabledFn.isEnabled:32 feature is not enabled [CONTEXT ratelimit_period="1 MINUTES" ]

12-15 18:31:13.627 24113 24147 I DialerAnnotatedCallLogRefreshStarterImpl: com.android.dialer.calllog.refresh.impl.AnnotatedCallLogRefreshStarterImpl.refreshWithoutDirtyCheck:48 refreshWithoutDirtyCheck

12-15 18:31:13.626 24113 24147 I DialerSystemCallLogGlobalContentObserver: com.android.dialer.calllog.datasources.systemcalllog.SystemCallLogGlobalContentObserver$1.traceWrappedOnChange:47 change detected, selfChange: false, URI: content://call_log/calls

12-15 18:31:13.625 24113 24113 I DialerDuoKitImpl: com.android.dialer.duo.impl.DuoKitImpl.isActivated:152 cachedApiProviderAvailability is unknown

12-15 18:31:13.625 24113 24139 I DialerXatuEnabledFn: com.android.dialer.xatu.impl.XatuEnabledFn.isEnabled:33 disabled by flag [CONTEXT ratelimit_period="1 MINUTES [skipped: 3]" ]

12-15 18:31:13.617 24113 24139 I DialerViltePresenceOptinEnabledFn: com.android.dialer.viltepresenceoptin.impl.ViltePresenceOptinEnabledFn.isEnabled:38 disabled by flag [CONTEXT ratelimit_period="1 MINUTES" ]

12-15 18:31:13.622   660   708 D ActivityManager: sync unfroze 23885 com.android.calllogbackup

12-15 18:31:13.617 24113 24139 I DialerRevelioEnabledFn: com.android.dialer.revelio.impl.RevelioEnabledFn.isEnabled:45 disabled by flag [CONTEXT ratelimit_period="1 MINUTES [skipped: 7]" ]

12-15 18:31:13.617 24113 24139 I DialerWarnForOutgoingCallsToBlockedNumbersPreCallActionImplEnabledFn: com.android.dialer.blocking.precall.impl.WarnForOutgoingCallsToBlockedNumbersPreCallActionImplEnabledFn.isEnabled:39 disabled by flag [CONTEXT ratelimit_period="1 MINUTES" ]

12-15 18:31:13.616 24113 24139 I DialerCountryCodeProvider: com.android.dialer.assisteddialing.CountryCodeProvider.<init>:55 Using country codes: {CA, ES, GB, IN, JP, US}

12-15 18:31:13.614  1089 28494 D CallNotifier: mSignalInfoToneGenerator created already, hence skipping

12-15 18:31:13.614  1089 28494 D CallNotifier: SignalInfoTonePlayer.run(toneId = 98)...

12-15 18:31:13.613   660  1268 I MediaFocusControl: abandonAudioFocus() from uid/pid 1000/660 clientId=AudioFocus_For_Phone_Ring_And_Calls

12-15 18:31:13.613   660  1268 I Telecom : CallAudioModeStateMachine: Abandoning audio focus: now UNFOCUSED: CSW.sDc->CAMSM.pM_1002->CARSM.pM_SWITCH_FOCUS->CAMSM.pM_6001(cap)@FFM

12-15 18:31:13.613   660  1268 I Telecom : CallAudioModeStateMachine: Message received: AUDIO_OPERATIONS_COMPLETE.: CSW.sDc->CAMSM.pM_1002->CARSM.pM_SWITCH_FOCUS->CAMSM.pM_6001(cap)@FFM

12-15 18:31:13.612  1089  1089 V Telephony: MSG_PRECISE_CALL_STATE_CHANGED

12-15 18:31:13.612 24113 24113 I DialerLegacyInCallServicePeer: com.android.incallui.LegacyInCallServicePeer.onCallRemoved:109 onCallRemoved

12-15 18:31:13.612  1089  1089 E MmTelFeatureConn [0]: ImsRegistrationCallbackAdapter: ImsRegistration is null

12-15 18:31:13.611 24113 24113 I DialerInCallPresenter: com.android.incallui.InCallPresenter.isActivityStarted:1416 inCallActivity == null

12-15 18:31:13.611 24113 24113 I DialerMotorolaInCallUiNotifier: com.android.incallui.MotorolaInCallUiNotifier.onStateChange:67 INCALL to INCALL

12-15 18:31:13.611 24113 24113 I DialerLegacyStatusBarNotifier: com.android.incallui.LegacyStatusBarNotifier.updateInCallNotification:275 canceling notification

12-15 18:31:13.611   660   849 I AS.AudioDeviceInventory: setPreferredDevicesForStrategySync, strategy: 15 devices: [AudioDeviceAttributes: role:output type:speaker addr: name:sdk_gphone64_x86_64 profiles:[] descriptors:[]]

12-15 18:31:13.610   660  1263 I Telecom : BluetoothRouteManager: getBluetoothAudioConnectedDevice: no service available.: CSW.sDc->CAMSM.pM_1002->CARSM.pM_SWITCH_FOCUS(cap)@FFM

12-15 18:31:13.610   660  1263 I Telecom : Logging.Events: Non-call EVENT: AUDIO_ROUTE, Entering state QuiescentSpeakerRoute: CSW.sDc->CAMSM.pM_1002->CARSM.pM_SWITCH_FOCUS(cap)@FFM

12-15 18:31:13.610   660  1263 I Telecom : Logging.Events: Non-call EVENT: AUDIO_ROUTE, Leaving state ActiveSpeakerRoute: CSW.sDc->CAMSM.pM_1002->CARSM.pM_SWITCH_FOCUS(cap)@FFM

12-15 18:31:13.609   660  1263 I Telecom : Logging.Events: Non-call EVENT: UNMUTE, null: CSW.sDc->CAMSM.pM_1002->CARSM.pM_SWITCH_FOCUS(cap)@FFM

12-15 18:31:13.608 24113 24140 I DialerCallQualityRatingDialogLauncher: com.android.dialer.callqualityrating.impl.service.CallQualityRatingDialogLauncher.shouldRequestFeedback:190 Feedback is not requested by CARRIERSERVICES.apk

12-15 18:31:13.607 24113 24147 I DialerCountryCodeProvider: com.android.dialer.businessvoice.verifiedcall.impl.i18n.CountryCodeProvider.getSimCountryCodeInternal:83 returning Redacted-2-chars

12-15 18:31:13.606 24113 24139 I DialerDisconnectPromptCallDisconnectedListener: com.android.dialer.disconnectprompt.service.DisconnectPromptCallDisconnectedListener.onCallDisconnected:46 onCallDisconnected

12-15 18:31:13.606 24113 24137 I DialerFrequentsSuggestContacts: com.android.dialer.suggestcontacts.impl.FrequentsSuggestContacts.calculateAndSaveScore:301 calculateAndSaveScore

12-15 18:31:13.606 24113 24137 I DialerSuggestContactsGlobalContentObserver: com.android.dialer.suggestcontacts.impl.SuggestContactsGlobalContentObserver$1.traceWrappedOnChange:54 change detected, selfChange: false, URI: content://call_log/calls

12-15 18:31:13.606 24113 24140 I DialerCallScopesImpl: com.android.dialer.incall.core.callscope.callscopes.impl.CallScopesImpl.getAudioAvailableCallScope:193 enter

12-15 18:31:13.606 24113 24140 I DialerCallList: com.android.incallui.call.CallList.lambda$updateCallInMap$6:889 Timeout expired, finish the disconnected call

12-15 18:31:13.606 24113 24113 I DialerContactInfoCache: com.android.incallui.ContactInfoCache.findInfo:329 findInfo

12-15 18:31:13.605 24113 24113 I DialerInCallPresenter: com.android.incallui.InCallPresenter.dontAddToThisMethodOrYoullBeSorry:1029 Phone switching state: INCALL -> INCALL

12-15 18:31:13.605 24113 24113 I DialerCallList: com.android.incallui.call.CallList.onUpdateCall:845 [DialerCall_7, DISCONNECTED, [Capabilities: CAPABILITY_SUPPORT_HOLD CAPABILITY_MUTE CAPABILITY_CANNOT_DOWNGRADE_VIDEO_TO_AUDIO], [Properties:], children:[], parent:null, conferenceable:[], videoState:Audio Only, SessionModificationState:0, CameraDir:-1]

12-15 18:31:13.605 24113 24113 I DialerDialerCall: com.android.incallui.call.DialerCall$VideoTechManager.getVideoTech:2762 tidepods video enabled, using empty video tech

12-15 18:31:13.605   660   660 D CompatibilityChangeReporter: Compat change id reported: 195579280; UID 1000; state: ENABLED

12-15 18:31:13.604   660   660 D CompatibilityChangeReporter: Compat change id reported: 175319604; UID 1000; state: ENABLED

12-15 18:31:13.604 24113 24113 I DialerDialerCall: com.android.incallui.call.DialerCall.updateCallTiming:1299 ignoring state transition from DISCONNECTED to DISCONNECTED. Duration would have changed from 0 to 0

12-15 18:31:13.604 24113 24113 I DialerDialerCall: com.android.incallui.call.DialerCall.updateFromTelecomCall:888 updateFromTelecomCall

12-15 18:31:13.604 24113 24113 I DialerInCallPresenter: com.android.incallui.InCallPresenter.isActivityStarted:1416 inCallActivity == null

12-15 18:31:13.603 24113 24113 I DialerMotoOlsonCliSupportEnabledFn: com.android.dialer.olson.impl.MotoOlsonCliSupportEnabledFn.isEnabled:49 disabled by flag [CONTEXT ratelimit_period="1 MINUTES [skipped: 2]" ]

12-15 18:31:13.603 24113 24113 I DialerPendingCallEnabledFn: com.android.dialer.pendingcall.impl.PendingCallEnabledFn.isEnabled:29 disabled by flag [CONTEXT ratelimit_period="1 MINUTES [skipped: 1]" ]

12-15 18:31:13.603 24113 24113 I DialerInCallPresenter: com.android.incallui.InCallPresenter.isActivityStarted:1416 inCallActivity == null

12-15 18:31:13.603 24113 24113 I DialerMotorolaInCallUiNotifier: com.android.incallui.MotorolaInCallUiNotifier.onStateChange:67 INCOMING to INCALL

12-15 18:31:13.587 24113 24113 I DialerLegacyStatusBarNotifier: com.android.incallui.LegacyStatusBarNotifier.updateInCallNotification:275 canceling notification

12-15 18:31:13.586 24113 24121 I .android.dialer: JIT allocated 59KB for compiled code of java.lang.Object bnm.c()

12-15 18:31:13.581 24113 24113 I DialerContactInfoCache: com.android.incallui.ContactInfoCache.findInfo:329 findInfo

12-15 18:31:13.581 24113 24113 I DialerInCallPresenter: com.android.incallui.InCallPresenter.dontAddToThisMethodOrYoullBeSorry:1029 Phone switching state: INCOMING -> INCALL

12-15 18:31:13.581 24113 24113 I DialerInCallPresenter: com.android.incallui.InCallPresenter.isActivityStarted:1416 inCallActivity == null

12-15 18:31:13.581 24113 24140 I DialerCallList: com.android.incallui.call.CallList.lambda$updateCallInMap$6:889 Timeout expired, finish the disconnected call

12-15 18:31:13.581 24113 24113 I DialerCallList: com.android.incallui.call.CallList$DialerCallListenerImpl.onDialerCallDisconnect:1069 [DialerCall_7, DISCONNECTED, [Capabilities: CAPABILITY_SUPPORT_HOLD CAPABILITY_MUTE CAPABILITY_CANNOT_DOWNGRADE_VIDEO_TO_AUDIO], [Properties:], children:[], parent:null, conferenceable:[], videoState:Audio Only, SessionModificationState:0, CameraDir:-1]

12-15 18:31:13.581 24113 24113 I DialerDialerCall: com.android.incallui.call.DialerCall$VideoTechManager.getVideoTech:2762 tidepods video enabled, using empty video tech

12-15 18:31:13.578 24113 24140 I DialerCallQualityRatingDialogLauncher: com.android.dialer.callqualityrating.impl.service.CallQualityRatingDialogLauncher.lambda$unregisterReceiver$1:115 Unregistered FeedbackRequestReceiver

12-15 18:31:13.578   660 14032 I Telecom : PhoneAccountRegistrar: getSimCallManager: SimCallManager for subId 1 queried, returning: null

12-15 18:31:13.574   660 14032 D CompatibilityChangeReporter: Compat change id reported: 183407956; UID 1000; state: ENABLED

12-15 18:31:13.573   660   660 D MediaSessionService: Global priority session is updated, active=false

12-15 18:31:13.572   660   660 I Telecom : IncomingCallNotifier: updateIncomingCall: foundIncomingcall = null: CSW.rC->CM.pR(cap)@FFc

12-15 18:31:13.571   660   660 I Telecom : TelecomWakeLock: WakeLock already released with id: 32: CSW.rC->CM.pR(cap)@FFc

12-15 18:31:13.571   660   660 I Telecom : ProximitySensorManager: All calls removed, resetting proximity sensor to default state: CSW.rC->CM.pR(cap)@FFc

12-15 18:31:13.568   660   660 W Telecom : CallDiagnosticServiceController: maybeUnbindCallScreeningService - already unbound: CSW.rC->CM.pR(cap)@FFc

12-15 18:31:13.569 24113 24147 W DialerCallNetworkPsdIntegration: com.android.dialer.callrecording.psd.CallNetworkPsdIntegration.telephonyNetworkTypeToString:138 unexpected network type 0

12-15 18:31:13.568   660   660 I Telecom : InCallController: onSetCamera callId=TC@14, cameraId=null: CSW.rC->CM.pR(cap)@FFc

12-15 18:31:13.568   660   660 I Telecom : InCallController: onCallRemoved: [Call id=TC@14, state=DISCONNECTED, tpac=ComponentInfo{com.android.phone/com.android.services.telephony.TelephonyConnectionService}, 1, UserHandle{0}, cmgr=ComponentInfo{com.android.phone/com.android.services.telephony.TelephonyConnectionService}, 1, UserHandle{0}, handle=tel:*********12, vidst=A, childs(0), has_parent(false), cap=[ sup_hld mut !v2a spd_aud], prop=[]], voip=false: CSW.rC->CM.pR(cap)@FFc

12-15 18:31:13.568   660   660 I Telecom : InCallWakeLockController: Releasing full wake lock: CSW.rC->CM.pR(cap)@FFc

12-15 18:31:13.568   660   660 I Telecom : TelecomWakeLock: WakeLock already released with id: 26: CSW.rC->CM.pR(cap)@FFc

12-15 18:31:13.567   660   660 I Telecom : Event: RecordEntry TC@14: DESTROYED, null: CSW.rC->CM.pR(cap)@FFc

12-15 18:31:13.567   660   660 I Telecom : CallsManager: handleConnectionServiceDeath: service [ConnectionServiceWrapper componentName=ComponentInfo{com.android.phone/com.android.services.telephony.TelephonyConnectionService}] died: CSW.rC->CM.pR(cap)@FFc

12-15 18:31:13.565   660   660 I Telecom : ConnectionServiceWrapper: Service unbound ComponentInfo{com.android.phone/com.android.services.telephony.TelephonyConnectionService}, from unbind.: CSW.rC->CM.pR(cap)@FFc

12-15 18:31:13.565   660  2326 I Telecom : CallsManager: markCallAsRemoved; callid=TC@14, immediate.: CSW.rC(cap)@FFc

12-15 18:31:13.564   660  2326 I Telecom : InCallController: Components updated: [ComponentInfo{com.google.android.dialer/com.android.incallui.InCallServiceImpl}]: CSW.sCC(cap)@FFY

12-15 18:31:13.561 24113 24139 I DialerTidepodsRevelioEnabledFn: com.android.dialer.revelio.impl.tidepods.impl.TidepodsRevelioEnabledFn.isEnabled:55 tidepods revelio disabled by flag [CONTEXT ratelimit_period="1 MINUTES [skipped: 13]" ]

12-15 18:31:13.561 24113 24139 I DialerTidepodsMetricsDarkLaunchEnabledFn: com.android.dialer.incall.logging.impl.datalogger.TidepodsMetricsDarkLaunchEnabledFn.isEnabled:40 Tidepods-Metrics dark launch disabled by flag [CONTEXT ratelimit_period="1 MINUTES [skipped: 1]" ]

12-15 18:31:13.561 24113 24139 I DialerTidepodsInCallActivityEnabledFn: com.android.dialer.incall.activity.TidepodsInCallActivityEnabledFn.isEnabled:29 tidepods in-call activity disabled by flag [CONTEXT ratelimit_period="1 MINUTES [skipped: 9]" ]

12-15 18:31:13.561 24113 24139 I DialerFidesEnabledFn: com.android.dialer.fides.impl.FidesEnabledFn.isEnabled:27 disabled by flag [CONTEXT ratelimit_period="1 MINUTES" ]

12-15 18:31:13.561 24113 24139 I DialerCallScreenEnabledFn: com.android.dialer.callscreen.impl.CallScreenEnabledFn.isEnabled:27 feature disabled by flag [CONTEXT ratelimit_period="1 MINUTES [skipped: 11]" ]

12-15 18:31:13.560   660   708 W BroadcastQueue: Permission Denial: receiving Intent { act=android.intent.action.PHONE_STATE flg=0x1000010 (has extras) } to ProcessRecord{971f0c9 902:com.android.systemui/u0a142} (pid=902, uid=10142) requires android.permission.READ_PHONE_STATE due to sender android (uid 1000)

12-15 18:31:13.560   660   708 W BroadcastQueue: Permission Denial: receiving Intent { act=android.intent.action.PHONE_STATE flg=0x1000010 (has extras) } to ProcessRecord{971f0c9 902:com.android.systemui/u0a142} (pid=902, uid=10142) requires android.permission.READ_PHONE_STATE due to sender android (uid 1000)

12-15 18:31:13.560 24113 24139 I DialerCallEventDriver: com.android.dialer.incall.core.call.events.impl.CallEventDriver.lambda$updateState$0:86 state DISCONNECTION_STARTED -> DISCONNECTED

