12-15 18:26:33.338 24113 24137 I DialerStreamingGatewayPullVerificationClient: com.android.dialer.businessvoice.verifiedcall.impl.pull.StreamingGatewayPullVerificationClient.lambda$getResponse$0:65 no streaming gateway response found

12-15 18:26:33.338 24113 24113 I DialerGatewayClient: com.android.dialer.gatewayclient.GatewayClient.lambda$getResponseForKey$1:103 Feature integration APOSTILLE is not enabled

12-15 18:26:33.337 24113 24113 I DialerIncomingCallEventCallScopeListener: com.android.dialer.businessvoice.verifiedcall.impl.callscope.IncomingCallEventCallScopeListener.onCallScopeAdded:73 pre load verification response

12-15 18:26:33.337 24113 24113 I DialerDuplicateCallMonitor: com.android.dialer.businessvoice.verifiedcall.impl.callscope.DuplicateCallMonitor.onCallScopeAdded:60 duplicate call monitoring disabled by flag.

12-15 18:26:33.337 24113 24113 I DialerLocaleProvider: com.android.dialer.callrecording.impl.localeprovider.LocaleProvider.getSupportedLocaleFromCountryCode:168 country US not supported by builtInAudio

12-15 18:26:33.337 24113 24113 I DialerLocaleProvider: com.android.dialer.callrecording.impl.localeprovider.LocaleProvider.getSupportedLocaleFromCountryCode:158 checking whether country is supported by builtInAudio for start/end audio

12-15 18:26:33.337 24113 24113 I DialerLegacyCountryDetector: com.android.dialer.location.LegacyCountryDetector.getCurrentPhysicalCountryIso:174 returning Redacted-2-chars

12-15 18:26:33.335 24113 24147 I DialerVideoCallCallback: com.android.dialer.incall.core.video.impl.VideoCallCallback.onVideoCallChanged:46 enter

12-15 18:26:33.335 24113 24147 I DialerVideoSurfaceCacheImpl: com.android.dialer.incall.core.video.impl.VideoSurfaceCacheImpl.onVideoCallChanged:179 video call changed

12-15 18:26:33.335 24113 24113 I DialerLocaleProvider: com.android.dialer.callrecording.impl.localeprovider.LocaleProvider.getCurrentLocaleForBuiltInAudioFile:119 checking built in audio file locale

12-15 18:26:33.334 24113 24113 I DialerXatuEnabledFn: com.android.dialer.xatu.impl.XatuEnabledFn.isEnabled:33 disabled by flag [CONTEXT ratelimit_period="1 MINUTES [skipped: 3]" ]

12-15 18:26:33.334 24113 24113 I DialerTidepodsMetricsDarkLaunchEnabledFn: com.android.dialer.incall.logging.impl.datalogger.TidepodsMetricsDarkLaunchEnabledFn.isEnabled:40 Tidepods-Metrics dark launch disabled by flag [CONTEXT ratelimit_period="1 MINUTES [skipped: 2]" ]

12-15 18:26:33.334 24113 24113 I DialerTimeKeeperEnabledFn: com.android.dialer.timekeeper.impl.TimeKeeperEnabledFn.isEnabled:29 disabled by flag [CONTEXT ratelimit_period="1 MINUTES" ]

12-15 18:26:33.334 24113 24113 I DialerCountryCodeProvider: com.android.dialer.businessvoice.verifiedcall.impl.i18n.CountryCodeProvider.getSimCountryCodeInternal:83 returning Redacted-2-chars

12-15 18:26:33.334 24113 24113 I DialerCountryCodeProvider: com.android.dialer.businessvoice.verifiedcall.impl.i18n.CountryCodeProvider.getSimCountryCodeInternal:83 returning Redacted-2-chars

12-15 18:26:33.333 24113 24113 I DialerBounceEnabledFn: com.android.dialer.incall.bounce.BounceEnabledFn.isEnabled:38 Bounce voice UI is disabled. [CONTEXT ratelimit_period="1 MINUTES" ]

12-15 18:26:33.333   482   753 D AF::TrackHandle: OpPlayAudio: track:78 usage:3 not muted

12-15 18:26:33.333   482   753 D AF::TrackHandle: OpPlayAudio: track:78 usage:3 not muted

12-15 18:26:33.332  1089  1089 I TelecomFramework: TelephonyConnectionService: onTrackedByNonUiService TC@14_1 true: (ICSBC.oSC)->CS.tBNUS->H.CS.tBNUS(cgad/cast)@E-FC0

12-15 18:26:33.332   482   753 D AF::TrackHandle: OpPlayAudio: track:78 usage:3 not muted

12-15 18:26:33.332   482   753 D AF::TrackHandle: OpPlayAudio: track:78 usage:3 not muted

12-15 18:26:33.332   482   598 D AF::TrackHandle: OpPlayAudio: track:78 usage:3 not muted

12-15 18:26:33.332 24113 24149 I DialerFilteredNumberAsyncQueryHandler: com.android.dialer.blocking.FilteredNumberAsyncQueryHandler.lambda$getBlockedNumberDatabaseId$1:216 checking blocked number - completed

12-15 18:26:33.332 24113 24113 I DialerCallScopesImpl: com.android.dialer.incall.core.callscope.callscopes.impl.CallScopesImpl.add:276 enter

12-15 18:26:33.329   660   660 I Telecom : InCallController: Adding 1 calls to InCallService after onConnected: ComponentInfo{com.google.android.dialer/com.android.incallui.InCallServiceImpl}, including external calls: ICSBC.oSC(cgad)@FC0

12-15 18:26:33.328   660   660 I Telecom : InCallController: trackCallingUserInterfaceStarted: com.google.android.dialer is now calling UX.: ICSBC.oSC(cgad)@FC0

12-15 18:26:33.327   660   660 I Telecom : InCallController: onConnected to ComponentInfo{com.google.android.dialer/com.android.incallui.InCallServiceImpl}: ICSBC.oSC(cgad)@FC0

12-15 18:26:33.327   660   849 I AS.AudioDeviceInventory: setPreferredDevicesForStrategySync, strategy: 18 devices: [AudioDeviceAttributes: role:output type:speaker addr: name:sdk_gphone64_x86_64 profiles:[] descriptors:[]]

12-15 18:26:33.323  1089  1089 D Telephony: MSG_CDMA_VOICE_PRIVACY_OFF received

12-15 18:26:33.320   660   849 I AS.AudioDeviceInventory: setPreferredDevicesForStrategySync, strategy: 15 devices: [AudioDeviceAttributes: role:output type:speaker addr: name:sdk_gphone64_x86_64 profiles:[] descriptors:[]]

12-15 18:26:33.318  1089  1089 I TelecomFramework: TelephonyConnectionService: onAudioStateChanged TC@14_1 [AudioState isMuted: false, route: SPEAKER, supportedRouteMask: SPEAKER, activeBluetoothDevice: [null], supportedBluetoothDevices: []]: (NCSSF.aC->ICFG.sF->ICFG.sF->ICFG.sF->CAMSM.pM_2002->CARSM.pM_SWITCH_FOCUS)->CS.cASC->H.CS.cASC(cast)@E-FCk

12-15 18:26:33.318  1089  1089 I TelecomFramework: TelephonyConnectionService: onAudioStateChanged TC@14_1 [AudioState isMuted: false, route: SPEAKER, supportedRouteMask: SPEAKER, activeBluetoothDevice: [null], supportedBluetoothDevices: []]: (NCSSF.aC->ICFG.sF->ICFG.sF->ICFG.sF->CARSM.pM_UPDATE_SYSTEM_AUDIO_ROUTE)->CS.cASC->H.CS.cASC(cast)@E-FCk

12-15 18:26:33.318   660   849 I AS.AudioDeviceBroker: setCommunicationRouteForClient for pid: 660 device: AudioDeviceAttributes: role:output type:speaker addr: name:sdk_gphone64_x86_64 profiles:[] descriptors:[] from API: setCommunicationDevice() from u/pid:1000/660

12-15 18:26:33.317   660  1263 I Telecom : BluetoothRouteManager: getBluetoothAudioConnectedDevice: no service available.: NCSSF.aC->ICFG.sF->ICFG.sF->ICFG.sF->CAMSM.pM_2002->CARSM.pM_SWITCH_FOCUS@FCk

12-15 18:26:33.317   660  1263 I Telecom : CallAudioRouteStateMachine: setSystemAudioState: changing from [AudioState isMuted: false, route: SPEAKER, supportedRouteMask: SPEAKER, activeBluetoothDevice: [null], supportedBluetoothDevices: []] to [AudioState isMuted: false, route: SPEAKER, supportedRouteMask: SPEAKER, activeBluetoothDevice: [null], supportedBluetoothDevices: []]: NCSSF.aC->ICFG.sF->ICFG.sF->ICFG.sF->CAMSM.pM_2002->CARSM.pM_SWITCH_FOCUS@FCk

12-15 18:26:33.317   660  1263 I Telecom : Event: RecordEntry TC@14: AUDIO_ROUTE_SPEAKER, null: NCSSF.aC->ICFG.sF->ICFG.sF->ICFG.sF->CAMSM.pM_2002->CARSM.pM_SWITCH_FOCUS@FCk

12-15 18:26:33.317   660  1263 I Telecom : Event: RecordEntry TC@14: AUDIO_ROUTE, Entering state ActiveSpeakerRoute: NCSSF.aC->ICFG.sF->ICFG.sF->ICFG.sF->CAMSM.pM_2002->CARSM.pM_SWITCH_FOCUS@FCk

12-15 18:26:33.317   660  1263 I Telecom : Event: RecordEntry TC@14: AUDIO_ROUTE, Leaving state QuiescentSpeakerRoute: NCSSF.aC->ICFG.sF->ICFG.sF->ICFG.sF->CAMSM.pM_2002->CARSM.pM_SWITCH_FOCUS@FCk

12-15 18:26:33.316   660  1263 I Telecom : CallAudioRouteStateMachine: turning speaker phone true: NCSSF.aC->ICFG.sF->ICFG.sF->ICFG.sF->CAMSM.pM_2002->CARSM.pM_SWITCH_FOCUS@FCk

12-15 18:26:33.316   660  1263 I Telecom : QuiescentSpeakerRoute: Processing message SWITCH_FOCUS: NCSSF.aC->ICFG.sF->ICFG.sF->ICFG.sF->CAMSM.pM_2002->CARSM.pM_SWITCH_FOCUS@FCk

12-15 18:26:33.316   660  1263 I Telecom : CallAudioRouteStateMachine: Message received: SWITCH_FOCUS=4001, arg1=3: NCSSF.aC->ICFG.sF->ICFG.sF->ICFG.sF->CAMSM.pM_2002->CARSM.pM_SWITCH_FOCUS@FCk

12-15 18:26:33.316   660  1263 I Telecom : CallAudioRouteStateMachine: setSystemAudioState: changing from [AudioState isMuted: false, route: SPEAKER, supportedRouteMask: SPEAKER, activeBluetoothDevice: [null], supportedBluetoothDevices: []] to [AudioState isMuted: false, route: SPEAKER, supportedRouteMask: SPEAKER, activeBluetoothDevice: [null], supportedBluetoothDevices: []]: NCSSF.aC->ICFG.sF->ICFG.sF->ICFG.sF->CARSM.pM_UPDATE_SYSTEM_AUDIO_ROUTE@FCk

12-15 18:26:33.316   660  1268 I AudioService.FadeOutManager: unfadeOutUid() uid:1000

12-15 18:26:33.316   660  1268 I MediaFocusControl: requestAudioFocus() from uid/pid 1000/660 AA=USAGE_NOTIFICATION_RINGTONE/CONTENT_TYPE_SONIFICATION clientId=AudioFocus_For_Phone_Ring_And_Calls callingPack=com.android.server.telecom req=2 flags=0x4 sdk=0

12-15 18:26:33.315   660  1268 D Ringtone: Successfully created local player

12-15 18:26:33.306   660 28261 W FileSource: offset/length adjusted from 0/576460752303423487 to 0/43965

12-15 18:26:33.306  1567  2585 I MediaProvider: Open with lower FS for /product/media/audio/ringtones/Ring_Synth_04.ogg. Uid: 1000

12-15 18:26:33.305  1567  2585 W MediaProvider: Didn't find any volume for getVolume(/product/media/audio/ringtones/Ring_Synth_04.ogg)

12-15 18:26:33.300   660 28261 D Ringtone: Successfully created local player

12-15 18:26:33.296   566 28267 D GenericSource: FileSource remote

12-15 18:26:33.292   566 28266 D GenericSource: FileSource remote

12-15 18:26:33.286   566 21257 D MediaPlayerService: OMX service is not available

12-15 18:26:33.285   566 11650 D MediaPlayerService: OMX service is not available

12-15 18:26:33.285   263   263 I hwservicemanager: getTransport: Cannot find entry android.hardware.media.omx@1.0::IOmx/default in either framework or device VINTF manifest.

12-15 18:26:33.284   263   263 I hwservicemanager: getTransport: Cannot find entry android.hardware.media.omx@1.0::IOmx/default in either framework or device VINTF manifest.

12-15 18:26:33.284   566 11650 D NuPlayerDriver: NuPlayerDriver(0x7aef895c0b50) created, clientPid(660)

12-15 18:26:33.283   566 21257 D NuPlayerDriver: NuPlayerDriver(0x7aef895bf6b0) created, clientPid(660)

12-15 18:26:33.282   660   717 W CpuPowerCalculator: UID 1013 CPU cluster # mismatch: Power Profile # 2 actual # 6

12-15 18:26:33.282   660   717 W CpuPowerCalculator: UID 1017 CPU freq # mismatch: Power Profile # 2 actual # 12

12-15 18:26:33.282   660   717 W CpuPowerCalculator: UID 1017 CPU cluster # mismatch: Power Profile # 2 actual # 6

12-15 18:26:33.282   660   717 W CpuPowerCalculator: UID 1019 CPU freq # mismatch: Power Profile # 2 actual # 12

12-15 18:26:33.282   660   717 W CpuPowerCalculator: UID 1019 CPU cluster # mismatch: Power Profile # 2 actual # 6

12-15 18:26:33.282   660   717 W CpuPowerCalculator: UID 1020 CPU freq # mismatch: Power Profile # 2 actual # 12

12-15 18:26:33.282   660   717 W CpuPowerCalculator: UID 1020 CPU cluster # mismatch: Power Profile # 2 actual # 6

12-15 18:26:33.282   660   717 W CpuPowerCalculator: UID 1021 CPU freq # mismatch: Power Profile # 2 actual # 12

12-15 18:26:33.282   660   717 W CpuPowerCalculator: UID 1021 CPU cluster # mismatch: Power Profile # 2 actual # 6

12-15 18:26:33.282   660   717 W CpuPowerCalculator: UID 1036 CPU freq # mismatch: Power Profile # 2 actual # 12

12-15 18:26:33.282   660   717 W CpuPowerCalculator: UID 1036 CPU cluster # mismatch: Power Profile # 2 actual # 6

12-15 18:26:33.282   660   717 W CpuPowerCalculator: UID 1040 CPU freq # mismatch: Power Profile # 2 actual # 12

12-15 18:26:33.282   660   717 W CpuPowerCalculator: UID 1040 CPU cluster # mismatch: Power Profile # 2 actual # 6

12-15 18:26:33.282   660   717 W CpuPowerCalculator: UID 1041 CPU freq # mismatch: Power Profile # 2 actual # 12

12-15 18:26:33.282   660   717 W CpuPowerCalculator: UID 1041 CPU cluster # mismatch: Power Profile # 2 actual # 6

12-15 18:26:33.282   660   717 W CpuPowerCalculator: UID 1046 CPU freq # mismatch: Power Profile # 2 actual # 12

12-15 18:26:33.282   660   717 W CpuPowerCalculator: UID 1046 CPU cluster # mismatch: Power Profile # 2 actual # 6

12-15 18:26:33.282   660   717 W CpuPowerCalculator: UID 1047 CPU freq # mismatch: Power Profile # 2 actual # 12

12-15 18:26:33.282   660   717 W CpuPowerCalculator: UID 1047 CPU cluster # mismatch: Power Profile # 2 actual # 6

12-15 18:26:33.282   660   717 W CpuPowerCalculator: UID 1053 CPU freq # mismatch: Power Profile # 2 actual # 12

12-15 18:26:33.282   660   717 W CpuPowerCalculator: UID 1053 CPU cluster # mismatch: Power Profile # 2 actual # 6

12-15 18:26:33.282   660   717 W CpuPowerCalculator: UID 1058 CPU freq # mismatch: Power Profile # 2 actual # 12

12-15 18:26:33.282   660   717 W CpuPowerCalculator: UID 1058 CPU cluster # mismatch: Power Profile # 2 actual # 6

12-15 18:26:33.282   660   717 W CpuPowerCalculator: UID 1066 CPU freq # mismatch: Power Profile # 2 actual # 12

12-15 18:26:33.282   660   717 W CpuPowerCalculator: UID 1066 CPU cluster # mismatch: Power Profile # 2 actual # 6

12-15 18:26:33.282   660   717 W CpuPowerCalculator: UID 1067 CPU freq # mismatch: Power Profile # 2 actual # 12

12-15 18:26:33.282   660   717 W CpuPowerCalculator: UID 1067 CPU cluster # mismatch: Power Profile # 2 actual # 6

12-15 18:26:33.282   660   717 W CpuPowerCalculator: UID 1068 CPU freq # mismatch: Power Profile # 2 actual # 12

12-15 18:26:33.282   660   717 W CpuPowerCalculator: UID 1068 CPU freq # mismatch: Power Profile # 2 actual # 12

12-15 18:26:33.282   660   717 W CpuPowerCalculator: UID 1068 CPU freq # mismatch: Power Profile # 2 actual # 12

12-15 18:26:33.282   660   717 W CpuPowerCalculator: UID 1068 CPU cluster # mismatch: Power Profile # 2 actual # 6

12-15 18:26:33.282   660   717 W CpuPowerCalculator: UID 1069 CPU freq # mismatch: Power Profile # 2 actual # 12

12-15 18:26:33.282   660   717 W CpuPowerCalculator: UID 1069 CPU cluster # mismatch: Power Profile # 2 actual # 6

12-15 18:26:33.282   660   717 W CpuPowerCalculator: UID 1072 CPU freq # mismatch: Power Profile # 2 actual # 12

12-15 18:26:33.281   660   717 W CpuPowerCalculator: UID 1072 CPU cluster # mismatch: Power Profile # 2 actual # 6

12-15 18:26:33.281   660   717 W CpuPowerCalculator: UID 1073 CPU freq # mismatch: Power Profile # 2 actual # 12

12-15 18:26:33.281   660   717 W CpuPowerCalculator: UID 1073 CPU freq # mismatch: Power Profile # 2 actual # 12

12-15 18:26:33.281   660   717 W CpuPowerCalculator: UID 1073 CPU freq # mismatch: Power Profile # 2 actual # 12

12-15 18:26:33.281   660   717 W CpuPowerCalculator: UID 1073 CPU cluster # mismatch: Power Profile # 2 actual # 6

12-15 18:26:33.281   660   717 W CpuPowerCalculator: UID 2000 CPU freq # mismatch: Power Profile # 2 actual # 12

12-15 18:26:33.281   660   717 W CpuPowerCalculator: UID 2000 CPU freq # mismatch: Power Profile # 2 actual # 12

12-15 18:26:33.281   660   717 W CpuPowerCalculator: UID 2000 CPU freq # mismatch: Power Profile # 2 actual # 12

12-15 18:26:33.281   660   717 W CpuPowerCalculator: UID 2000 CPU cluster # mismatch: Power Profile # 2 actual # 6

12-15 18:26:33.281   660   717 W CpuPowerCalculator: UID 9999 CPU freq # mismatch: Power Profile # 2 actual # 12

12-15 18:26:33.281   660   717 W CpuPowerCalculator: UID 9999 CPU cluster # mismatch: Power Profile # 2 actual # 6

12-15 18:26:33.281   660   717 W CpuPowerCalculator: UID 10058 CPU freq # mismatch: Power Profile # 2 actual # 12

12-15 18:26:33.281   660   717 W CpuPowerCalculator: UID 10058 CPU freq # mismatch: Power Profile # 2 actual # 12

12-15 18:26:33.281   660   717 W CpuPowerCalculator: UID 10058 CPU freq # mismatch: Power Profile # 2 actual # 12

12-15 18:26:33.281   660   717 W CpuPowerCalculator: UID 10058 CPU freq # mismatch: Power Profile # 2 actual # 12

12-15 18:26:33.281   660   717 W CpuPowerCalculator: UID 10058 CPU cluster # mismatch: Power Profile # 2 actual # 6

12-15 18:26:33.281   660   717 W CpuPowerCalculator: UID 10060 CPU freq # mismatch: Power Profile # 2 actual # 12

12-15 18:26:33.281   660   717 W CpuPowerCalculator: UID 10060 CPU freq # mismatch: Power Profile # 2 actual # 12

12-15 18:26:33.281   660   717 W CpuPowerCalculator: UID 10060 CPU freq # mismatch: Power Profile # 2 actual # 12

12-15 18:26:33.281   660   717 W CpuPowerCalculator: UID 10060 CPU freq # mismatch: Power Profile # 2 actual # 12

12-15 18:26:33.281   660   717 W CpuPowerCalculator: UID 10060 CPU cluster # mismatch: Power Profile # 2 actual # 6

12-15 18:26:33.281   660   717 W CpuPowerCalculator: UID 10063 CPU freq # mismatch: Power Profile # 2 actual # 12

12-15 18:26:33.281   660   717 W CpuPowerCalculator: UID 10063 CPU freq # mismatch: Power Profile # 2 actual # 12

12-15 18:26:33.281   660   717 W CpuPowerCalculator: UID 10063 CPU freq # mismatch: Power Profile # 2 actual # 12

12-15 18:26:33.281   660   717 W CpuPowerCalculator: UID 10063 CPU freq # mismatch: Power Profile # 2 actual # 12

12-15 18:26:33.281   660   717 W CpuPowerCalculator: UID 10063 CPU cluster # mismatch: Power Profile # 2 actual # 6

12-15 18:26:33.281   660   717 W CpuPowerCalculator: UID 10064 CPU freq # mismatch: Power Profile # 2 actual # 12

12-15 18:26:33.281   660   717 W CpuPowerCalculator: UID 10064 CPU freq # mismatch: Power Profile # 2 actual # 12

12-15 18:26:33.281   660   717 W CpuPowerCalculator: UID 10064 CPU freq # mismatch: Power Profile # 2 actual # 12

12-15 18:26:33.281   660   717 W CpuPowerCalculator: UID 10064 CPU freq # mismatch: Power Profile # 2 actual # 12

12-15 18:26:33.281   660   717 W CpuPowerCalculator: UID 10064 CPU cluster # mismatch: Power Profile # 2 actual # 6

12-15 18:26:33.281   660   717 W CpuPowerCalculator: UID 10065 CPU freq # mismatch: Power Profile # 2 actual # 12

12-15 18:26:33.281   660   717 W CpuPowerCalculator: UID 10065 CPU freq # mismatch: Power Profile # 2 actual # 12

12-15 18:26:33.281   660   717 W CpuPowerCalculator: UID 10065 CPU freq # mismatch: Power Profile # 2 actual # 12

12-15 18:26:33.281   660   717 W CpuPowerCalculator: UID 10065 CPU cluster # mismatch: Power Profile # 2 actual # 6

12-15 18:26:33.281   660   717 W CpuPowerCalculator: UID 10067 CPU freq # mismatch: Power Profile # 2 actual # 12

12-15 18:26:33.281   660   717 W CpuPowerCalculator: UID 10067 CPU freq # mismatch: Power Profile # 2 actual # 12

12-15 18:26:33.281   660   717 W CpuPowerCalculator: UID 10067 CPU freq # mismatch: Power Profile # 2 actual # 12

12-15 18:26:33.281   660   717 W CpuPowerCalculator: UID 10067 CPU freq # mismatch: Power Profile # 2 actual # 12

12-15 18:26:33.281   660   717 W CpuPowerCalculator: UID 10067 CPU freq # mismatch: Power Profile # 2 actual # 12

12-15 18:26:33.281   660   717 W CpuPowerCalculator: UID 10067 CPU cluster # mismatch: Power Profile # 2 actual # 6

12-15 18:26:33.281   660   717 W CpuPowerCalculator: UID 10073 CPU freq # mismatch: Power Profile # 2 actual # 12

12-15 18:26:33.281   660   717 W CpuPowerCalculator: UID 10073 CPU freq # mismatch: Power Profile # 2 actual # 12

12-15 18:26:33.281   660   717 W CpuPowerCalculator: UID 10073 CPU freq # mismatch: Power Profile # 2 actual # 12

12-15 18:26:33.281   660   717 W CpuPowerCalculator: UID 10073 CPU freq # mismatch: Power Profile # 2 actual # 12

12-15 18:26:33.281   660   717 W CpuPowerCalculator: UID 10073 CPU cluster # mismatch: Power Profile # 2 actual # 6

12-15 18:26:33.281   660   717 W CpuPowerCalculator: UID 10076 CPU freq # mismatch: Power Profile # 2 actual # 12

12-15 18:26:33.281   660   717 W CpuPowerCalculator: UID 10076 CPU freq # mismatch: Power Profile # 2 actual # 12

12-15 18:26:33.281   660   717 W CpuPowerCalculator: UID 10076 CPU freq # mismatch: Power Profile # 2 actual # 12

12-15 18:26:33.281   660   717 W CpuPowerCalculator: UID 10076 CPU freq # mismatch: Power Profile # 2 actual # 12

12-15 18:26:33.281   660   717 W CpuPowerCalculator: UID 10076 CPU cluster # mismatch: Power Profile # 2 actual # 6

12-15 18:26:33.281   660   717 W CpuPowerCalculator: UID 10085 CPU freq # mismatch: Power Profile # 2 actual # 12

12-15 18:26:33.281   660   717 W CpuPowerCalculator: UID 10085 CPU freq # mismatch: Power Profile # 2 actual # 12

12-15 18:26:33.281   660   717 W CpuPowerCalculator: UID 10085 CPU freq # mismatch: Power Profile # 2 actual # 12

12-15 18:26:33.281   660   717 W CpuPowerCalculator: UID 10085 CPU freq # mismatch: Power Profile # 2 actual # 12

12-15 18:26:33.281   660   717 W CpuPowerCalculator: UID 10085 CPU cluster # mismatch: Power Profile # 2 actual # 6

12-15 18:26:33.281   660   717 W CpuPowerCalculator: UID 10091 CPU freq # mismatch: Power Profile # 2 actual # 12

12-15 18:26:33.281   660   717 W CpuPowerCalculator: UID 10091 CPU freq # mismatch: Power Profile # 2 actual # 12

12-15 18:26:33.281   660   717 W CpuPowerCalculator: UID 10091 CPU freq # mismatch: Power Profile # 2 actual # 12

12-15 18:26:33.281   660   717 W CpuPowerCalculator: UID 10091 CPU freq # mismatch: Power Profile # 2 actual # 12

12-15 18:26:33.281   660   717 W CpuPowerCalculator: UID 10091 CPU cluster # mismatch: Power Profile # 2 actual # 6

12-15 18:26:33.281   660   717 W CpuPowerCalculator: UID 10092 CPU freq # mismatch: Power Profile # 2 actual # 12

12-15 18:26:33.281   660   717 W CpuPowerCalculator: UID 10092 CPU freq # mismatch: Power Profile # 2 actual # 12

12-15 18:26:33.281   660   717 W CpuPowerCalculator: UID 10092 CPU freq # mismatch: Power Profile # 2 actual # 12

12-15 18:26:33.281   660   717 W CpuPowerCalculator: UID 10092 CPU cluster # mismatch: Power Profile # 2 actual # 6

12-15 18:26:33.281   660   717 W CpuPowerCalculator: UID 10093 CPU freq # mismatch: Power Profile # 2 actual # 12

12-15 18:26:33.281   660   717 W CpuPowerCalculator: UID 10093 CPU freq # mismatch: Power Profile # 2 actual # 12

12-15 18:26:33.281   660   717 W CpuPowerCalculator: UID 10093 CPU freq # mismatch: Power Profile # 2 actual # 12

12-15 18:26:33.281   660   717 W CpuPowerCalculator: UID 10093 CPU cluster # mismatch: Power Profile # 2 actual # 6

12-15 18:26:33.281   660   717 W CpuPowerCalculator: UID 10094 CPU freq # mismatch: Power Profile # 2 actual # 12

12-15 18:26:33.281   660   717 W CpuPowerCalculator: UID 10094 CPU freq # mismatch: Power Profile # 2 actual # 12

12-15 18:26:33.281   660   717 W CpuPowerCalculator: UID 10094 CPU freq # mismatch: Power Profile # 2 actual # 12

12-15 18:26:33.281  1567  2585 I MediaProvider: Open with lower FS for /product/media/audio/ringtones/Ring_Synth_04.ogg. Uid: 1000

12-15 18:26:33.281   660   717 W CpuPowerCalculator: UID 10094 CPU freq # mismatch: Power Profile # 2 actual # 12

12-15 18:26:33.281   660   717 W CpuPowerCalculator: UID 10094 CPU freq # mismatch: Power Profile # 2 actual # 12

12-15 18:26:33.281   660   717 W CpuPowerCalculator: UID 10094 CPU cluster # mismatch: Power Profile # 2 actual # 6

12-15 18:26:33.281   660   717 W CpuPowerCalculator: UID 10095 CPU freq # mismatch: Power Profile # 2 actual # 12

12-15 18:26:33.281   660   717 W CpuPowerCalculator: UID 10095 CPU freq # mismatch: Power Profile # 2 actual # 12

12-15 18:26:33.281   660   717 W CpuPowerCalculator: UID 10095 CPU freq # mismatch: Power Profile # 2 actual # 12

12-15 18:26:33.281   660   717 W CpuPowerCalculator: UID 10095 CPU cluster # mismatch: Power Profile # 2 actual # 6

12-15 18:26:33.281   660   717 W CpuPowerCalculator: UID 10096 CPU freq # mismatch: Power Profile # 2 actual # 12

12-15 18:26:33.281   660   717 W CpuPowerCalculator: UID 10096 CPU freq # mismatch: Power Profile # 2 actual # 12

12-15 18:26:33.281   660   717 W CpuPowerCalculator: UID 10096 CPU freq # mismatch: Power Profile # 2 actual # 12

12-15 18:26:33.281   660   717 W CpuPowerCalculator: UID 10096 CPU freq # mismatch: Power Profile # 2 actual # 12

12-15 18:26:33.281   660   717 W CpuPowerCalculator: UID 10096 CPU cluster # mismatch: Power Profile # 2 actual # 6

12-15 18:26:33.281   660   717 W CpuPowerCalculator: UID 10097 CPU freq # mismatch: Power Profile # 2 actual # 12

12-15 18:26:33.281   660   717 W CpuPowerCalculator: UID 10097 CPU freq # mismatch: Power Profile # 2 actual # 12

12-15 18:26:33.280   660   717 W CpuPowerCalculator: UID 10097 CPU freq # mismatch: Power Profile # 2 actual # 12

12-15 18:26:33.280   660   717 W CpuPowerCalculator: UID 10097 CPU freq # mismatch: Power Profile # 2 actual # 12

12-15 18:26:33.280   660   717 W CpuPowerCalculator: UID 10097 CPU freq # mismatch: Power Profile # 2 actual # 12

12-15 18:26:33.280   660   717 W CpuPowerCalculator: UID 10097 CPU cluster # mismatch: Power Profile # 2 actual # 6

12-15 18:26:33.280   660   717 W CpuPowerCalculator: UID 10098 CPU freq # mismatch: Power Profile # 2 actual # 12

12-15 18:26:33.280   660   717 W CpuPowerCalculator: UID 10098 CPU freq # mismatch: Power Profile # 2 actual # 12

12-15 18:26:33.280   660   717 W CpuPowerCalculator: UID 10098 CPU freq # mismatch: Power Profile # 2 actual # 12

12-15 18:26:33.280   660   717 W CpuPowerCalculator: UID 10098 CPU freq # mismatch: Power Profile # 2 actual # 12

12-15 18:26:33.280   660   717 W CpuPowerCalculator: UID 10098 CPU cluster # mismatch: Power Profile # 2 actual # 6

12-15 18:26:33.280   660   717 W CpuPowerCalculator: UID 10099 CPU freq # mismatch: Power Profile # 2 actual # 12

12-15 18:26:33.280   660   717 W CpuPowerCalculator: UID 10099 CPU freq # mismatch: Power Profile # 2 actual # 12

12-15 18:26:33.280  1567  1628 I MediaProvider: Open with lower FS for /product/media/audio/ringtones/Ring_Synth_04.ogg. Uid: 1000

12-15 18:26:33.280   660   717 W CpuPowerCalculator: UID 10099 CPU freq # mismatch: Power Profile # 2 actual # 12

12-15 18:26:33.280   660   717 W CpuPowerCalculator: UID 10099 CPU freq # mismatch: Power Profile # 2 actual # 12

12-15 18:26:33.280   660   717 W CpuPowerCalculator: UID 10099 CPU cluster # mismatch: Power Profile # 2 actual # 6

12-15 18:26:33.280   660   717 W CpuPowerCalculator: UID 10100 CPU freq # mismatch: Power Profile # 2 actual # 12

12-15 18:26:33.280   660   717 W CpuPowerCalculator: UID 10100 CPU freq # mismatch: Power Profile # 2 actual # 12

12-15 18:26:33.280   660   717 W CpuPowerCalculator: UID 10100 CPU freq # mismatch: Power Profile # 2 actual # 12

12-15 18:26:33.280   660   717 W CpuPowerCalculator: UID 10100 CPU freq # mismatch: Power Profile # 2 actual # 12

12-15 18:26:33.280   660   717 W CpuPowerCalculator: UID 10100 CPU cluster # mismatch: Power Profile # 2 actual # 6

12-15 18:26:33.280   660   717 W CpuPowerCalculator: UID 10101 CPU freq # mismatch: Power Profile # 2 actual # 12

12-15 18:26:33.280   660   717 W CpuPowerCalculator: UID 10101 CPU freq # mismatch: Power Profile # 2 actual # 12

12-15 18:26:33.280   660   717 W CpuPowerCalculator: UID 10101 CPU freq # mismatch: Power Profile # 2 actual # 12

12-15 18:26:33.280   660   717 W CpuPowerCalculator: UID 10101 CPU cluster # mismatch: Power Profile # 2 actual # 6

12-15 18:26:33.280   660   717 W CpuPowerCalculator: UID 10103 CPU freq # mismatch: Power Profile # 2 actual # 12

12-15 18:26:33.280   660   717 W CpuPowerCalculator: UID 10103 CPU freq # mismatch: Power Profile # 2 actual # 12

12-15 18:26:33.280   660   717 W CpuPowerCalculator: UID 10103 CPU freq # mismatch: Power Profile # 2 actual # 12

12-15 18:26:33.280   660   717 W CpuPowerCalculator: UID 10103 CPU freq # mismatch: Power Profile # 2 actual # 12

12-15 18:26:33.280   660   717 W CpuPowerCalculator: UID 10103 CPU freq # mismatch: Power Profile # 2 actual # 12

12-15 18:26:33.280   660   717 W CpuPowerCalculator: UID 10103 CPU freq # mismatch: Power Profile # 2 actual # 12

12-15 18:26:33.280   660   717 W CpuPowerCalculator: UID 10103 CPU cluster # mismatch: Power Profile # 2 actual # 6

12-15 18:26:33.280   660   717 W CpuPowerCalculator: UID 10104 CPU freq # mismatch: Power Profile # 2 actual # 12

12-15 18:26:33.280   660   717 W CpuPowerCalculator: UID 10104 CPU freq # mismatch: Power Profile # 2 actual # 12

12-15 18:26:33.280   660   717 W CpuPowerCalculator: UID 10104 CPU freq # mismatch: Power Profile # 2 actual # 12

12-15 18:26:33.280   660   717 W CpuPowerCalculator: UID 10104 CPU freq # mismatch: Power Profile # 2 actual # 12

12-15 18:26:33.280   660   717 W CpuPowerCalculator: UID 10104 CPU freq # mismatch: Power Profile # 2 actual # 12

12-15 18:26:33.280   660   717 W CpuPowerCalculator: UID 10104 CPU freq # mismatch: Power Profile # 2 actual # 12

12-15 18:26:33.280   660   717 W CpuPowerCalculator: UID 10104 CPU cluster # mismatch: Power Profile # 2 actual # 6

12-15 18:26:33.280   660   717 W CpuPowerCalculator: UID 10105 CPU freq # mismatch: Power Profile # 2 actual # 12

12-15 18:26:33.280   660   717 W CpuPowerCalculator: UID 10105 CPU freq # mismatch: Power Profile # 2 actual # 12

12-15 18:26:33.280   660   717 W CpuPowerCalculator: UID 10105 CPU freq # mismatch: Power Profile # 2 actual # 12

12-15 18:26:33.280   660   717 W CpuPowerCalculator: UID 10105 CPU freq # mismatch: Power Profile # 2 actual # 12

12-15 18:26:33.280   660   717 W CpuPowerCalculator: UID 10105 CPU freq # mismatch: Power Profile # 2 actual # 12

12-15 18:26:33.280   660   717 W CpuPowerCalculator: UID 10105 CPU cluster # mismatch: Power Profile # 2 actual # 6

12-15 18:26:33.280   660   717 W CpuPowerCalculator: UID 10106 CPU freq # mismatch: Power Profile # 2 actual # 12

12-15 18:26:33.280   660   717 W CpuPowerCalculator: UID 10106 CPU freq # mismatch: Power Profile # 2 actual # 12

12-15 18:26:33.280   660   717 W CpuPowerCalculator: UID 10106 CPU freq # mismatch: Power Profile # 2 actual # 12

12-15 18:26:33.280   660   717 W CpuPowerCalculator: UID 10106 CPU cluster # mismatch: Power Profile # 2 actual # 6

12-15 18:26:33.280   660   717 W CpuPowerCalculator: UID 10108 CPU freq # mismatch: Power Profile # 2 actual # 12

12-15 18:26:33.280   660   717 W CpuPowerCalculator: UID 10108 CPU freq # mismatch: Power Profile # 2 actual # 12

12-15 18:26:33.280   660   717 W CpuPowerCalculator: UID 10108 CPU freq # mismatch: Power Profile # 2 actual # 12

12-15 18:26:33.280   660   717 W CpuPowerCalculator: UID 10108 CPU freq # mismatch: Power Profile # 2 actual # 12

12-15 18:26:33.280   660   717 W CpuPowerCalculator: UID 10108 CPU cluster # mismatch: Power Profile # 2 actual # 6

12-15 18:26:33.280   660   717 W CpuPowerCalculator: UID 10109 CPU freq # mismatch: Power Profile # 2 actual # 12

12-15 18:26:33.280   660   717 W CpuPowerCalculator: UID 10109 CPU freq # mismatch: Power Profile # 2 actual # 12

12-15 18:26:33.280   660   717 W CpuPowerCalculator: UID 10109 CPU freq # mismatch: Power Profile # 2 actual # 12

12-15 18:26:33.280   660   717 W CpuPowerCalculator: UID 10109 CPU freq # mismatch: Power Profile # 2 actual # 12

12-15 18:26:33.280   660   717 W CpuPowerCalculator: UID 10109 CPU freq # mismatch: Power Profile # 2 actual # 12

12-15 18:26:33.280   660   717 W CpuPowerCalculator: UID 10109 CPU cluster # mismatch: Power Profile # 2 actual # 6

12-15 18:26:33.280   660   717 W CpuPowerCalculator: UID 10111 CPU freq # mismatch: Power Profile # 2 actual # 12

12-15 18:26:33.280   660   717 W CpuPowerCalculator: UID 10111 CPU freq # mismatch: Power Profile # 2 actual # 12

12-15 18:26:33.280   660   717 W CpuPowerCalculator: UID 10111 CPU freq # mismatch: Power Profile # 2 actual # 12

12-15 18:26:33.280   660   717 W CpuPowerCalculator: UID 10111 CPU cluster # mismatch: Power Profile # 2 actual # 6

12-15 18:26:33.280   660   717 W CpuPowerCalculator: UID 10112 CPU freq # mismatch: Power Profile # 2 actual # 12

12-15 18:26:33.280   660   717 W CpuPowerCalculator: UID 10112 CPU freq # mismatch: Power Profile # 2 actual # 12

12-15 18:26:33.280   660   717 W CpuPowerCalculator: UID 10112 CPU freq # mismatch: Power Profile # 2 actual # 12

12-15 18:26:33.280   660   717 W CpuPowerCalculator: UID 10112 CPU freq # mismatch: Power Profile # 2 actual # 12

12-15 18:26:33.280   660   717 W CpuPowerCalculator: UID 10112 CPU cluster # mismatch: Power Profile # 2 actual # 6

12-15 18:26:33.280   660   717 W CpuPowerCalculator: UID 10116 CPU freq # mismatch: Power Profile # 2 actual # 12

12-15 18:26:33.280   660   717 W CpuPowerCalculator: UID 10116 CPU freq # mismatch: Power Profile # 2 actual # 12

12-15 18:26:33.280   660   717 W CpuPowerCalculator: UID 10116 CPU freq # mismatch: Power Profile # 2 actual # 12

12-15 18:26:33.280  1567  2585 W MediaProvider: Didn't find any volume for getVolume(/product/media/audio/ringtones/Ring_Synth_04.ogg)

12-15 18:26:33.280   660   717 W CpuPowerCalculator: UID 10116 CPU freq # mismatch: Power Profile # 2 actual # 12

12-15 18:26:33.280   660   717 W CpuPowerCalculator: UID 10116 CPU freq # mismatch: Power Profile # 2 actual # 12

12-15 18:26:33.280   660   717 W CpuPowerCalculator: UID 10116 CPU cluster # mismatch: Power Profile # 2 actual # 6

12-15 18:26:33.279   660   717 W CpuPowerCalculator: UID 10117 CPU freq # mismatch: Power Profile # 2 actual # 12

12-15 18:26:33.279   660   717 W CpuPowerCalculator: UID 10117 CPU freq # mismatch: Power Profile # 2 actual # 12

12-15 18:26:33.279   660   717 W CpuPowerCalculator: UID 10117 CPU freq # mismatch: Power Profile # 2 actual # 12

12-15 18:26:33.279   660   717 W CpuPowerCalculator: UID 10117 CPU cluster # mismatch: Power Profile # 2 actual # 6

12-15 18:26:33.279   660   717 W CpuPowerCalculator: UID 10118 CPU freq # mismatch: Power Profile # 2 actual # 12

12-15 18:26:33.279   660   717 W CpuPowerCalculator: UID 10118 CPU freq # mismatch: Power Profile # 2 actual # 12

12-15 18:26:33.279   660   717 W CpuPowerCalculator: UID 10118 CPU freq # mismatch: Power Profile # 2 actual # 12

12-15 18:26:33.279   660   717 W CpuPowerCalculator: UID 10118 CPU freq # mismatch: Power Profile # 2 actual # 12

12-15 18:26:33.279   660   717 W CpuPowerCalculator: UID 10118 CPU cluster # mismatch: Power Profile # 2 actual # 6

12-15 18:26:33.279   660   717 W CpuPowerCalculator: UID 10119 CPU freq # mismatch: Power Profile # 2 actual # 12

12-15 18:26:33.279   660   717 W CpuPowerCalculator: UID 10119 CPU freq # mismatch: Power Profile # 2 actual # 12

12-15 18:26:33.279   660   717 W CpuPowerCalculator: UID 10119 CPU freq # mismatch: Power Profile # 2 actual # 12

12-15 18:26:33.279   660   717 W CpuPowerCalculator: UID 10119 CPU freq # mismatch: Power Profile # 2 actual # 12

12-15 18:26:33.279   660   717 W CpuPowerCalculator: UID 10119 CPU cluster # mismatch: Power Profile # 2 actual # 6

12-15 18:26:33.279   660   717 W CpuPowerCalculator: UID 10121 CPU freq # mismatch: Power Profile # 2 actual # 12

12-15 18:26:33.279   660   717 W CpuPowerCalculator: UID 10121 CPU freq # mismatch: Power Profile # 2 actual # 12

12-15 18:26:33.279   660   717 W CpuPowerCalculator: UID 10121 CPU freq # mismatch: Power Profile # 2 actual # 12

12-15 18:26:33.279   660   717 W CpuPowerCalculator: UID 10121 CPU freq # mismatch: Power Profile # 2 actual # 12

12-15 18:26:33.279   660   717 W CpuPowerCalculator: UID 10121 CPU cluster # mismatch: Power Profile # 2 actual # 6

12-15 18:26:33.279   660   717 W CpuPowerCalculator: UID 10122 CPU freq # mismatch: Power Profile # 2 actual # 12

12-15 18:26:33.279   660   717 W CpuPowerCalculator: UID 10122 CPU freq # mismatch: Power Profile # 2 actual # 12

12-15 18:26:33.279   660   717 W CpuPowerCalculator: UID 10122 CPU freq # mismatch: Power Profile # 2 actual # 12

12-15 18:26:33.279   660   717 W CpuPowerCalculator: UID 10122 CPU freq # mismatch: Power Profile # 2 actual # 12

12-15 18:26:33.279   660   717 W CpuPowerCalculator: UID 10122 CPU freq # mismatch: Power Profile # 2 actual # 12

12-15 18:26:33.279   660   717 W CpuPowerCalculator: UID 10122 CPU freq # mismatch: Power Profile # 2 actual # 12

12-15 18:26:33.279   660   717 W CpuPowerCalculator: UID 10122 CPU cluster # mismatch: Power Profile # 2 actual # 6

12-15 18:26:33.279   660   717 W CpuPowerCalculator: UID 10125 CPU freq # mismatch: Power Profile # 2 actual # 12

12-15 18:26:33.279   660   717 W CpuPowerCalculator: UID 10125 CPU freq # mismatch: Power Profile # 2 actual # 12

12-15 18:26:33.279   660   717 W CpuPowerCalculator: UID 10125 CPU freq # mismatch: Power Profile # 2 actual # 12

12-15 18:26:33.279   660   717 W CpuPowerCalculator: UID 10125 CPU freq # mismatch: Power Profile # 2 actual # 12

12-15 18:26:33.279   660   717 W CpuPowerCalculator: UID 10125 CPU freq # mismatch: Power Profile # 2 actual # 12

12-15 18:26:33.279   660   717 W CpuPowerCalculator: UID 10125 CPU cluster # mismatch: Power Profile # 2 actual # 6

12-15 18:26:33.279   660   717 W CpuPowerCalculator: UID 10126 CPU freq # mismatch: Power Profile # 2 actual # 12

12-15 18:26:33.279   660   717 W CpuPowerCalculator: UID 10126 CPU freq # mismatch: Power Profile # 2 actual # 12

12-15 18:26:33.279   660   717 W CpuPowerCalculator: UID 10126 CPU freq # mismatch: Power Profile # 2 actual # 12

12-15 18:26:33.279   660   717 W CpuPowerCalculator: UID 10126 CPU freq # mismatch: Power Profile # 2 actual # 12

12-15 18:26:33.279   660   717 W CpuPowerCalculator: UID 10126 CPU freq # mismatch: Power Profile # 2 actual # 12

12-15 18:26:33.279   660   717 W CpuPowerCalculator: UID 10126 CPU cluster # mismatch: Power Profile # 2 actual # 6

12-15 18:26:33.279   660   717 W CpuPowerCalculator: UID 10128 CPU freq # mismatch: Power Profile # 2 actual # 12

12-15 18:26:33.279   660   717 W CpuPowerCalculator: UID 10128 CPU freq # mismatch: Power Profile # 2 actual # 12

12-15 18:26:33.279   660   717 W CpuPowerCalculator: UID 10128 CPU freq # mismatch: Power Profile # 2 actual # 12

12-15 18:26:33.279   660   717 W CpuPowerCalculator: UID 10128 CPU freq # mismatch: Power Profile # 2 actual # 12

12-15 18:26:33.279   660   717 W CpuPowerCalculator: UID 10128 CPU freq # mismatch: Power Profile # 2 actual # 12

12-15 18:26:33.279   660   717 W CpuPowerCalculator: UID 10128 CPU cluster # mismatch: Power Profile # 2 actual # 6

12-15 18:26:33.279   660   717 W CpuPowerCalculator: UID 10129 CPU freq # mismatch: Power Profile # 2 actual # 12

12-15 18:26:33.279   660   717 W CpuPowerCalculator: UID 10129 CPU freq # mismatch: Power Profile # 2 actual # 12

12-15 18:26:33.279   660   717 W CpuPowerCalculator: UID 10129 CPU freq # mismatch: Power Profile # 2 actual # 12

12-15 18:26:33.279   660   717 W CpuPowerCalculator: UID 10129 CPU freq # mismatch: Power Profile # 2 actual # 12

12-15 18:26:33.279   660   717 W CpuPowerCalculator: UID 10129 CPU cluster # mismatch: Power Profile # 2 actual # 6

12-15 18:26:33.279   660   717 W CpuPowerCalculator: UID 10130 CPU freq # mismatch: Power Profile # 2 actual # 12

12-15 18:26:33.279   660   717 W CpuPowerCalculator: UID 10130 CPU freq # mismatch: Power Profile # 2 actual # 12

12-15 18:26:33.279   660   717 W CpuPowerCalculator: UID 10130 CPU freq # mismatch: Power Profile # 2 actual # 12

12-15 18:26:33.279   660   717 W CpuPowerCalculator: UID 10130 CPU freq # mismatch: Power Profile # 2 actual # 12

12-15 18:26:33.279   660   717 W CpuPowerCalculator: UID 10130 CPU freq # mismatch: Power Profile # 2 actual # 12

12-15 18:26:33.279   660   717 W CpuPowerCalculator: UID 10130 CPU cluster # mismatch: Power Profile # 2 actual # 6

12-15 18:26:33.279   660   717 W CpuPowerCalculator: UID 10131 CPU freq # mismatch: Power Profile # 2 actual # 12

12-15 18:26:33.279   660   717 W CpuPowerCalculator: UID 10131 CPU freq # mismatch: Power Profile # 2 actual # 12

12-15 18:26:33.279   660   717 W CpuPowerCalculator: UID 10131 CPU freq # mismatch: Power Profile # 2 actual # 12

12-15 18:26:33.279   660   717 W CpuPowerCalculator: UID 10131 CPU cluster # mismatch: Power Profile # 2 actual # 6

12-15 18:26:33.279   660   717 W CpuPowerCalculator: UID 10133 CPU freq # mismatch: Power Profile # 2 actual # 12

12-15 18:26:33.279   660   717 W CpuPowerCalculator: UID 10133 CPU freq # mismatch: Power Profile # 2 actual # 12

12-15 18:26:33.279   660   717 W CpuPowerCalculator: UID 10133 CPU freq # mismatch: Power Profile # 2 actual # 12

12-15 18:26:33.279   660   717 W CpuPowerCalculator: UID 10133 CPU freq # mismatch: Power Profile # 2 actual # 12

12-15 18:26:33.279   660   717 W CpuPowerCalculator: UID 10133 CPU cluster # mismatch: Power Profile # 2 actual # 6

12-15 18:26:33.279   660   717 W CpuPowerCalculator: UID 10136 CPU freq # mismatch: Power Profile # 2 actual # 12

12-15 18:26:33.279   660   717 W CpuPowerCalculator: UID 10136 CPU freq # mismatch: Power Profile # 2 actual # 12

12-15 18:26:33.279   660   717 W CpuPowerCalculator: UID 10136 CPU freq # mismatch: Power Profile # 2 actual # 12

12-15 18:26:33.279   660   717 W CpuPowerCalculator: UID 10136 CPU freq # mismatch: Power Profile # 2 actual # 12

12-15 18:26:33.279   660   717 W CpuPowerCalculator: UID 10136 CPU cluster # mismatch: Power Profile # 2 actual # 6

12-15 18:26:33.279   660   717 W CpuPowerCalculator: UID 10139 CPU freq # mismatch: Power Profile # 2 actual # 12

12-15 18:26:33.279   660   717 W CpuPowerCalculator: UID 10139 CPU freq # mismatch: Power Profile # 2 actual # 12

12-15 18:26:33.279   660   717 W CpuPowerCalculator: UID 10139 CPU freq # mismatch: Power Profile # 2 actual # 12

12-15 18:26:33.279   660   717 W CpuPowerCalculator: UID 10139 CPU freq # mismatch: Power Profile # 2 actual # 12

12-15 18:26:33.279   660   717 W CpuPowerCalculator: UID 10139 CPU cluster # mismatch: Power Profile # 2 actual # 6

12-15 18:26:33.279   660   717 W CpuPowerCalculator: UID 10141 CPU freq # mismatch: Power Profile # 2 actual # 12

12-15 18:26:33.279   660   717 W CpuPowerCalculator: UID 10141 CPU freq # mismatch: Power Profile # 2 actual # 12

12-15 18:26:33.279   660   717 W CpuPowerCalculator: UID 10141 CPU freq # mismatch: Power Profile # 2 actual # 12

12-15 18:26:33.279   660   717 W CpuPowerCalculator: UID 10141 CPU cluster # mismatch: Power Profile # 2 actual # 6

12-15 18:26:33.279   660   717 W CpuPowerCalculator: UID 10142 CPU freq # mismatch: Power Profile # 2 actual # 12

12-15 18:26:33.278   660   717 W CpuPowerCalculator: UID 10142 CPU freq # mismatch: Power Profile # 2 actual # 12

12-15 18:26:33.278   660   717 W CpuPowerCalculator: UID 10142 CPU freq # mismatch: Power Profile # 2 actual # 12

12-15 18:26:33.278   660   717 W CpuPowerCalculator: UID 10142 CPU cluster # mismatch: Power Profile # 2 actual # 6

12-15 18:26:33.278   660   717 W CpuPowerCalculator: UID 10146 CPU freq # mismatch: Power Profile # 2 actual # 12

12-15 18:26:33.278   660   717 W CpuPowerCalculator: UID 10146 CPU freq # mismatch: Power Profile # 2 actual # 12

12-15 18:26:33.278   660   717 W CpuPowerCalculator: UID 10146 CPU freq # mismatch: Power Profile # 2 actual # 12

12-15 18:26:33.278   660   717 W CpuPowerCalculator: UID 10146 CPU freq # mismatch: Power Profile # 2 actual # 12

12-15 18:26:33.278   660   717 W CpuPowerCalculator: UID 10146 CPU cluster # mismatch: Power Profile # 2 actual # 6

12-15 18:26:33.278   660   717 W CpuPowerCalculator: UID 10149 CPU freq # mismatch: Power Profile # 2 actual # 12

12-15 18:26:33.278   660   717 W CpuPowerCalculator: UID 10149 CPU freq # mismatch: Power Profile # 2 actual # 12

12-15 18:26:33.278   660   717 W CpuPowerCalculator: UID 10149 CPU freq # mismatch: Power Profile # 2 actual # 12

12-15 18:26:33.278   660   717 W CpuPowerCalculator: UID 10149 CPU cluster # mismatch: Power Profile # 2 actual # 6

12-15 18:26:33.278   660   717 W CpuPowerCalculator: UID 10150 CPU freq # mismatch: Power Profile # 2 actual # 12

12-15 18:26:33.278   660   717 W CpuPowerCalculator: UID 10150 CPU freq # mismatch: Power Profile # 2 actual # 12

12-15 18:26:33.278   660   717 W CpuPowerCalculator: UID 10150 CPU freq # mismatch: Power Profile # 2 actual # 12

12-15 18:26:33.278   660   717 W CpuPowerCalculator: UID 10150 CPU cluster # mismatch: Power Profile # 2 actual # 6

12-15 18:26:33.278   660   717 W CpuPowerCalculator: UID 10155 CPU freq # mismatch: Power Profile # 2 actual # 12

12-15 18:26:33.278   660   717 W CpuPowerCalculator: UID 10155 CPU freq # mismatch: Power Profile # 2 actual # 12

12-15 18:26:33.278   660   717 W CpuPowerCalculator: UID 10155 CPU freq # mismatch: Power Profile # 2 actual # 12

12-15 18:26:33.278   660   717 W CpuPowerCalculator: UID 10155 CPU freq # mismatch: Power Profile # 2 actual # 12

12-15 18:26:33.278   660   717 W CpuPowerCalculator: UID 10155 CPU freq # mismatch: Power Profile # 2 actual # 12

12-15 18:26:33.278   660   717 W CpuPowerCalculator: UID 10155 CPU cluster # mismatch: Power Profile # 2 actual # 6

12-15 18:26:33.278   660   717 W CpuPowerCalculator: UID 10160 CPU freq # mismatch: Power Profile # 2 actual # 12

12-15 18:26:33.278   660   717 W CpuPowerCalculator: UID 10160 CPU freq # mismatch: Power Profile # 2 actual # 12

12-15 18:26:33.278   660   717 W CpuPowerCalculator: UID 10160 CPU freq # mismatch: Power Profile # 2 actual # 12

12-15 18:26:33.278   660   717 W CpuPowerCalculator: UID 10160 CPU freq # mismatch: Power Profile # 2 actual # 12

12-15 18:26:33.278   660   717 W CpuPowerCalculator: UID 10160 CPU cluster # mismatch: Power Profile # 2 actual # 6

12-15 18:26:33.278   660   717 W CpuPowerCalculator: UID 10162 CPU freq # mismatch: Power Profile # 2 actual # 12

12-15 18:26:33.278   660   717 W CpuPowerCalculator: UID 10162 CPU freq # mismatch: Power Profile # 2 actual # 12

12-15 18:26:33.278   660   717 W CpuPowerCalculator: UID 10162 CPU freq # mismatch: Power Profile # 2 actual # 12

12-15 18:26:33.278   660   717 W CpuPowerCalculator: UID 10162 CPU cluster # mismatch: Power Profile # 2 actual # 6

12-15 18:26:33.278   660   717 W CpuPowerCalculator: UID 10163 CPU freq # mismatch: Power Profile # 2 actual # 12

12-15 18:26:33.278   660   717 W CpuPowerCalculator: UID 10163 CPU freq # mismatch: Power Profile # 2 actual # 12

12-15 18:26:33.278   660   717 W CpuPowerCalculator: UID 10163 CPU freq # mismatch: Power Profile # 2 actual # 12

12-15 18:26:33.278   660   717 W CpuPowerCalculator: UID 10163 CPU cluster # mismatch: Power Profile # 2 actual # 6

12-15 18:26:33.277  1567  1628 W MediaProvider: Didn't find any volume for getVolume(/product/media/audio/ringtones/Ring_Synth_04.ogg)

12-15 18:26:33.276   411   470 I netd    : tetherGetStats() -> {[]} <0.86ms>

12-15 18:26:33.272   660 28261 I Telecom : AsyncRingtonePlayer: handlePlay: Play ringtone.: NCSSF.aC->ICFG.sF->ICFG.sF->ICFG.sF->CAMSM.pM_2002->ARP.hP@FCk

12-15 18:26:33.270   660  1268 I Telecom : Event: RecordEntry TC@14: START_RINGER, null: NCSSF.aC->ICFG.sF->ICFG.sF->ICFG.sF->CAMSM.pM_2002@FCk

12-15 18:26:33.269   660 18044 I Telecom : Ringer: startRinging timings: isRingerAudible: 0, letDialerHandleRinging: 0, isVolumeOverZero: 0, hasExternalRinger: 0, isSilentRingRequested: 0, isSelfManaged: 0, getRingtone: 43, isTheaterModeOn: 0, shouldRingForContact: 1, : NCSSF.aC->ICFG.sF->ICFG.sF->ICFG.sF->CAMSM.pM_2002->R.sR@FCk

12-15 18:26:33.269   660 18044 D Ringtone: Successfully created local player

12-15 18:26:33.261   566 28259 D GenericSource: FileSource remote

12-15 18:26:33.243   566 21257 D MediaPlayerService: OMX service is not available

12-15 18:26:33.242   263   263 I hwservicemanager: getTransport: Cannot find entry android.hardware.media.omx@1.0::IOmx/default in either framework or device VINTF manifest.

12-15 18:26:33.242   566 21257 D NuPlayerDriver: NuPlayerDriver(0x7aef895c22b0) created, clientPid(660)

12-15 18:26:33.239  1567  1628 I MediaProvider: Open with lower FS for /product/media/audio/ringtones/Ring_Synth_04.ogg. Uid: 1000

12-15 18:26:33.239  1567  1628 W MediaProvider: Didn't find any volume for getVolume(/product/media/audio/ringtones/Ring_Synth_04.ogg)

12-15 18:26:33.237   660  1635 D TelephonyManager: requestModemActivityInfo: Sending result to app: ModemActivityInfo{ mTimestamp=112111317 mSleepTimeMs=0 mIdleTimeMs=98497167 mActivityStatsTechSpecificInfo=[{mRat=UNKNOWN,mFrequencyRange=UNKNOWN,mTxTimeMs[]=[0, 0, 0, 0, 0],mRxTimeMs=0}]}

12-15 18:26:33.236 24113 24147 I DialerFilteredNumberAsyncQueryHandler: com.android.dialer.blocking.FilteredNumberAsyncQueryHandler.getBlockedNumberDatabaseId:140 checking blocked number

12-15 18:26:33.236 24113 24147 I DialerLegacyCountryDetector: com.android.dialer.location.LegacyCountryDetector.getCurrentCountryIso:131 returning Redacted-2-chars

12-15 18:26:33.233 24113 24113 I DialerDialerBubbleController: com.android.dialer.incall.bubble.dialerbubble.DialerBubbleController.lambda$onCallGraphUpdated$1:90 IN_CALL_UPDATE_MONITORING: fire update in the ui thread

12-15 18:26:33.233 24113 24113 I DialerDialerBubbleController: com.android.dialer.incall.bubble.dialerbubble.DialerBubbleController.onCallGraphUpdated:79 IN_CALL_UPDATE_MONITORING: enter

12-15 18:26:33.233 24113 24113 I DialerTiktokDataServiceInCallUpdateListener: com.android.dialer.incall.core.dataservice.impl.TiktokDataServiceInCallUpdateListener.onCallGraphUpdated:30 IN_CALL_UPDATE_MONITORING: enter

12-15 18:26:33.232 24113 24113 I DialerInCallProductionComponentAuthorityImpl: com.android.dialer.incall.core.dataservice.impl.InCallProductionComponentAuthorityImpl.postNewPrimaryCallGraph:67 IN_CALL_UPDATE_MONITORING: start building new call graph

12-15 18:26:33.232 24113 24113 I DialerInCallUpdatePropagatorImpl: com.android.dialer.incall.core.dataservice.impl.InCallUpdatePropagatorImpl$1.onSuccess:77 IN_CALL_UPDATE_MONITORING: fire update in the ui thread

12-15 18:26:33.232 24113 24113 I DialerTelecomEventUiThreadBlockedTimer: com.android.incallui.TelecomEventUiThreadBlockedTimer.lambda$onEvent$0:58 InCallService.uiThreadBlockedByTelecomEvent.onBind blocked UI thread for 9.05 ms

12-15 18:26:33.232 24113 24113 I DialerTelecomEventUiThreadBlockedTimer: com.android.incallui.TelecomEventUiThreadBlockedTimer.lambda$onEvent$0:58 InCallService.uiThreadBlockedByTelecomEvent.onCreate blocked UI thread for 10.01 ms

