12-15 18:31:13.560   660   708 W BroadcastQueue: Permission Denial: receiving Intent { act=android.intent.action.PHONE_STATE flg=0x1000010 (has extras) } to ProcessRecord{971f0c9 902:com.android.systemui/u0a142} (pid=902, uid=10142) requires android.permission.READ_PHONE_STATE due to sender android (uid 1000)

12-15 18:31:13.560   660   708 W BroadcastQueue: Permission Denial: receiving Intent { act=android.intent.action.PHONE_STATE flg=0x1000010 (has extras) } to ProcessRecord{971f0c9 902:com.android.systemui/u0a142} (pid=902, uid=10142) requires android.permission.READ_PHONE_STATE due to sender android (uid 1000)

12-15 18:31:13.560 24113 24139 I DialerHoldForMeTidepodsInternalsEnabledFn: com.android.incallui.atlas.ui.impl.tidepods.HoldForMeTidepodsInternalsEnabledFn.isEnabled:33 Hold For Me Tidepods internals disabled [CONTEXT ratelimit_period="1 MINUTES [skipped: 1]" ]

12-15 18:31:13.560 24113 24140 I DialerFlipObserverAccelerometerOnlyImpl: com.google.android.libraries.awareness.flip.impl.FlipObserverAccelerometerOnlyImpl.reset:128 resetting flip observer

12-15 18:31:13.560 24113 24140 I DialerFlipObserverAccelerometerOnlyImpl: com.google.android.libraries.awareness.flip.impl.FlipObserverAccelerometerOnlyImpl.cancel:70 Cancelling flipObserver

12-15 18:31:13.560 24113 24147 I DialerCallAnnouncer: com.android.dialer.callannouncer.impl.service.CallAnnouncer.lambda$cancelAnnouncement$3:145 cancelled announcement prior to tts being ready

12-15 18:31:13.559   660  2326 I Telecom : InCallController: Sending updateCall [Call id=TC@14, state=DISCONNECTED, tpac=ComponentInfo{com.android.phone/com.android.services.telephony.TelephonyConnectionService}, 1, UserHandle{0}, cmgr=ComponentInfo{com.android.phone/com.android.services.telephony.TelephonyConnectionService}, 1, UserHandle{0}, handle=tel:*********12, vidst=A, childs(0), has_parent(false), cap=[ sup_hld mut !v2a spd_aud], prop=[]], voip=false: CSW.sCC(cap)@FFY

12-15 18:31:13.559   660  2326 I Telecom : Event: RecordEntry TC@14: CONF_CALLS_CHANGED, : CSW.sCC(cap)@FFY

12-15 18:31:13.558 24113 24139 I DialerAtlasEnabledFn: com.android.incallui.atlas.ui.impl.AtlasEnabledFn.isEnabled:35 atlas disabled [CONTEXT ratelimit_period="1 MINUTES [skipped: 9]" ]

12-15 18:31:13.558 24113 24139 I DialerCallEventDriver: com.android.dialer.incall.core.call.events.impl.CallEventDriver.lambda$updateState$0:86 state REJECTED -> DISCONNECTION_STARTED

12-15 18:31:13.558 24113 24139 I DialerCountryCodeProvider: com.android.dialer.businessvoice.verifiedcall.impl.i18n.CountryCodeProvider.getSimCountryCodeInternal:83 returning Redacted-2-chars

12-15 18:31:13.558 24113 24139 I DialerCallEventDriver: com.android.dialer.incall.core.call.events.impl.CallEventDriver.lambda$updateState$0:86 state ANSWERING_ENDED -> REJECTED

12-15 18:31:13.558 24113 24139 I DialerCallAnnouncer: com.android.dialer.callannouncer.impl.service.CallAnnouncer.onCallRingingEnded:105 call ringing ended

12-15 18:31:13.558 24113 24139 I DialerFlipToSilenceCallEventListeners: com.android.dialer.fliptosilence.impl.FlipToSilenceCallEventListeners.onCallRingingEnded:67 call answered cancelling flipObserver

12-15 18:31:13.557 24113 24139 I DialerCallEventDriver: com.android.dialer.incall.core.call.events.impl.CallEventDriver.lambda$updateState$0:86 state ANSWERING_STARTED -> ANSWERING_ENDED

12-15 18:31:13.557   660  1263 I Telecom : CallAudioRouteStateMachine: turning speaker phone true: CSW.sDc->CAMSM.pM_1002->CARSM.pM_SWITCH_FOCUS(cap)@FFM

12-15 18:31:13.557   660  1263 I Telecom : ActiveSpeakerRoute: Processing message SWITCH_FOCUS: CSW.sDc->CAMSM.pM_1002->CARSM.pM_SWITCH_FOCUS(cap)@FFM

12-15 18:31:13.557   660  1263 I Telecom : CallAudioRouteStateMachine: Message received: SWITCH_FOCUS=4001, arg1=1: CSW.sDc->CAMSM.pM_1002->CARSM.pM_SWITCH_FOCUS(cap)@FFM

12-15 18:31:13.557 24113 24139 I DialerCallEventDriver: com.android.dialer.incall.core.call.events.impl.CallEventDriver$StateListener.onStateChanged:112 Telecom state RINGING -> DISCONNECTED

12-15 18:31:13.557   660  1268 I Telecom : CallAudioModeStateMachine: Audio focus entering UNFOCUSED state: CSW.sDc->CAMSM.pM_1002(cap)@FFM

12-15 18:31:13.557   660  1263 I Telecom : InCallController: Calling onAudioStateChanged, audioState: [AudioState isMuted: false, route: SPEAKER, supportedRouteMask: SPEAKER, activeBluetoothDevice: [null], supportedBluetoothDevices: []] -> [AudioState isMuted: false, route: SPEAKER, supportedRouteMask: SPEAKER, activeBluetoothDevice: [null], supportedBluetoothDevices: []]: CSW.sDc->CARSM.pM_UPDATE_SYSTEM_AUDIO_ROUTE(cap)@FFM

12-15 18:31:13.557   660  1263 I Telecom : CallAudioRouteStateMachine: setSystemAudioState: changing from [AudioState isMuted: false, route: SPEAKER, supportedRouteMask: SPEAKER, activeBluetoothDevice: [null], supportedBluetoothDevices: []] to [AudioState isMuted: false, route: SPEAKER, supportedRouteMask: SPEAKER, activeBluetoothDevice: [null], supportedBluetoothDevices: []]: CSW.sDc->CARSM.pM_UPDATE_SYSTEM_AUDIO_ROUTE(cap)@FFM

12-15 18:31:13.556   660  2326 I Telecom : InCallController: Components updated: [ComponentInfo{com.google.android.dialer/com.android.incallui.InCallServiceImpl}]: CSW.sCC(cap)@FFU

12-15 18:31:13.553   660  2326 I Telecom : InCallController: Sending updateCall [Call id=TC@14, state=DISCONNECTED, tpac=ComponentInfo{com.android.phone/com.android.services.telephony.TelephonyConnectionService}, 1, UserHandle{0}, cmgr=ComponentInfo{com.android.phone/com.android.services.telephony.TelephonyConnectionService}, 1, UserHandle{0}, handle=tel:*********12, vidst=A, childs(0), has_parent(false), cap=[ sup_hld mut !v2a spd_aud], prop=[]], voip=false: CSW.sCC(cap)@FFU

12-15 18:31:13.553   660  2326 I Telecom : Event: RecordEntry TC@14: CONF_CALLS_CHANGED, : CSW.sCC(cap)@FFU

12-15 18:31:13.553   660  2326 I Telecom : IncomingCallNotifier: updateIncomingCall: foundIncomingcall = null: CSW.sDc(cap)@FFM

12-15 18:31:13.553   660  2326 I Telecom : PhoneStateBroadcaster: Broadcasted state change: 0: CSW.sDc(cap)@FFM

12-15 18:31:13.546 24113 24113 I DialerDialerCall: com.android.incallui.call.DialerCall.updateFromTelecomCall:888 updateFromTelecomCall

12-15 18:31:13.545 24113 24113 I DialerSafetyHubAutoAssistedEmergencyCallDataParser: com.android.dialer.autoassistedemergencycall.impl.SafetyHubAutoAssistedEmergencyCallDataParser.getAutoAssistedEmergencyCallData:57 Failed to return data - bundle does not contain Assisted emergency call data

12-15 18:31:13.545 24113 24113 I DialerDialerCallBroadcaster: com.android.incallui.call.DialerCallBroadcaster.callDisconnected:33 callDisconnected

12-15 18:31:13.545 24113 24113 I DialerDialerCall: com.android.incallui.call.DialerCall$1.onStateChanged:393 newState: 7

12-15 18:31:13.544 24113 24113 I DialerCountryCodeProvider: com.android.dialer.businessvoice.verifiedcall.impl.i18n.CountryCodeProvider.getSimCountryCodeInternal:83 returning Redacted-2-chars

12-15 18:31:13.543   660  1268 I Telecom : CallAudioModeStateMachine: Message received: NO_MORE_RINGING_CALLS.: CSW.sDc->CAMSM.pM_1002(cap)@FFM

12-15 18:31:13.542 24113 24113 I DialerBounceEnabledFn: com.android.dialer.incall.bounce.BounceEnabledFn.isEnabled:38 Bounce voice UI is disabled. [CONTEXT ratelimit_period="1 MINUTES" ]

12-15 18:31:13.541 24113 24113 I DialerTidepodsVoiceDirectBootEnabledFn: com.android.dialer.incall.voice.impl.TidepodsVoiceDirectBootEnabledFn.isEnabled:59 Enabled by non-direct-boot flag [CONTEXT ratelimit_period="1 MINUTES [skipped: 72]" ]

12-15 18:31:13.539   660  1263 I Telecom : BluetoothRouteManager: getBluetoothAudioConnectedDevice: no service available.: CSW.sDc->CARSM.pM_UPDATE_SYSTEM_AUDIO_ROUTE(cap)@FFM

12-15 18:31:13.539   660  1263 I Telecom : ActiveSpeakerRoute: Processing message UPDATE_SYSTEM_AUDIO_ROUTE: CSW.sDc->CARSM.pM_UPDATE_SYSTEM_AUDIO_ROUTE(cap)@FFM

12-15 18:31:13.537   660  1263 I Telecom : CallAudioRouteStateMachine: Message received: UPDATE_SYSTEM_AUDIO_ROUTE=1201, arg1=0: CSW.sDc->CARSM.pM_UPDATE_SYSTEM_AUDIO_ROUTE(cap)@FFM

12-15 18:31:13.536   660  2326 I Telecom : InCallController: Components updated: [ComponentInfo{com.google.android.dialer/com.android.incallui.InCallServiceImpl}]: CSW.sDc(cap)@FFM

12-15 18:31:13.536   660  2326 I Telecom : InCallController: Sending updateCall [Call id=TC@14, state=DISCONNECTED, tpac=ComponentInfo{com.android.phone/com.android.services.telephony.TelephonyConnectionService}, 1, UserHandle{0}, cmgr=ComponentInfo{com.android.phone/com.android.services.telephony.TelephonyConnectionService}, 1, UserHandle{0}, handle=tel:*********12, vidst=A, childs(0), has_parent(false), cap=[ sup_hld mut !v2a spd_aud], prop=[]], voip=false: CSW.sDc(cap)@FFM

12-15 18:31:13.533   660  2326 W ContextImpl: Calling a method in the system process without a qualified user: android.app.ContextImpl.sendBroadcast:1204 android.content.ContextWrapper.sendBroadcast:505 com.android.server.telecom.CallLogManager.sendAddCallBroadcast:555 com.android.server.telecom.CallLogManager.logCall:382 com.android.server.telecom.CallLogManager.logCall:248 

12-15 18:31:13.532   660  2326 I Telecom : InCallWakeLockController: Releasing full wake lock: CSW.sDc(cap)@FFM

12-15 18:31:13.531   660  2326 I Telecom : TelecomWakeLock: Releasing WakeLock with id: 26: CSW.sDc(cap)@FFM

12-15 18:31:13.529   482   753 D AF::TrackHandle: OpPlayAudio: track:78 usage:3 not muted

12-15 18:31:13.529   482   753 D AF::TrackHandle: OpPlayAudio: track:78 usage:3 not muted

12-15 18:31:13.528   482   753 D AF::TrackHandle: OpPlayAudio: track:78 usage:3 not muted

12-15 18:31:13.528   482   753 D AF::TrackHandle: OpPlayAudio: track:78 usage:3 not muted

12-15 18:31:13.528   660  2326 I Telecom : Event: RecordEntry TC@14: SET_DISCONNECTED, disconnected set explicitly> DisconnectCause [ Code: (REJECTED) Label: () Description: () Reason: (INCOMING_REJECTED) Tone: (27)  TelephonyCause: 16/-1 ImsReasonInfo: null]: CSW.sDc(cap)@FFM

12-15 18:31:13.528   660  2326 I Telecom : CallsManager: setCallState RINGING -> DISCONNECTED, call: [Call id=TC@14, state=RINGING, tpac=ComponentInfo{com.android.phone/com.android.services.telephony.TelephonyConnectionService}, 1, UserHandle{0}, cmgr=ComponentInfo{com.android.phone/com.android.services.telephony.TelephonyConnectionService}, 1, UserHandle{0}, handle=tel:*********12, vidst=A, childs(0), has_parent(false), cap=[ sup_hld mut !v2a spd_aud], prop=[]], voip=false: CSW.sDc(cap)@FFM

12-15 18:31:13.528   482   482 D AF::TrackHandle: OpPlayAudio: track:78 usage:3 not muted

12-15 18:31:13.527   660  2326 I Telecom : InCallController: Components updated: [ComponentInfo{com.google.android.dialer/com.android.incallui.InCallServiceImpl}]: CSW.sSH(cap)@FFI

12-15 18:31:13.525  1089  1089 D Telephony: buildConnectionCapabilities: isHoldable = true State = 6 capabilities = 0

12-15 18:31:13.525  1089  1089 D Telephony: buildConnectionCapabilities: isHoldable = true State = 6 capabilities = 0

12-15 18:31:13.525  1089  1089 V Telephony: conferenceable: 0

12-15 18:31:13.525  1089  1089 V Telephony: TelephonyConferenceController: recalculateConferenceable : 0

12-15 18:31:13.524  1089  1089 D Telephony: not enough connections to be a conference!

12-15 18:31:13.524  1089  1089 D Telephony: Is there a match for all connections in connection service true

12-15 18:31:13.524  1089  1089 D Telephony: TelephonyConferenceController: Recalculate conference calls null [].

12-15 18:31:13.524  1089  1089 D Telephony: topHoldableCount = 0

12-15 18:31:13.524  1089  1089 I Telephony: GsmConnection: clearOriginalConnection; clearing= callId: TC@14_1 objId: 164520422 isExternal: N incoming: true state: DISCONNECTED post dial state: NOT_STARTED

12-15 18:31:13.524  1089  1089 V Telephony: close

12-15 18:31:13.524  1089  1089 V Telephony: conferenceable: 0

12-15 18:31:13.524  1089  1089 D Telephony: TelephonyConferenceController: recalc - 6 [TelephonyConnection objId:1105529 telecomCallID:TC@14_1 type:gsm state:DISCONNECTED capabilities:[Capabilities: CAPABILITY_SUPPORT_HOLD CAPABILITY_MUTE CAPABILITY_CANNOT_DOWNGRADE_VIDEO_TO_AUDIO CAPABILITY_SPEED_UP_MT_AUDIO] properties:[Properties:] address:[EKGBPu3o1PWJ_nnXxCzl7kDS2q8] originalConnection: callId: TC@14_1 objId: 164520422 isExternal: N incoming: true state: DISCONNECTED post dial state: NOT_STARTED partOfConf:N confSupported:Y isAdhocConf:N] supportsConf? true

12-15 18:31:13.524  1089  1089 V Telephony: TelephonyConferenceController: recalculateConferenceable : 1

12-15 18:31:13.523  1089  1089 D Telephony: not enough connections to be a conference!

12-15 18:31:13.523  1089  1089 D Telephony: Is there a match for all connections in connection service true

12-15 18:31:13.523  1089  1089 D Telephony: TelephonyConferenceController: Recalculate conference calls null [].

12-15 18:31:13.523  1089  1089 V Telephony: onStateChange triggered in Conf Controller : connection = [TelephonyConnection objId:1105529 telecomCallID:TC@14_1 type:gsm state:DISCONNECTED capabilities:[Capabilities: CAPABILITY_SUPPORT_HOLD CAPABILITY_MUTE CAPABILITY_CANNOT_DOWNGRADE_VIDEO_TO_AUDIO CAPABILITY_SPEED_UP_MT_AUDIO] properties:[Properties:] address:[EKGBPu3o1PWJ_nnXxCzl7kDS2q8] originalConnection: callId: TC@14_1 objId: 164520422 isExternal: N incoming: true state: DISCONNECTED post dial state: NOT_STARTED partOfConf:N confSupported:Y isAdhocConf:N] state = 6

12-15 18:31:13.523  1089  1089 V Telephony: conferenceable: 0

12-15 18:31:13.523  1089  1089 D Telephony: TelephonyConferenceController: recalc - 6 [TelephonyConnection objId:1105529 telecomCallID:TC@14_1 type:gsm state:DISCONNECTED capabilities:[Capabilities: CAPABILITY_SUPPORT_HOLD CAPABILITY_MUTE CAPABILITY_CANNOT_DOWNGRADE_VIDEO_TO_AUDIO CAPABILITY_SPEED_UP_MT_AUDIO] properties:[Properties:] address:[EKGBPu3o1PWJ_nnXxCzl7kDS2q8] originalConnection: callId: TC@14_1 objId: 164520422 isExternal: N incoming: true state: DISCONNECTED post dial state: NOT_STARTED partOfConf:N confSupported:Y isAdhocConf:N] supportsConf? true

12-15 18:31:13.523  1089  1089 V Telephony: TelephonyConferenceController: recalculateConferenceable : 1

12-15 18:31:13.523  1089  1089 D Telephony: not enough connections to be a conference!

12-15 18:31:13.523  1089  1089 D Telephony: Is there a match for all connections in connection service true

12-15 18:31:13.523  1089  1089 D Telephony: TelephonyConferenceController: Recalculate conference calls null [].

12-15 18:31:13.522   660  2326 I Telecom : InCallController: Sending updateCall [Call id=TC@14, state=RINGING, tpac=ComponentInfo{com.android.phone/com.android.services.telephony.TelephonyConnectionService}, 1, UserHandle{0}, cmgr=ComponentInfo{com.android.phone/com.android.services.telephony.TelephonyConnectionService}, 1, UserHandle{0}, handle=tel:*********12, vidst=A, childs(0), has_parent(false), cap=[ sup_hld mut !v2a spd_aud], prop=[]], voip=false: CSW.sSH(cap)@FFI

12-15 18:31:13.522  1089  1089 V Telephony: onStateChanged, state: DISCONNECTED

12-15 18:31:13.522   482   482 D AF::TrackHandle: OpPlayAudio: track:78 usage:3 not muted

12-15 18:31:13.521   482   482 D AF::TrackHandle: OpPlayAudio: track:78 usage:3 not muted

12-15 18:31:13.521   482   482 D AF::TrackHandle: OpPlayAudio: track:78 usage:3 not muted

12-15 18:31:13.521  1089  1089 V Telephony: GsmConnection: Update state from DISCONNECTING to DISCONNECTED for TC@14_1

12-15 18:31:13.521   482   482 D AF::TrackHandle: OpPlayAudio: track:78 usage:3 not muted

12-15 18:31:13.521   482   482 D AF::TrackHandle: OpPlayAudio: track:78 usage:3 not muted

12-15 18:31:13.520   482   482 D AF::TrackHandle: OpPlayAudio: track:78 usage:3 not muted

12-15 18:31:13.520   482   482 D AF::TrackHandle: OpPlayAudio: track:78 usage:3 not muted

12-15 18:31:13.519   482   482 D AF::TrackHandle: OpPlayAudio: track:78 usage:3 not muted

12-15 18:31:13.519   482   482 D AF::TrackHandle: OpPlayAudio: track:78 usage:3 not muted

12-15 18:31:13.519   482   482 D AF::TrackHandle: OpPlayAudio: track:78 usage:3 not muted

12-15 18:31:13.519   482   482 D AF::TrackHandle: OpPlayAudio: track:78 usage:3 not muted

12-15 18:31:13.517   482   482 D AF::TrackHandle: OpPlayAudio: track:78 usage:3 not muted

12-15 18:31:13.516   482   482 D AF::TrackHandle: OpPlayAudio: track:78 usage:3 not muted

12-15 18:31:13.515   482   482 D AF::TrackHandle: OpPlayAudio: track:78 usage:3 not muted

12-15 18:31:13.513   482   482 D AF::TrackHandle: OpPlayAudio: track:78 usage:3 not muted

12-15 18:31:13.512  1089  1089 I Telephony: : onDisconnect: callId=TC@14_1, cause=INCOMING_REJECTED

12-15 18:31:13.509   660  5401 I Telecom : InCallController: Components updated: [ComponentInfo{com.google.android.dialer/com.android.incallui.InCallServiceImpl}]: CSW.rE(cap)@FFE

12-15 18:31:13.508   660  5401 I Telecom : InCallController: Sending updateCall [Call id=TC@14, state=RINGING, tpac=ComponentInfo{com.android.phone/com.android.services.telephony.TelephonyConnectionService}, 1, UserHandle{0}, cmgr=ComponentInfo{com.android.phone/com.android.services.telephony.TelephonyConnectionService}, 1, UserHandle{0}, handle=tel:*********12, vidst=A, childs(0), has_parent(false), cap=[ sup_hld mut !v2a spd_aud], prop=[]], voip=false: CSW.rE(cap)@FFE

12-15 18:31:13.508   660  5401 I Telecom : InCallController: Components updated: [ComponentInfo{com.google.android.dialer/com.android.incallui.InCallServiceImpl}]: CSW.rE(cap)@FFA

12-15 18:31:13.507   660  5401 I Telecom : InCallController: Sending updateCall [Call id=TC@14, state=RINGING, tpac=ComponentInfo{com.android.phone/com.android.services.telephony.TelephonyConnectionService}, 1, UserHandle{0}, cmgr=ComponentInfo{com.android.phone/com.android.services.telephony.TelephonyConnectionService}, 1, UserHandle{0}, handle=tel:*********12, vidst=A, childs(0), has_parent(false), cap=[ sup_hld mut !v2a spd_aud], prop=[]], voip=false: CSW.rE(cap)@FFA

12-15 18:31:13.506   660  2418 I Telecom : InCallController: Components updated: [ComponentInfo{com.google.android.dialer/com.android.incallui.InCallServiceImpl}]: CSW.sSH(cap)@FE8

12-15 18:31:13.506  1089  1089 D Telephony: refreshConferenceSupported = true.

12-15 18:31:13.506  1089  1089 V Telephony: GsmConnection: refreshConferenceSupported : isConfSupp=true, isImsConfSupp=true, isVidConfSupp=false, isMergeOfWifiAllowed=true, isWifi=false, isVoWifiEnabled=false

12-15 18:31:13.504   660  2418 I Telecom : InCallController: Sending updateCall [Call id=TC@14, state=RINGING, tpac=ComponentInfo{com.android.phone/com.android.services.telephony.TelephonyConnectionService}, 1, UserHandle{0}, cmgr=ComponentInfo{com.android.phone/com.android.services.telephony.TelephonyConnectionService}, 1, UserHandle{0}, handle=tel:*********12, vidst=A, childs(0), has_parent(false), cap=[ sup_hld mut !v2a spd_aud], prop=[]], voip=false: CSW.sSH(cap)@FE8

12-15 18:31:13.504  1089  1089 D Telephony: buildConnectionCapabilities: isHoldable = true State = 2 capabilities = 262144

12-15 18:31:13.504  1089  1089 D Telephony: buildConnectionCapabilities: isHoldable = true State = 2 capabilities = 262144

12-15 18:31:13.504  1089  1089 V Telephony: GsmConnection: Update state from INCOMING to DISCONNECTING for TC@14_1

12-15 18:31:13.504  1089  1089 V Telephony: MSG_PRECISE_CALL_STATE_CHANGED

12-15 18:31:13.504  1089  1089 E MmTelFeatureConn [0]: ImsRegistrationCallbackAdapter: ImsRegistration is null

12-15 18:31:13.487   566 11650 D AudioTrack: stop(193): called with 0 frames delivered

12-15 18:31:13.486   660 28261 V MediaPlayer: cleanDrmObj: mDrmObj=null mDrmSessionId=null

12-15 18:31:13.486   660 28261 V MediaPlayer: resetDrmState:  mDrmInfo=null mDrmProvisioningThread=null mPrepareDrmInProgress=false mActiveDrmScheme=false

12-15 18:31:13.486   660 28261 V MediaPlayer: cleanDrmObj: mDrmObj=null mDrmSessionId=null

12-15 18:31:13.486   660 28261 V MediaPlayer: resetDrmState:  mDrmInfo=null mDrmProvisioningThread=null mPrepareDrmInProgress=false mActiveDrmScheme=false

12-15 18:31:13.484   566 11650 D NuPlayerDriver: reset(0x7aef895c0b50) at state 0

12-15 18:31:13.483   566 28265 D NuPlayerDriver: notifyResetComplete(0x7aef895c0b50)

12-15 18:31:13.477   579 18139 V C2Store : unloading dll

12-15 18:31:13.477   579 18139 V C2Store : in ~ComponentModule

12-15 18:31:13.476   579 18139 I hw-BpHwBinder: onLastStrongRef automatically unlinking death recipients

12-15 18:31:13.476   579 18139 I hw-BpHwBinder: onLastStrongRef automatically unlinking death recipients

12-15 18:31:13.475   566 28279 I hw-BpHwBinder: onLastStrongRef automatically unlinking death recipients

12-15 18:31:13.473   566 28279 D CCodecBuffers: [c2.android.vorbis.decoder#659:1D-Output.Impl[N]] Client returned a buffer it does not own according to our record: 2

12-15 18:31:13.473   566 28279 D CCodecBuffers: [c2.android.vorbis.decoder#659:1D-Output.Impl[N]] Client returned a buffer it does not own according to our record: 1

12-15 18:31:13.473   566 28279 D CCodecBuffers: [c2.android.vorbis.decoder#659:1D-Output.Impl[N]] Client returned a buffer it does not own according to our record: 0

12-15 18:31:13.448  1089  1089 V Telephony: isValidRingingCall, returning true

12-15 18:31:13.448  1089  1089 V Telephony: isValidRingingCall, returning true

12-15 18:31:13.447  1089  1089 V Telephony: performReject

12-15 18:31:13.447  1089  1089 I TelecomFramework: TelephonyConnectionService: reject TC@14_1: (ICA.rC)->CS.r->H.CS.r(cgad/cast)@E-FE4

12-15 18:31:13.446   660  2450 I Telecom : Event: RecordEntry TC@14: REQUEST_REJECT, internal: ICA.rC(cgad)@FE4

12-15 18:31:13.445   566 11650 D NuPlayerDriver: reset(0x7aef895c0b50) at state 5

12-15 18:31:13.445   660   713 E system_server: updateValue is called with a value {0, 0, 0, 0, 0, 0, 0, 0, 0, 0, 0, 0}, which is lower than the previous value {85, 0, 43, 0, 281, 0, 148, 0, 241, 0, 149, 0}

12-15 18:31:13.445   660 28261 I Telecom : AsyncRingtonePlayer: Stop ringtone.

12-15 18:31:13.436   660  2450 I Telecom : Logging.Events: Non-call EVENT: STOP_VIBRATOR, null: ICA.rC(cgad)@FE4

12-15 18:31:13.436   660  2450 I Telecom : Event: RecordEntry TC@14: STOP_RINGER, null: ICA.rC(cgad)@FE4

12-15 18:31:13.435 24113 24113 I DialerDialerCall: com.android.incallui.call.DialerCall.reject:2006 reject

12-15 18:31:13.435 24113 24113 I DialerLegacyNotificationBroadcastReceiver: com.android.incallui.LegacyNotificationBroadcastReceiver.onReceive:159 reject incoming call from notification

12-15 18:31:13.435 24113 24113 I DialerLogcatLoggingBindings: com.android.dialer.logging.logcat.LogcatLoggingBindings.logImpression:41 Impression: REJECT_INCOMING_CALL_FROM_NOTIFICATION

12-15 18:31:13.435 24113 24113 I DialerLegacyNotificationBroadcastReceiver: com.android.incallui.LegacyNotificationBroadcastReceiver.onReceive:131 received broadcast from notification: com.android.incallui.ACTION_DECLINE_INCOMING_CALL

12-15 18:31:13.431   660  2450 W ProcessStats: Tracking association SourceState{e0be7ad system/1000 BTopFgs #36317} whose proc state 2 is better than process ProcessState{eb9b040 com.google.android.dialer/10104 pkg=com.google.android.dialer} proc state 3 (5 skipped)

12-15 18:31:13.428   902  1109 D EGL_emulation: app_time_stats: avg=6701.94ms min=21.15ms max=13382.74ms count=2

12-15 18:31:13.278  1089  1089 D Telephony: MSG_CDMA_VOICE_PRIVACY_OFF received

12-15 18:31:12.769  1089  1089 D Telephony: MSG_CDMA_VOICE_PRIVACY_OFF received

12-15 18:31:12.259  1089  1089 D Telephony: MSG_CDMA_VOICE_PRIVACY_OFF received

12-15 18:31:11.880   566 28277 W NuPlayerRenderer: AudioSink stuck. ARE YOU CONNECTED TO AUDIO OUT? Switching to system clock.

12-15 18:31:11.748  1089  1089 D Telephony: MSG_CDMA_VOICE_PRIVACY_OFF received

12-15 18:31:11.236  1089  1089 D Telephony: MSG_CDMA_VOICE_PRIVACY_OFF received

12-15 18:31:10.756   566 28277 D AudioTrack: getTimestamp_l(193): device stall time corrected using current time 112388838543123

12-15 18:31:10.749   579 28280 D C2SoftVorbisDec: vorbis_dsp_synthesis returned -135; ignored

12-15 18:31:10.748   579 28280 D C2SoftVorbisDec: vorbis_dsp_synthesis returned -135; ignored

12-15 18:31:10.748   579 28280 D BufferPoolAccessor2.0: bufferpool2 0x7cb75faa1088 : 4(131072 size) total buffers - 1(32768 size) used buffers - 7051/7055 (recycle/alloc) - 62/6930 (fetch/transfer)

12-15 18:31:10.745   566 28279 D BufferPoolAccessor2.0: bufferpool2 0x7aefa95b29d8 : 9(294912 size) total buffers - 5(163840 size) used buffers - 7206/7215 (recycle/alloc) - 336/14112 (fetch/transfer)

12-15 18:31:10.744   566 28279 W Codec2Client: query -- param skipped: index = 2415921170.

12-15 18:31:10.744   566 28279 W Codec2Client: query -- param skipped: index = 1342179345.

12-15 18:31:10.743   566 28279 I CCodecConfig: query failed after returning 7 values (BAD_INDEX)

12-15 18:31:10.743   566 28278 D MediaCodec: keep callback message for reclaim

12-15 18:31:10.737   566 28277 W AudioTrack: pauseAndWait: timeout expired state:7 still pausing:7 after 40 ms

12-15 18:31:10.727  1089  1089 D Telephony: MSG_CDMA_VOICE_PRIVACY_OFF received

12-15 18:31:10.218  1089  1089 D Telephony: MSG_CDMA_VOICE_PRIVACY_OFF received

12-15 18:31:09.710  1089  1089 D Telephony: MSG_CDMA_VOICE_PRIVACY_OFF received

12-15 18:31:09.406   902   902 I ClipboardListener: Clipboard overlay suppressed.

12-15 18:31:09.404   660   882 E ClipboardService: Denying clipboard access to com.google.android.gms, application is not in focus nor is it a system service for user 0

12-15 18:31:09.404   660   882 E ClipboardService: Denying clipboard access to com.android.chrome, application is not in focus nor is it a system service for user 0

12-15 18:31:09.393   902   902 I ClipboardListener: Clipboard overlay suppressed.

12-15 18:31:09.389   660   881 E ClipboardService: Denying clipboard access to com.google.android.gms, application is not in focus nor is it a system service for user 0

12-15 18:31:09.389   660   881 E ClipboardService: Denying clipboard access to com.android.chrome, application is not in focus nor is it a system service for user 0

12-15 18:31:09.387   660   881 D androidtc: Initializing SystemTextClassifier, type = System

12-15 18:31:09.202  1089  1089 D Telephony: MSG_CDMA_VOICE_PRIVACY_OFF received

12-15 18:31:08.696  1089  1089 D Telephony: MSG_CDMA_VOICE_PRIVACY_OFF received

12-15 18:31:08.183  1089  1089 D Telephony: MSG_CDMA_VOICE_PRIVACY_OFF received

12-15 18:31:07.672  1089  1089 D Telephony: MSG_CDMA_VOICE_PRIVACY_OFF received

12-15 18:31:07.411   566 28277 D AudioTrack: stop(193): called with 162432 frames delivered

12-15 18:31:07.163  1089  1089 D Telephony: MSG_CDMA_VOICE_PRIVACY_OFF received

12-15 18:31:06.657  1089  1089 D Telephony: MSG_CDMA_VOICE_PRIVACY_OFF received

12-15 18:31:06.145  1089  1089 D Telephony: MSG_CDMA_VOICE_PRIVACY_OFF received

12-15 18:31:05.637  1089  1089 D Telephony: MSG_CDMA_VOICE_PRIVACY_OFF received

12-15 18:31:05.232   566 28277 W NuPlayerRenderer: AudioSink stuck. ARE YOU CONNECTED TO AUDIO OUT? Switching to system clock.

12-15 18:31:05.128  1089  1089 D Telephony: MSG_CDMA_VOICE_PRIVACY_OFF received

12-15 18:31:04.617  1089  1089 D Telephony: MSG_CDMA_VOICE_PRIVACY_OFF received

12-15 18:31:04.142   566 28277 D AudioTrack: getTimestamp_l(193): device stall time corrected using current time 112382223952764

12-15 18:31:04.137   579 28280 D C2SoftVorbisDec: vorbis_dsp_synthesis returned -135; ignored

12-15 18:31:04.135   579 28280 D C2SoftVorbisDec: vorbis_dsp_synthesis returned -135; ignored

12-15 18:31:04.134   579 28280 D BufferPoolAccessor2.0: bufferpool2 0x7cb75faa1088 : 4(131072 size) total buffers - 1(32768 size) used buffers - 6883/6887 (recycle/alloc) - 60/6765 (fetch/transfer)

12-15 18:31:04.131   566 28279 D BufferPoolAccessor2.0: bufferpool2 0x7aefa95b29d8 : 9(294912 size) total buffers - 5(163840 size) used buffers - 7036/7045 (recycle/alloc) - 328/13776 (fetch/transfer)

12-15 18:31:04.130   566 28279 W Codec2Client: query -- param skipped: index = 2415921170.

12-15 18:31:04.130   566 28279 W Codec2Client: query -- param skipped: index = 1342179345.

12-15 18:31:04.129   566 28279 I CCodecConfig: query failed after returning 7 values (BAD_INDEX)

12-15 18:31:04.128   566 28278 D MediaCodec: keep callback message for reclaim

12-15 18:31:04.121   566 28277 W AudioTrack: pauseAndWait: timeout expired state:7 still pausing:7 after 41 ms

12-15 18:31:04.106  1089  1089 D Telephony: MSG_CDMA_VOICE_PRIVACY_OFF received

12-15 18:31:03.589  1089  1089 D Telephony: MSG_CDMA_VOICE_PRIVACY_OFF received

12-15 18:31:03.078  1089  1089 D Telephony: MSG_CDMA_VOICE_PRIVACY_OFF received

12-15 18:31:02.567  1089  1089 D Telephony: MSG_CDMA_VOICE_PRIVACY_OFF received

12-15 18:31:02.060  1089  1089 D Telephony: MSG_CDMA_VOICE_PRIVACY_OFF received

12-15 18:31:01.549  1089  1089 D Telephony: MSG_CDMA_VOICE_PRIVACY_OFF received

12-15 18:31:01.038  1089  1089 D Telephony: MSG_CDMA_VOICE_PRIVACY_OFF received

12-15 18:31:00.817   566 28277 D AudioTrack: stop(193): called with 162432 frames delivered

12-15 18:31:00.816   566 28279 D CCodecBufferChannel: [c2.android.vorbis.decoder#659] buffers after EOS ignored (0 us)

12-15 18:31:00.527  1089  1089 D Telephony: MSG_CDMA_VOICE_PRIVACY_OFF received

12-15 18:31:00.024   902  1109 D EGL_emulation: app_time_stats: avg=6334.58ms min=6334.58ms max=6334.58ms count=1

12-15 18:31:00.015  1089  1089 D Telephony: MSG_CDMA_VOICE_PRIVACY_OFF received

12-15 18:31:00.008   660   660 W ActivityManager: Unbind failed: could not find connection for android.app.LoadedApk$ServiceDispatcher$InnerConnection@9812b80

12-15 18:31:00.007   660  2326 W RemoteSmartspaceService: could not bind to Intent { act=android.service.smartspace.SmartspaceService cmp=com.google.android.as/com.google.android.apps.miphone.aiai.app.AiAiSmartspaceService } using flags 67112961

12-15 18:31:00.007   660  2326 W ActivityManager: Unable to start service Intent { act=android.service.smartspace.SmartspaceService cmp=com.google.android.as/com.google.android.apps.miphone.aiai.app.AiAiSmartspaceService } U=0: not found

12-15 18:30:59.509  1089  1089 D Telephony: MSG_CDMA_VOICE_PRIVACY_OFF received

12-15 18:30:59.001  1089  1089 D Telephony: MSG_CDMA_VOICE_PRIVACY_OFF received

12-15 18:30:58.641   566 28277 W NuPlayerRenderer: AudioSink stuck. ARE YOU CONNECTED TO AUDIO OUT? Switching to system clock.

12-15 18:30:58.492  1089  1089 D Telephony: MSG_CDMA_VOICE_PRIVACY_OFF received

12-15 18:30:57.977  1089  1089 D Telephony: MSG_CDMA_VOICE_PRIVACY_OFF received

12-15 18:30:57.524   566 28277 D AudioTrack: getTimestamp_l(193): device stall time corrected using current time 112375606379836

12-15 18:30:57.515   579 28280 D C2SoftVorbisDec: vorbis_dsp_synthesis returned -135; ignored

12-15 18:30:57.515   579 28280 D C2SoftVorbisDec: vorbis_dsp_synthesis returned -135; ignored

12-15 18:30:57.515   579 28280 D BufferPoolAccessor2.0: bufferpool2 0x7cb75faa1088 : 4(131072 size) total buffers - 1(32768 size) used buffers - 6715/6719 (recycle/alloc) - 58/6600 (fetch/transfer)

12-15 18:30:57.512   566 28279 D BufferPoolAccessor2.0: bufferpool2 0x7aefa95b29d8 : 9(294912 size) total buffers - 5(163840 size) used buffers - 6865/6874 (recycle/alloc) - 320/13440 (fetch/transfer)

12-15 18:30:57.511   566 28279 W Codec2Client: query -- param skipped: index = 2415921170.

12-15 18:30:57.511   566 28279 W Codec2Client: query -- param skipped: index = 1342179345.

12-15 18:30:57.511   566 28279 I CCodecConfig: query failed after returning 7 values (BAD_INDEX)

12-15 18:30:57.510   566 28278 D MediaCodec: keep callback message for reclaim

12-15 18:30:57.500   566 28277 W AudioTrack: pauseAndWait: timeout expired state:7 still pausing:7 after 41 ms

12-15 18:30:57.467  1089  1089 D Telephony: MSG_CDMA_VOICE_PRIVACY_OFF received

12-15 18:30:56.960  1089  1089 D Telephony: MSG_CDMA_VOICE_PRIVACY_OFF received

12-15 18:30:56.451  1089  1089 D Telephony: MSG_CDMA_VOICE_PRIVACY_OFF received

12-15 18:30:55.942  1089  1089 D Telephony: MSG_CDMA_VOICE_PRIVACY_OFF received

12-15 18:30:55.432  1089  1089 D Telephony: MSG_CDMA_VOICE_PRIVACY_OFF received

12-15 18:30:54.917  1089  1089 D Telephony: MSG_CDMA_VOICE_PRIVACY_OFF received

12-15 18:30:54.407  1089  1089 D Telephony: MSG_CDMA_VOICE_PRIVACY_OFF received

12-15 18:30:54.220   566 28277 D AudioTrack: stop(193): called with 162432 frames delivered

12-15 18:30:54.217   566 28279 D CCodecBufferChannel: [c2.android.vorbis.decoder#659] buffers after EOS ignored (0 us)

12-15 18:30:54.217   566 28279 D CCodecBufferChannel: [c2.android.vorbis.decoder#659] buffers after EOS ignored (0 us)

12-15 18:30:53.899  1089  1089 D Telephony: MSG_CDMA_VOICE_PRIVACY_OFF received

12-15 18:30:53.691   902  1109 D EGL_emulation: app_time_stats: avg=20033.85ms min=20033.85ms max=20033.85ms count=1

12-15 18:30:53.689   902  1109 D EGL_emulation: app_time_stats: avg=20033.39ms min=20033.39ms max=20033.39ms count=1

12-15 18:30:53.383  1089  1089 D Telephony: MSG_CDMA_VOICE_PRIVACY_OFF received

12-15 18:30:52.869  1089  1089 D Telephony: MSG_CDMA_VOICE_PRIVACY_OFF received

12-15 18:30:52.355  1089  1089 D Telephony: MSG_CDMA_VOICE_PRIVACY_OFF received

12-15 18:30:52.050   566 28277 W NuPlayerRenderer: AudioSink stuck. ARE YOU CONNECTED TO AUDIO OUT? Switching to system clock.

12-15 18:30:51.844  1089  1089 D Telephony: MSG_CDMA_VOICE_PRIVACY_OFF received

12-15 18:30:51.336  1089  1089 D Telephony: MSG_CDMA_VOICE_PRIVACY_OFF received

12-15 18:30:50.933   566 28277 D AudioTrack: getTimestamp_l(193): device stall time corrected using current time 112369015456897

12-15 18:30:50.925   579 28280 D C2SoftVorbisDec: vorbis_dsp_synthesis returned -135; ignored

12-15 18:30:50.924   579 28280 D C2SoftVorbisDec: vorbis_dsp_synthesis returned -135; ignored

12-15 18:30:50.924   579 28280 D BufferPoolAccessor2.0: bufferpool2 0x7cb75faa1088 : 4(131072 size) total buffers - 1(32768 size) used buffers - 6547/6551 (recycle/alloc) - 56/6435 (fetch/transfer)

12-15 18:30:50.919   566 28279 D BufferPoolAccessor2.0: bufferpool2 0x7aefa95b29d8 : 9(294912 size) total buffers - 5(163840 size) used buffers - 6693/6702 (recycle/alloc) - 312/13104 (fetch/transfer)

12-15 18:30:50.918   566 28279 W Codec2Client: query -- param skipped: index = 2415921170.

12-15 18:30:50.918   566 28279 W Codec2Client: query -- param skipped: index = 1342179345.

12-15 18:30:50.917   566 28279 I CCodecConfig: query failed after returning 7 values (BAD_INDEX)

12-15 18:30:50.916   566 28278 D MediaCodec: keep callback message for reclaim

12-15 18:30:50.909   566 28277 W AudioTrack: pauseAndWait: timeout expired state:7 still pausing:7 after 42 ms

12-15 18:30:50.829  1089  1089 D Telephony: MSG_CDMA_VOICE_PRIVACY_OFF received

12-15 18:30:50.317  1089  1089 D Telephony: MSG_CDMA_VOICE_PRIVACY_OFF received

12-15 18:30:49.806  1089  1089 D Telephony: MSG_CDMA_VOICE_PRIVACY_OFF received

12-15 18:30:49.296  1089  1089 D Telephony: MSG_CDMA_VOICE_PRIVACY_OFF received

12-15 18:30:48.784  1089  1089 D Telephony: MSG_CDMA_VOICE_PRIVACY_OFF received

12-15 18:30:48.275  1089  1089 D Telephony: MSG_CDMA_VOICE_PRIVACY_OFF received

12-15 18:30:47.761  1089  1089 D Telephony: MSG_CDMA_VOICE_PRIVACY_OFF received

12-15 18:30:47.606   566 28277 D AudioTrack: stop(193): called with 162432 frames delivered

12-15 18:30:47.603   566 28279 D CCodecBufferChannel: [c2.android.vorbis.decoder#659] buffers after EOS ignored (0 us)

12-15 18:30:47.246  1089  1089 D Telephony: MSG_CDMA_VOICE_PRIVACY_OFF received

12-15 18:30:46.738  1089  1089 D Telephony: MSG_CDMA_VOICE_PRIVACY_OFF received

12-15 18:30:46.230  1089  1089 D Telephony: MSG_CDMA_VOICE_PRIVACY_OFF received

12-15 18:30:45.719  1089  1089 D Telephony: MSG_CDMA_VOICE_PRIVACY_OFF received

12-15 18:30:45.440   566 28277 W NuPlayerRenderer: AudioSink stuck. ARE YOU CONNECTED TO AUDIO OUT? Switching to system clock.

12-15 18:30:45.212  1089  1089 D Telephony: MSG_CDMA_VOICE_PRIVACY_OFF received

12-15 18:30:44.700  1089  1089 D Telephony: MSG_CDMA_VOICE_PRIVACY_OFF received

12-15 18:30:44.339   566 28277 D AudioTrack: getTimestamp_l(193): device stall time corrected using current time 112362421202742

12-15 18:30:44.332   579 28280 D C2SoftVorbisDec: vorbis_dsp_synthesis returned -135; ignored

12-15 18:30:44.330   579 28280 D C2SoftVorbisDec: vorbis_dsp_synthesis returned -135; ignored

12-15 18:30:44.330   579 28280 D BufferPoolAccessor2.0: bufferpool2 0x7cb75faa1088 : 4(131072 size) total buffers - 1(32768 size) used buffers - 6379/6383 (recycle/alloc) - 54/6270 (fetch/transfer)

12-15 18:30:44.328   566 28279 D BufferPoolAccessor2.0: bufferpool2 0x7aefa95b29d8 : 9(294912 size) total buffers - 5(163840 size) used buffers - 6522/6531 (recycle/alloc) - 304/12768 (fetch/transfer)

12-15 18:30:44.328   566 28279 W Codec2Client: query -- param skipped: index = 2415921170.

12-15 18:30:44.327   566 28279 W Codec2Client: query -- param skipped: index = 1342179345.

12-15 18:30:44.327   566 28279 I CCodecConfig: query failed after returning 7 values (BAD_INDEX)

12-15 18:30:44.326   566 28278 D MediaCodec: keep callback message for reclaim

12-15 18:30:44.321   565  7796 D AudioAnalytics: gc(1700, 2000): log size:1700 item map size:28, item map items:1700

12-15 18:30:44.318   566 28277 W AudioTrack: pauseAndWait: timeout expired state:7 still pausing:7 after 42 ms

12-15 18:30:44.188  1089  1089 D Telephony: MSG_CDMA_VOICE_PRIVACY_OFF received

12-15 18:30:43.679  1089  1089 D Telephony: MSG_CDMA_VOICE_PRIVACY_OFF received

12-15 18:30:43.170  1089  1089 D Telephony: MSG_CDMA_VOICE_PRIVACY_OFF received

12-15 18:30:42.662  1089  1089 D Telephony: MSG_CDMA_VOICE_PRIVACY_OFF received

12-15 18:30:42.155  1089  1089 D Telephony: MSG_CDMA_VOICE_PRIVACY_OFF received

12-15 18:30:41.644  1089  1089 D Telephony: MSG_CDMA_VOICE_PRIVACY_OFF received

12-15 18:30:41.130  1089  1089 D Telephony: MSG_CDMA_VOICE_PRIVACY_OFF received

12-15 18:30:41.056   566 28277 D AudioTrack: stop(193): called with 162432 frames delivered

12-15 18:30:41.054   566 28279 D CCodecBufferChannel: [c2.android.vorbis.decoder#659] buffers after EOS ignored (0 us)

12-15 18:30:41.054   566 28279 D CCodecBufferChannel: [c2.android.vorbis.decoder#659] buffers after EOS ignored (0 us)

12-15 18:30:40.619  1089  1089 D Telephony: MSG_CDMA_VOICE_PRIVACY_OFF received

12-15 18:30:40.109  1089  1089 D Telephony: MSG_CDMA_VOICE_PRIVACY_OFF received

12-15 18:30:39.600  1089  1089 D Telephony: MSG_CDMA_VOICE_PRIVACY_OFF received

12-15 18:30:39.083  1089  1089 D Telephony: MSG_CDMA_VOICE_PRIVACY_OFF received

12-15 18:30:38.873   566 28277 W NuPlayerRenderer: AudioSink stuck. ARE YOU CONNECTED TO AUDIO OUT? Switching to system clock.

12-15 18:30:38.574  1089  1089 D Telephony: MSG_CDMA_VOICE_PRIVACY_OFF received

12-15 18:30:38.063  1089  1089 D Telephony: MSG_CDMA_VOICE_PRIVACY_OFF received

12-15 18:30:37.885   660  2450 D WifiNative: Scan result ready event

12-15 18:30:37.885   660  2450 D WifiNl80211Manager: Scan result ready event

12-15 18:30:37.746   566 28277 D AudioTrack: getTimestamp_l(193): device stall time corrected using current time 112355828616177

12-15 18:30:37.739   579 28280 D C2SoftVorbisDec: vorbis_dsp_synthesis returned -135; ignored

12-15 18:30:37.737   579 28280 D C2SoftVorbisDec: vorbis_dsp_synthesis returned -135; ignored

12-15 18:30:37.737   579 28280 D BufferPoolAccessor2.0: bufferpool2 0x7cb75faa1088 : 4(131072 size) total buffers - 1(32768 size) used buffers - 6211/6215 (recycle/alloc) - 54/6105 (fetch/transfer)

12-15 18:30:37.731   566 28279 D BufferPoolAccessor2.0: bufferpool2 0x7aefa95b29d8 : 9(294912 size) total buffers - 5(163840 size) used buffers - 6350/6359 (recycle/alloc) - 296/12432 (fetch/transfer)

12-15 18:30:37.730   566 28279 W Codec2Client: query -- param skipped: index = 2415921170.

12-15 18:30:37.730   566 28279 W Codec2Client: query -- param skipped: index = 1342179345.

12-15 18:30:37.729   566 28279 I CCodecConfig: query failed after returning 7 values (BAD_INDEX)

12-15 18:30:37.729   566 28278 D MediaCodec: keep callback message for reclaim

12-15 18:30:37.719   566 28277 W AudioTrack: pauseAndWait: timeout expired state:7 still pausing:7 after 41 ms

12-15 18:30:37.544  1089  1089 D Telephony: MSG_CDMA_VOICE_PRIVACY_OFF received

12-15 18:30:37.033  1089  1089 D Telephony: MSG_CDMA_VOICE_PRIVACY_OFF received

12-15 18:30:36.523  1089  1089 D Telephony: MSG_CDMA_VOICE_PRIVACY_OFF received

12-15 18:30:36.011  1089  1089 D Telephony: MSG_CDMA_VOICE_PRIVACY_OFF received

12-15 18:30:35.504  1089  1089 D Telephony: MSG_CDMA_VOICE_PRIVACY_OFF received

12-15 18:30:34.991  1089  1089 D Telephony: MSG_CDMA_VOICE_PRIVACY_OFF received

12-15 18:30:34.474  1089  1089 D Telephony: MSG_CDMA_VOICE_PRIVACY_OFF received

12-15 18:30:34.445   566 28277 D AudioTrack: stop(193): called with 162432 frames delivered

12-15 18:30:34.444   566 28279 D CCodecBufferChannel: [c2.android.vorbis.decoder#659] buffers after EOS ignored (0 us)

12-15 18:30:34.444   566 28279 D CCodecBufferChannel: [c2.android.vorbis.decoder#659] buffers after EOS ignored (0 us)

12-15 18:30:34.443   566 28279 D CCodecBufferChannel: [c2.android.vorbis.decoder#659] buffers after EOS ignored (0 us)

12-15 18:30:33.964  1089  1089 D Telephony: MSG_CDMA_VOICE_PRIVACY_OFF received

12-15 18:30:33.657   902  1109 D EGL_emulation: app_time_stats: avg=120163.02ms min=120163.02ms max=120163.02ms count=1

12-15 18:30:33.655   902  1109 D EGL_emulation: app_time_stats: avg=16815.62ms min=20.14ms max=33611.11ms count=2

12-15 18:30:33.449  1089  1089 D Telephony: MSG_CDMA_VOICE_PRIVACY_OFF received

12-15 18:30:32.940  1089  1089 D Telephony: MSG_CDMA_VOICE_PRIVACY_OFF received

12-15 18:30:32.429  1089  1089 D Telephony: MSG_CDMA_VOICE_PRIVACY_OFF received

12-15 18:30:32.266   566 28277 W NuPlayerRenderer: AudioSink stuck. ARE YOU CONNECTED TO AUDIO OUT? Switching to system clock.

12-15 18:30:31.919  1089  1089 D Telephony: MSG_CDMA_VOICE_PRIVACY_OFF received

12-15 18:30:31.410  1089  1089 D Telephony: MSG_CDMA_VOICE_PRIVACY_OFF received

12-15 18:30:31.141   566 28277 D AudioTrack: getTimestamp_l(193): device stall time corrected using current time 112349223341648

12-15 18:30:31.133   579 28280 D C2SoftVorbisDec: vorbis_dsp_synthesis returned -135; ignored

12-15 18:30:31.132   579 28280 D C2SoftVorbisDec: vorbis_dsp_synthesis returned -135; ignored

12-15 18:30:31.132   579 28280 D BufferPoolAccessor2.0: bufferpool2 0x7cb75faa1088 : 4(131072 size) total buffers - 1(32768 size) used buffers - 6043/6047 (recycle/alloc) - 52/5940 (fetch/transfer)

12-15 18:30:31.128   566 28279 D BufferPoolAccessor2.0: bufferpool2 0x7aefa95b29d8 : 9(294912 size) total buffers - 5(163840 size) used buffers - 6177/6186 (recycle/alloc) - 288/12096 (fetch/transfer)

12-15 18:30:31.127   566 28279 W Codec2Client: query -- param skipped: index = 2415921170.

12-15 18:30:31.127   566 28279 W Codec2Client: query -- param skipped: index = 1342179345.

12-15 18:30:31.127   566 28279 I CCodecConfig: query failed after returning 7 values (BAD_INDEX)

12-15 18:30:31.125   566 28278 D MediaCodec: keep callback message for reclaim

12-15 18:30:31.118   566 28277 W AudioTrack: pauseAndWait: timeout expired state:7 still pausing:7 after 42 ms

12-15 18:30:30.902  1089  1089 D Telephony: MSG_CDMA_VOICE_PRIVACY_OFF received

12-15 18:30:30.392  1089  1089 D Telephony: MSG_CDMA_VOICE_PRIVACY_OFF received

12-15 18:30:29.885  1089  1089 D Telephony: MSG_CDMA_VOICE_PRIVACY_OFF received

12-15 18:30:29.375  1089  1089 D Telephony: MSG_CDMA_VOICE_PRIVACY_OFF received

12-15 18:30:28.866  1089  1089 D Telephony: MSG_CDMA_VOICE_PRIVACY_OFF received

12-15 18:30:28.354  1089  1089 D Telephony: MSG_CDMA_VOICE_PRIVACY_OFF received

12-15 18:30:27.848   566 28277 D AudioTrack: stop(193): called with 162432 frames delivered

12-15 18:30:27.847   566 28279 D CCodecBufferChannel: [c2.android.vorbis.decoder#659] buffers after EOS ignored (0 us)

12-15 18:30:27.845   566 28279 D CCodecBufferChannel: [c2.android.vorbis.decoder#659] buffers after EOS ignored (0 us)

12-15 18:30:27.844  1089  1089 D Telephony: MSG_CDMA_VOICE_PRIVACY_OFF received

12-15 18:30:27.329  1089  1089 D Telephony: MSG_CDMA_VOICE_PRIVACY_OFF received

12-15 18:30:26.817  1089  1089 D Telephony: MSG_CDMA_VOICE_PRIVACY_OFF received

12-15 18:30:26.308  1089  1089 D Telephony: MSG_CDMA_VOICE_PRIVACY_OFF received

12-15 18:30:25.797  1089  1089 D Telephony: MSG_CDMA_VOICE_PRIVACY_OFF received

12-15 18:30:25.671   566 28277 W NuPlayerRenderer: AudioSink stuck. ARE YOU CONNECTED TO AUDIO OUT? Switching to system clock.

12-15 18:30:25.284  1089  1089 D Telephony: MSG_CDMA_VOICE_PRIVACY_OFF received

12-15 18:30:24.774  1089  1089 D Telephony: MSG_CDMA_VOICE_PRIVACY_OFF received

12-15 18:30:24.550   566 28277 D AudioTrack: getTimestamp_l(193): device stall time corrected using current time 112342632710843

12-15 18:30:24.543   579 28280 D C2SoftVorbisDec: vorbis_dsp_synthesis returned -135; ignored

12-15 18:30:24.542   579 28280 D C2SoftVorbisDec: vorbis_dsp_synthesis returned -135; ignored

12-15 18:30:24.541   579 28280 D BufferPoolAccessor2.0: bufferpool2 0x7cb75faa1088 : 4(131072 size) total buffers - 1(32768 size) used buffers - 5875/5879 (recycle/alloc) - 51/5775 (fetch/transfer)

12-15 18:30:24.537   566 28279 D BufferPoolAccessor2.0: bufferpool2 0x7aefa95b29d8 : 9(294912 size) total buffers - 5(163840 size) used buffers - 6005/6014 (recycle/alloc) - 280/11760 (fetch/transfer)

12-15 18:30:24.536   566 28279 W Codec2Client: query -- param skipped: index = 2415921170.

12-15 18:30:24.536   566 28279 W Codec2Client: query -- param skipped: index = 1342179345.

12-15 18:30:24.535   566 28279 I CCodecConfig: query failed after returning 7 values (BAD_INDEX)

12-15 18:30:24.535   566 28278 D MediaCodec: keep callback message for reclaim

12-15 18:30:24.525   566 28277 W AudioTrack: pauseAndWait: timeout expired state:7 still pausing:7 after 42 ms

12-15 18:30:24.262  1089  1089 D Telephony: MSG_CDMA_VOICE_PRIVACY_OFF received

12-15 18:30:23.746  1089  1089 D Telephony: MSG_CDMA_VOICE_PRIVACY_OFF received

12-15 18:30:23.240  1089  1089 D Telephony: MSG_CDMA_VOICE_PRIVACY_OFF received

12-15 18:30:22.730  1089  1089 D Telephony: MSG_CDMA_VOICE_PRIVACY_OFF received

12-15 18:30:22.223  1089  1089 D Telephony: MSG_CDMA_VOICE_PRIVACY_OFF received

12-15 18:30:21.714  1089  1089 D Telephony: MSG_CDMA_VOICE_PRIVACY_OFF received

12-15 18:30:21.267   566 28277 D AudioTrack: stop(193): called with 162432 frames delivered

12-15 18:30:21.198  1089  1089 D Telephony: MSG_CDMA_VOICE_PRIVACY_OFF received

12-15 18:30:20.689  1089  1089 D Telephony: MSG_CDMA_VOICE_PRIVACY_OFF received

12-15 18:30:20.175  1089  1089 D Telephony: MSG_CDMA_VOICE_PRIVACY_OFF received

12-15 18:30:19.664  1089  1089 D Telephony: MSG_CDMA_VOICE_PRIVACY_OFF received

12-15 18:30:19.152  1089  1089 D Telephony: MSG_CDMA_VOICE_PRIVACY_OFF received

12-15 18:30:19.070   566 28277 W NuPlayerRenderer: AudioSink stuck. ARE YOU CONNECTED TO AUDIO OUT? Switching to system clock.

12-15 18:30:18.640  1089  1089 D Telephony: MSG_CDMA_VOICE_PRIVACY_OFF received

12-15 18:30:18.132  1089  1089 D Telephony: MSG_CDMA_VOICE_PRIVACY_OFF received

12-15 18:30:17.989   566 28277 W AudioTrack: getTimestamp_l(193): retrograde timestamp time corrected, 112336069528514 < 112336069749435

12-15 18:30:17.962   566 28277 D AudioTrack: getTimestamp_l(193): device stall time corrected using current time 112336044230816

12-15 18:30:17.955   579 28280 D C2SoftVorbisDec: vorbis_dsp_synthesis returned -135; ignored

12-15 18:30:17.955   579 28280 D C2SoftVorbisDec: vorbis_dsp_synthesis returned -135; ignored

12-15 18:30:17.954   579 28280 D BufferPoolAccessor2.0: bufferpool2 0x7cb75faa1088 : 4(131072 size) total buffers - 1(32768 size) used buffers - 5707/5711 (recycle/alloc) - 49/5610 (fetch/transfer)

12-15 18:30:17.953   566 28279 D BufferPoolAccessor2.0: bufferpool2 0x7aefa95b29d8 : 9(294912 size) total buffers - 5(163840 size) used buffers - 5835/5844 (recycle/alloc) - 272/11424 (fetch/transfer)

12-15 18:30:17.952   566 28279 W Codec2Client: query -- param skipped: index = 2415921170.

12-15 18:30:17.952   566 28279 W Codec2Client: query -- param skipped: index = 1342179345.

12-15 18:30:17.952   566 28279 I CCodecConfig: query failed after returning 7 values (BAD_INDEX)

12-15 18:30:17.951   566 28278 D MediaCodec: keep callback message for reclaim

12-15 18:30:17.944   566 28277 W AudioTrack: pauseAndWait: timeout expired state:7 still pausing:7 after 41 ms

12-15 18:30:17.620  1089  1089 D Telephony: MSG_CDMA_VOICE_PRIVACY_OFF received

12-15 18:30:17.110  1089  1089 D Telephony: MSG_CDMA_VOICE_PRIVACY_OFF received

12-15 18:30:16.602  1089  1089 D Telephony: MSG_CDMA_VOICE_PRIVACY_OFF received

12-15 18:30:16.083  1089  1089 D Telephony: MSG_CDMA_VOICE_PRIVACY_OFF received

12-15 18:30:15.570  1089  1089 D Telephony: MSG_CDMA_VOICE_PRIVACY_OFF received

12-15 18:30:15.208   660  2450 W ProcessStats: Tracking association SourceState{e0be7ad system/1000 BTopFgs #36311} whose proc state 2 is better than process ProcessState{eb9b040 com.google.android.dialer/10104 pkg=com.google.android.dialer} proc state 3 (17 skipped)

12-15 18:30:15.057  1089  1089 D Telephony: MSG_CDMA_VOICE_PRIVACY_OFF received

12-15 18:30:14.645   566 28277 D AudioTrack: stop(193): called with 162432 frames delivered

12-15 18:30:14.642   566 28279 D CCodecBufferChannel: [c2.android.vorbis.decoder#659] buffers after EOS ignored (0 us)

12-15 18:30:14.550  1089  1089 D Telephony: MSG_CDMA_VOICE_PRIVACY_OFF received

12-15 18:30:14.034  1089  1089 D Telephony: MSG_CDMA_VOICE_PRIVACY_OFF received

12-15 18:30:13.523  1089  1089 D Telephony: MSG_CDMA_VOICE_PRIVACY_OFF received

12-15 18:30:13.014  1089  1089 D Telephony: MSG_CDMA_VOICE_PRIVACY_OFF received

12-15 18:30:12.504  1089  1089 D Telephony: MSG_CDMA_VOICE_PRIVACY_OFF received

