12-15 18:29:25.185   579 28280 D C2SoftVorbisDec: vorbis_dsp_synthesis returned -135; ignored

12-15 18:29:25.183   579 28280 D C2SoftVorbisDec: vorbis_dsp_synthesis returned -135; ignored

12-15 18:29:25.183   579 28280 D BufferPoolAccessor2.0: bufferpool2 0x7cb75faa1088 : 4(131072 size) total buffers - 1(32768 size) used buffers - 4363/4367 (recycle/alloc) - 37/4290 (fetch/transfer)

12-15 18:29:25.180   566 28279 D BufferPoolAccessor2.0: bufferpool2 0x7aefa95b29d8 : 9(294912 size) total buffers - 5(163840 size) used buffers - 4461/4470 (recycle/alloc) - 208/8736 (fetch/transfer)

12-15 18:29:25.179   566 28279 W Codec2Client: query -- param skipped: index = 2415921170.

12-15 18:29:25.179   566 28279 W Codec2Client: query -- param skipped: index = 1342179345.

12-15 18:29:25.178   566 28279 I CCodecConfig: query failed after returning 7 values (BAD_INDEX)

12-15 18:29:25.177   566 28278 D MediaCodec: keep callback message for reclaim

12-15 18:29:25.167   566 28277 W AudioTrack: pauseAndWait: timeout expired state:7 still pausing:7 after 41 ms

12-15 18:29:24.997  1089  1089 D Telephony: MSG_CDMA_VOICE_PRIVACY_OFF received

12-15 18:29:24.487  1089  1089 D Telephony: MSG_CDMA_VOICE_PRIVACY_OFF received

12-15 18:29:23.972  1089  1089 D Telephony: MSG_CDMA_VOICE_PRIVACY_OFF received

12-15 18:29:23.457  1089  1089 D Telephony: MSG_CDMA_VOICE_PRIVACY_OFF received

12-15 18:29:22.941  1089  1089 D Telephony: MSG_CDMA_VOICE_PRIVACY_OFF received

12-15 18:29:22.432  1089  1089 D Telephony: MSG_CDMA_VOICE_PRIVACY_OFF received

12-15 18:29:21.920  1089  1089 D Telephony: MSG_CDMA_VOICE_PRIVACY_OFF received

12-15 18:29:21.912   566 28277 D AudioTrack: stop(193): called with 162432 frames delivered

12-15 18:29:21.411  1089  1089 D Telephony: MSG_CDMA_VOICE_PRIVACY_OFF received

12-15 18:29:20.899  1089  1089 D Telephony: MSG_CDMA_VOICE_PRIVACY_OFF received

12-15 18:29:20.426   566 28258 D NuPlayerDriver: notifyResetComplete(0x7aef895c22b0)

12-15 18:29:20.423   566 11650 D NuPlayerDriver: reset(0x7aef895c22b0) at state 4

12-15 18:29:20.423   660   679 V MediaPlayer: cleanDrmObj: mDrmObj=null mDrmSessionId=null

12-15 18:29:20.423   660   679 V MediaPlayer: resetDrmState:  mDrmInfo=null mDrmProvisioningThread=null mPrepareDrmInProgress=false mActiveDrmScheme=false

12-15 18:29:20.420   566 28263 D NuPlayerDriver: notifyResetComplete(0x7aef895bf6b0)

12-15 18:29:20.417   566 11650 D NuPlayerDriver: reset(0x7aef895bf6b0) at state 4

12-15 18:29:20.417   660   679 V MediaPlayer: cleanDrmObj: mDrmObj=null mDrmSessionId=null

12-15 18:29:20.417   660   679 V MediaPlayer: resetDrmState:  mDrmInfo=null mDrmProvisioningThread=null mPrepareDrmInProgress=false mActiveDrmScheme=false

12-15 18:29:20.387  1089  1089 D Telephony: MSG_CDMA_VOICE_PRIVACY_OFF received

12-15 18:29:19.875  1089  1089 D Telephony: MSG_CDMA_VOICE_PRIVACY_OFF received

12-15 18:29:19.730   566 28277 W NuPlayerRenderer: AudioSink stuck. ARE YOU CONNECTED TO AUDIO OUT? Switching to system clock.

12-15 18:29:19.366  1089  1089 D Telephony: MSG_CDMA_VOICE_PRIVACY_OFF received

12-15 18:29:18.854  1089  1089 D Telephony: MSG_CDMA_VOICE_PRIVACY_OFF received

12-15 18:29:18.607   566 28277 D AudioTrack: getTimestamp_l(193): device stall time corrected using current time 112276689423747

12-15 18:29:18.599   579 28280 D C2SoftVorbisDec: vorbis_dsp_synthesis returned -135; ignored

12-15 18:29:18.598   579 28280 D C2SoftVorbisDec: vorbis_dsp_synthesis returned -135; ignored

12-15 18:29:18.598   579 28280 D BufferPoolAccessor2.0: bufferpool2 0x7cb75faa1088 : 4(131072 size) total buffers - 1(32768 size) used buffers - 4195/4199 (recycle/alloc) - 37/4125 (fetch/transfer)

12-15 18:29:18.596   566 28279 D BufferPoolAccessor2.0: bufferpool2 0x7aefa95b29d8 : 9(294912 size) total buffers - 5(163840 size) used buffers - 4291/4300 (recycle/alloc) - 200/8400 (fetch/transfer)

12-15 18:29:18.595   566 28279 W Codec2Client: query -- param skipped: index = 2415921170.

12-15 18:29:18.595   566 28279 W Codec2Client: query -- param skipped: index = 1342179345.

12-15 18:29:18.594   566 28279 I CCodecConfig: query failed after returning 7 values (BAD_INDEX)

12-15 18:29:18.592   566 28278 D MediaCodec: keep callback message for reclaim

12-15 18:29:18.585   566 28277 W AudioTrack: pauseAndWait: timeout expired state:7 still pausing:7 after 42 ms

12-15 18:29:18.338  1089  1089 D Telephony: MSG_CDMA_VOICE_PRIVACY_OFF received

12-15 18:29:17.827  1089  1089 D Telephony: MSG_CDMA_VOICE_PRIVACY_OFF received

12-15 18:29:17.315  1089  1089 D Telephony: MSG_CDMA_VOICE_PRIVACY_OFF received

12-15 18:29:16.806  1089  1089 D Telephony: MSG_CDMA_VOICE_PRIVACY_OFF received

12-15 18:29:16.298  1089  1089 D Telephony: MSG_CDMA_VOICE_PRIVACY_OFF received

12-15 18:29:15.787  1089  1089 D Telephony: MSG_CDMA_VOICE_PRIVACY_OFF received

12-15 18:29:15.315   566 28277 D AudioTrack: stop(193): called with 162432 frames delivered

12-15 18:29:15.312   566 28279 D CCodecBufferChannel: [c2.android.vorbis.decoder#659] buffers after EOS ignored (0 us)

12-15 18:29:15.312   566 28279 D CCodecBufferChannel: [c2.android.vorbis.decoder#659] buffers after EOS ignored (0 us)

12-15 18:29:15.311   566 28279 D CCodecBufferChannel: [c2.android.vorbis.decoder#659] buffers after EOS ignored (0 us)

12-15 18:29:15.276  1089  1089 D Telephony: MSG_CDMA_VOICE_PRIVACY_OFF received

12-15 18:29:14.767  1089  1089 D Telephony: MSG_CDMA_VOICE_PRIVACY_OFF received

12-15 18:29:14.257  1089  1089 D Telephony: MSG_CDMA_VOICE_PRIVACY_OFF received

12-15 18:29:13.747  1089  1089 D Telephony: MSG_CDMA_VOICE_PRIVACY_OFF received

12-15 18:29:13.235  1089  1089 D Telephony: MSG_CDMA_VOICE_PRIVACY_OFF received

12-15 18:29:13.120   566 28277 W NuPlayerRenderer: AudioSink stuck. ARE YOU CONNECTED TO AUDIO OUT? Switching to system clock.

12-15 18:29:12.723  1089  1089 D Telephony: MSG_CDMA_VOICE_PRIVACY_OFF received

12-15 18:29:12.208  1089  1089 D Telephony: MSG_CDMA_VOICE_PRIVACY_OFF received

12-15 18:29:12.008   566 28277 D AudioTrack: getTimestamp_l(193): device stall time corrected using current time 112270090905301

12-15 18:29:12.002   579 28280 D C2SoftVorbisDec: vorbis_dsp_synthesis returned -135; ignored

12-15 18:29:12.000   579 28280 D C2SoftVorbisDec: vorbis_dsp_synthesis returned -135; ignored

12-15 18:29:12.000   579 28280 D BufferPoolAccessor2.0: bufferpool2 0x7cb75faa1088 : 4(131072 size) total buffers - 1(32768 size) used buffers - 4027/4031 (recycle/alloc) - 35/3960 (fetch/transfer)

12-15 18:29:11.997   566 28279 D BufferPoolAccessor2.0: bufferpool2 0x7aefa95b29d8 : 9(294912 size) total buffers - 5(163840 size) used buffers - 4118/4127 (recycle/alloc) - 192/8064 (fetch/transfer)

12-15 18:29:11.996   566 28279 W Codec2Client: query -- param skipped: index = 2415921170.

12-15 18:29:11.996   566 28279 W Codec2Client: query -- param skipped: index = 1342179345.

12-15 18:29:11.996   566 28279 I CCodecConfig: query failed after returning 7 values (BAD_INDEX)

12-15 18:29:11.995   566 28278 D MediaCodec: keep callback message for reclaim

12-15 18:29:11.989   566 28277 W AudioTrack: pauseAndWait: timeout expired state:7 still pausing:7 after 42 ms

12-15 18:29:11.697  1089  1089 D Telephony: MSG_CDMA_VOICE_PRIVACY_OFF received

12-15 18:29:11.183  1089  1089 D Telephony: MSG_CDMA_VOICE_PRIVACY_OFF received

12-15 18:29:10.672  1089  1089 D Telephony: MSG_CDMA_VOICE_PRIVACY_OFF received

12-15 18:29:10.159  1089  1089 D Telephony: MSG_CDMA_VOICE_PRIVACY_OFF received

12-15 18:29:09.650  1089  1089 D Telephony: MSG_CDMA_VOICE_PRIVACY_OFF received

12-15 18:29:09.139  1089  1089 D Telephony: MSG_CDMA_VOICE_PRIVACY_OFF received

12-15 18:29:08.729   566 28277 D AudioTrack: stop(193): called with 162432 frames delivered

12-15 18:29:08.728   566 28279 D CCodecBufferChannel: [c2.android.vorbis.decoder#659] buffers after EOS ignored (0 us)

12-15 18:29:08.727   566 28279 D CCodecBufferChannel: [c2.android.vorbis.decoder#659] buffers after EOS ignored (0 us)

12-15 18:29:08.630  1089  1089 D Telephony: MSG_CDMA_VOICE_PRIVACY_OFF received

12-15 18:29:08.120  1089  1089 D Telephony: MSG_CDMA_VOICE_PRIVACY_OFF received

12-15 18:29:07.604  1089  1089 D Telephony: MSG_CDMA_VOICE_PRIVACY_OFF received

12-15 18:29:07.095  1089  1089 D Telephony: MSG_CDMA_VOICE_PRIVACY_OFF received

12-15 18:29:06.585  1089  1089 D Telephony: MSG_CDMA_VOICE_PRIVACY_OFF received

12-15 18:29:06.543   566 28277 W NuPlayerRenderer: AudioSink stuck. ARE YOU CONNECTED TO AUDIO OUT? Switching to system clock.

12-15 18:29:06.071  1089  1089 D Telephony: MSG_CDMA_VOICE_PRIVACY_OFF received

12-15 18:29:05.558  1089  1089 D Telephony: MSG_CDMA_VOICE_PRIVACY_OFF received

12-15 18:29:05.425   566 28277 D AudioTrack: getTimestamp_l(193): device stall time corrected using current time 112263507317126

12-15 18:29:05.417   579 28280 D C2SoftVorbisDec: vorbis_dsp_synthesis returned -135; ignored

12-15 18:29:05.416   579 28280 D C2SoftVorbisDec: vorbis_dsp_synthesis returned -135; ignored

12-15 18:29:05.416   579 28280 D BufferPoolAccessor2.0: bufferpool2 0x7cb75faa1088 : 4(131072 size) total buffers - 1(32768 size) used buffers - 3859/3863 (recycle/alloc) - 33/3795 (fetch/transfer)

12-15 18:29:05.412   566 28279 D BufferPoolAccessor2.0: bufferpool2 0x7aefa95b29d8 : 9(294912 size) total buffers - 5(163840 size) used buffers - 3946/3955 (recycle/alloc) - 184/7728 (fetch/transfer)

12-15 18:29:05.411   566 28279 W Codec2Client: query -- param skipped: index = 2415921170.

12-15 18:29:05.411   566 28279 W Codec2Client: query -- param skipped: index = 1342179345.

12-15 18:29:05.410   566 28279 I CCodecConfig: query failed after returning 7 values (BAD_INDEX)

12-15 18:29:05.409   566 28278 D MediaCodec: keep callback message for reclaim

12-15 18:29:05.403   566 28277 W AudioTrack: pauseAndWait: timeout expired state:7 still pausing:7 after 41 ms

12-15 18:29:05.049  1089  1089 D Telephony: MSG_CDMA_VOICE_PRIVACY_OFF received

12-15 18:29:04.536  1089  1089 D Telephony: MSG_CDMA_VOICE_PRIVACY_OFF received

12-15 18:29:04.024  1089  1089 D Telephony: MSG_CDMA_VOICE_PRIVACY_OFF received

12-15 18:29:03.515  1089  1089 D Telephony: MSG_CDMA_VOICE_PRIVACY_OFF received

12-15 18:29:02.996  1089  1089 D Telephony: MSG_CDMA_VOICE_PRIVACY_OFF received

12-15 18:29:02.479  1089  1089 D Telephony: MSG_CDMA_VOICE_PRIVACY_OFF received

12-15 18:29:02.123   566 28277 D AudioTrack: stop(193): called with 162432 frames delivered

12-15 18:29:02.123   566 28279 D CCodecBufferChannel: [c2.android.vorbis.decoder#659] buffers after EOS ignored (0 us)

12-15 18:29:02.121   566 28279 D CCodecBufferChannel: [c2.android.vorbis.decoder#659] buffers after EOS ignored (0 us)

12-15 18:29:01.968  1089  1089 D Telephony: MSG_CDMA_VOICE_PRIVACY_OFF received

12-15 18:29:01.456  1089  1089 D Telephony: MSG_CDMA_VOICE_PRIVACY_OFF received

12-15 18:29:00.946  1089  1089 D Telephony: MSG_CDMA_VOICE_PRIVACY_OFF received

12-15 18:29:00.430  1089  1089 D Telephony: MSG_CDMA_VOICE_PRIVACY_OFF received

12-15 18:29:00.023   902  1109 D EGL_emulation: app_time_stats: avg=26531.45ms min=26531.45ms max=26531.45ms count=1

12-15 18:29:00.010   660   660 W ActivityManager: Unbind failed: could not find connection for android.app.LoadedApk$ServiceDispatcher$InnerConnection@5ebc1c1

12-15 18:29:00.010   660  2418 W RemoteSmartspaceService: could not bind to Intent { act=android.service.smartspace.SmartspaceService cmp=com.google.android.as/com.google.android.apps.miphone.aiai.app.AiAiSmartspaceService } using flags 67112961

12-15 18:29:00.010   660  2418 W ActivityManager: Unable to start service Intent { act=android.service.smartspace.SmartspaceService cmp=com.google.android.as/com.google.android.apps.miphone.aiai.app.AiAiSmartspaceService } U=0: not found

12-15 18:28:59.961   566 28277 W NuPlayerRenderer: AudioSink stuck. ARE YOU CONNECTED TO AUDIO OUT? Switching to system clock.

12-15 18:28:59.914  1089  1089 D Telephony: MSG_CDMA_VOICE_PRIVACY_OFF received

12-15 18:28:59.405  1089  1089 D Telephony: MSG_CDMA_VOICE_PRIVACY_OFF received

12-15 18:28:58.895  1089  1089 D Telephony: MSG_CDMA_VOICE_PRIVACY_OFF received

12-15 18:28:58.839   566 11650 D AudioTrack: getTimestamp_l(193): device stall time corrected using current time 112256921519159

12-15 18:28:58.830   579 28280 D C2SoftVorbisDec: vorbis_dsp_synthesis returned -135; ignored

12-15 18:28:58.829   579 28280 D C2SoftVorbisDec: vorbis_dsp_synthesis returned -135; ignored

12-15 18:28:58.828   579 28280 D BufferPoolAccessor2.0: bufferpool2 0x7cb75faa1088 : 4(131072 size) total buffers - 1(32768 size) used buffers - 3691/3695 (recycle/alloc) - 31/3630 (fetch/transfer)

12-15 18:28:58.826   566 28279 D BufferPoolAccessor2.0: bufferpool2 0x7aefa95b29d8 : 9(294912 size) total buffers - 5(163840 size) used buffers - 3774/3783 (recycle/alloc) - 176/7392 (fetch/transfer)

12-15 18:28:58.826   566 28279 W Codec2Client: query -- param skipped: index = 2415921170.

12-15 18:28:58.825   566 28279 W Codec2Client: query -- param skipped: index = 1342179345.

12-15 18:28:58.825   566 28279 I CCodecConfig: query failed after returning 7 values (BAD_INDEX)

12-15 18:28:58.824   566 28278 D MediaCodec: keep callback message for reclaim

12-15 18:28:58.819   566 28277 W AudioTrack: pauseAndWait: timeout expired state:7 still pausing:7 after 42 ms

12-15 18:28:58.382  1089  1089 D Telephony: MSG_CDMA_VOICE_PRIVACY_OFF received

12-15 18:28:57.874  1089  1089 D Telephony: MSG_CDMA_VOICE_PRIVACY_OFF received

12-15 18:28:57.365  1089  1089 D Telephony: MSG_CDMA_VOICE_PRIVACY_OFF received

12-15 18:28:56.851  1089  1089 D Telephony: MSG_CDMA_VOICE_PRIVACY_OFF received

12-15 18:28:56.342  1089  1089 D Telephony: MSG_CDMA_VOICE_PRIVACY_OFF received

12-15 18:28:55.826  1089  1089 D Telephony: MSG_CDMA_VOICE_PRIVACY_OFF received

12-15 18:28:55.575   566 28277 D AudioTrack: stop(193): called with 162432 frames delivered

12-15 18:28:55.575   566 28279 D CCodecBufferChannel: [c2.android.vorbis.decoder#659] buffers after EOS ignored (0 us)

12-15 18:28:55.572   566 28279 D CCodecBufferChannel: [c2.android.vorbis.decoder#659] buffers after EOS ignored (0 us)

12-15 18:28:55.570   566 28279 D CCodecBufferChannel: [c2.android.vorbis.decoder#659] buffers after EOS ignored (0 us)

12-15 18:28:55.313  1089  1089 D Telephony: MSG_CDMA_VOICE_PRIVACY_OFF received

12-15 18:28:54.806  1089  1089 D Telephony: MSG_CDMA_VOICE_PRIVACY_OFF received

12-15 18:28:54.294  1089  1089 D Telephony: MSG_CDMA_VOICE_PRIVACY_OFF received

12-15 18:28:53.786  1089  1089 D Telephony: MSG_CDMA_VOICE_PRIVACY_OFF received

12-15 18:28:53.378   566 28277 W NuPlayerRenderer: AudioSink stuck. ARE YOU CONNECTED TO AUDIO OUT? Switching to system clock.

12-15 18:28:53.279  1089  1089 D Telephony: MSG_CDMA_VOICE_PRIVACY_OFF received

12-15 18:28:52.769  1089  1089 D Telephony: MSG_CDMA_VOICE_PRIVACY_OFF received

12-15 18:28:52.259  1089  1089 D Telephony: MSG_CDMA_VOICE_PRIVACY_OFF received

12-15 18:28:52.258   566 28277 D AudioTrack: getTimestamp_l(193): device stall time corrected using current time 112250340211713

12-15 18:28:52.249   579 28280 D C2SoftVorbisDec: vorbis_dsp_synthesis returned -135; ignored

12-15 18:28:52.246   579 28280 D C2SoftVorbisDec: vorbis_dsp_synthesis returned -135; ignored

12-15 18:28:52.246   579 28280 D BufferPoolAccessor2.0: bufferpool2 0x7cb75faa1088 : 4(131072 size) total buffers - 1(32768 size) used buffers - 3523/3527 (recycle/alloc) - 29/3465 (fetch/transfer)

12-15 18:28:52.244   566 28279 D BufferPoolAccessor2.0: bufferpool2 0x7aefa95b29d8 : 9(294912 size) total buffers - 5(163840 size) used buffers - 3601/3610 (recycle/alloc) - 168/7056 (fetch/transfer)

12-15 18:28:52.244   566 28279 W Codec2Client: query -- param skipped: index = 2415921170.

12-15 18:28:52.244   566 28279 W Codec2Client: query -- param skipped: index = 1342179345.

12-15 18:28:52.243   566 28279 I CCodecConfig: query failed after returning 7 values (BAD_INDEX)

12-15 18:28:52.242   566 28278 D MediaCodec: keep callback message for reclaim

12-15 18:28:52.236   566 28277 W AudioTrack: pauseAndWait: timeout expired state:7 still pausing:7 after 41 ms

12-15 18:28:51.752  1089  1089 D Telephony: MSG_CDMA_VOICE_PRIVACY_OFF received

12-15 18:28:51.242  1089  1089 D Telephony: MSG_CDMA_VOICE_PRIVACY_OFF received

12-15 18:28:50.733  1089  1089 D Telephony: MSG_CDMA_VOICE_PRIVACY_OFF received

12-15 18:28:50.223  1089  1089 D Telephony: MSG_CDMA_VOICE_PRIVACY_OFF received

12-15 18:28:49.713  1089  1089 D Telephony: MSG_CDMA_VOICE_PRIVACY_OFF received

12-15 18:28:49.201  1089  1089 D Telephony: MSG_CDMA_VOICE_PRIVACY_OFF received

12-15 18:28:48.933   566 28277 D AudioTrack: stop(193): called with 162432 frames delivered

12-15 18:28:48.931   566 28279 D CCodecBufferChannel: [c2.android.vorbis.decoder#659] buffers after EOS ignored (0 us)

12-15 18:28:48.691  1089  1089 D Telephony: MSG_CDMA_VOICE_PRIVACY_OFF received

12-15 18:28:48.181  1089  1089 D Telephony: MSG_CDMA_VOICE_PRIVACY_OFF received

12-15 18:28:47.665  1089  1089 D Telephony: MSG_CDMA_VOICE_PRIVACY_OFF received

12-15 18:28:47.157  1089  1089 D Telephony: MSG_CDMA_VOICE_PRIVACY_OFF received

12-15 18:28:46.760   566 28277 W NuPlayerRenderer: AudioSink stuck. ARE YOU CONNECTED TO AUDIO OUT? Switching to system clock.

12-15 18:28:46.640  1089  1089 D Telephony: MSG_CDMA_VOICE_PRIVACY_OFF received

12-15 18:28:46.128  1089  1089 D Telephony: MSG_CDMA_VOICE_PRIVACY_OFF received

12-15 18:28:45.918   660   779 D ActivityManager: freezing 23885 com.android.calllogbackup

12-15 18:28:45.657   566 28277 D AudioTrack: getTimestamp_l(193): device stall time corrected using current time 112243739203288

12-15 18:28:45.650   579 28280 D C2SoftVorbisDec: vorbis_dsp_synthesis returned -135; ignored

12-15 18:28:45.649   579 28280 D C2SoftVorbisDec: vorbis_dsp_synthesis returned -135; ignored

12-15 18:28:45.649   579 28280 D BufferPoolAccessor2.0: bufferpool2 0x7cb75faa1088 : 4(131072 size) total buffers - 1(32768 size) used buffers - 3355/3359 (recycle/alloc) - 27/3300 (fetch/transfer)

12-15 18:28:45.644   566 28279 D BufferPoolAccessor2.0: bufferpool2 0x7aefa95b29d8 : 9(294912 size) total buffers - 5(163840 size) used buffers - 3430/3439 (recycle/alloc) - 160/6720 (fetch/transfer)

12-15 18:28:45.644   566 28279 W Codec2Client: query -- param skipped: index = 2415921170.

12-15 18:28:45.644   566 28279 W Codec2Client: query -- param skipped: index = 1342179345.

12-15 18:28:45.644   566 28279 I CCodecConfig: query failed after returning 7 values (BAD_INDEX)

12-15 18:28:45.641   566 28278 D MediaCodec: keep callback message for reclaim

12-15 18:28:45.633   566 28277 W AudioTrack: pauseAndWait: timeout expired state:7 still pausing:7 after 43 ms

12-15 18:28:45.620  1089  1089 D Telephony: MSG_CDMA_VOICE_PRIVACY_OFF received

12-15 18:28:45.112  1089  1089 D Telephony: MSG_CDMA_VOICE_PRIVACY_OFF received

12-15 18:28:44.597  1089  1089 D Telephony: MSG_CDMA_VOICE_PRIVACY_OFF received

12-15 18:28:44.087  1089  1089 D Telephony: MSG_CDMA_VOICE_PRIVACY_OFF received

12-15 18:28:43.575  1089  1089 D Telephony: MSG_CDMA_VOICE_PRIVACY_OFF received

12-15 18:28:43.064  1089  1089 D Telephony: MSG_CDMA_VOICE_PRIVACY_OFF received

12-15 18:28:42.554  1089  1089 D Telephony: MSG_CDMA_VOICE_PRIVACY_OFF received

12-15 18:28:42.362   566 28277 D AudioTrack: stop(193): called with 162432 frames delivered

12-15 18:28:42.361   566 28279 D CCodecBufferChannel: [c2.android.vorbis.decoder#659] buffers after EOS ignored (0 us)

12-15 18:28:42.360   566 28279 D CCodecBufferChannel: [c2.android.vorbis.decoder#659] buffers after EOS ignored (0 us)

12-15 18:28:42.044  1089  1089 D Telephony: MSG_CDMA_VOICE_PRIVACY_OFF received

12-15 18:28:41.966   660  2450 W ProcessStats: Tracking association SourceState{e0be7ad system/1000 BTopFgs #36277} whose proc state 2 is better than process ProcessState{eb9b040 com.google.android.dialer/10104 pkg=com.google.android.dialer} proc state 3 (0 skipped)

12-15 18:28:41.530  1089  1089 D Telephony: MSG_CDMA_VOICE_PRIVACY_OFF received

12-15 18:28:41.021  1089  1089 D Telephony: MSG_CDMA_VOICE_PRIVACY_OFF received

12-15 18:28:40.513  1089  1089 D Telephony: MSG_CDMA_VOICE_PRIVACY_OFF received

12-15 18:28:40.186   566 28277 W NuPlayerRenderer: AudioSink stuck. ARE YOU CONNECTED TO AUDIO OUT? Switching to system clock.

12-15 18:28:40.005  1089  1089 D Telephony: MSG_CDMA_VOICE_PRIVACY_OFF received

12-15 18:28:39.494  1089  1089 D Telephony: MSG_CDMA_VOICE_PRIVACY_OFF received

12-15 18:28:39.067   566 28277 D AudioTrack: getTimestamp_l(193): device stall time corrected using current time 112237149724928

12-15 18:28:39.060   579 28280 D C2SoftVorbisDec: vorbis_dsp_synthesis returned -135; ignored

12-15 18:28:39.057   579 28280 D C2SoftVorbisDec: vorbis_dsp_synthesis returned -135; ignored

12-15 18:28:39.057   579 28280 D BufferPoolAccessor2.0: bufferpool2 0x7cb75faa1088 : 4(131072 size) total buffers - 1(32768 size) used buffers - 3187/3191 (recycle/alloc) - 25/3135 (fetch/transfer)

12-15 18:28:39.054   566 28279 D BufferPoolAccessor2.0: bufferpool2 0x7aefa95b29d8 : 9(294912 size) total buffers - 5(163840 size) used buffers - 3258/3267 (recycle/alloc) - 152/6384 (fetch/transfer)

12-15 18:28:39.053   566 28279 W Codec2Client: query -- param skipped: index = 2415921170.

12-15 18:28:39.053   566 28279 W Codec2Client: query -- param skipped: index = 1342179345.

12-15 18:28:39.053   566 28279 I CCodecConfig: query failed after returning 7 values (BAD_INDEX)

12-15 18:28:39.052   566 28278 D MediaCodec: keep callback message for reclaim

12-15 18:28:39.044   566 28277 W AudioTrack: pauseAndWait: timeout expired state:7 still pausing:7 after 41 ms

12-15 18:28:38.979  1089  1089 D Telephony: MSG_CDMA_VOICE_PRIVACY_OFF received

12-15 18:28:38.466  1089  1089 D Telephony: MSG_CDMA_VOICE_PRIVACY_OFF received

12-15 18:28:37.958  1089  1089 D Telephony: MSG_CDMA_VOICE_PRIVACY_OFF received

12-15 18:28:37.441  1089  1089 D Telephony: MSG_CDMA_VOICE_PRIVACY_OFF received

12-15 18:28:36.929  1089  1089 D Telephony: MSG_CDMA_VOICE_PRIVACY_OFF received

12-15 18:28:36.419  1089  1089 D Telephony: MSG_CDMA_VOICE_PRIVACY_OFF received

12-15 18:28:35.911  1089  1089 D Telephony: MSG_CDMA_VOICE_PRIVACY_OFF received

12-15 18:28:35.776   566 28277 D AudioTrack: stop(193): called with 162432 frames delivered

12-15 18:28:35.775   566 28279 D CCodecBufferChannel: [c2.android.vorbis.decoder#659] buffers after EOS ignored (0 us)

12-15 18:28:35.774   566 28279 D CCodecBufferChannel: [c2.android.vorbis.decoder#659] buffers after EOS ignored (0 us)

12-15 18:28:35.773   566 28279 D CCodecBufferChannel: [c2.android.vorbis.decoder#659] buffers after EOS ignored (0 us)

12-15 18:28:35.404  1089  1089 D Telephony: MSG_CDMA_VOICE_PRIVACY_OFF received

12-15 18:28:34.893  1089  1089 D Telephony: MSG_CDMA_VOICE_PRIVACY_OFF received

12-15 18:28:34.380  1089  1089 D Telephony: MSG_CDMA_VOICE_PRIVACY_OFF received

12-15 18:28:33.869  1089  1089 D Telephony: MSG_CDMA_VOICE_PRIVACY_OFF received

12-15 18:28:33.586   566 28277 W NuPlayerRenderer: AudioSink stuck. ARE YOU CONNECTED TO AUDIO OUT? Switching to system clock.

12-15 18:28:33.494   902  1109 D EGL_emulation: app_time_stats: avg=20032.07ms min=20032.07ms max=20032.07ms count=1

12-15 18:28:33.491   902  1109 D EGL_emulation: app_time_stats: avg=20035.80ms min=20035.80ms max=20035.80ms count=1

12-15 18:28:33.361  1089  1089 D Telephony: MSG_CDMA_VOICE_PRIVACY_OFF received

12-15 18:28:32.854  1089  1089 D Telephony: MSG_CDMA_VOICE_PRIVACY_OFF received

12-15 18:28:32.465   566 28277 D AudioTrack: getTimestamp_l(193): device stall time corrected using current time 112230547743478

12-15 18:28:32.458   579 28280 D C2SoftVorbisDec: vorbis_dsp_synthesis returned -135; ignored

12-15 18:28:32.456   579 28280 D C2SoftVorbisDec: vorbis_dsp_synthesis returned -135; ignored

12-15 18:28:32.456   579 28280 D BufferPoolAccessor2.0: bufferpool2 0x7cb75faa1088 : 4(131072 size) total buffers - 1(32768 size) used buffers - 3019/3023 (recycle/alloc) - 23/2970 (fetch/transfer)

12-15 18:28:32.454   566 28279 D BufferPoolAccessor2.0: bufferpool2 0x7aefa95b29d8 : 9(294912 size) total buffers - 5(163840 size) used buffers - 3085/3094 (recycle/alloc) - 144/6048 (fetch/transfer)

12-15 18:28:32.453   566 28279 W Codec2Client: query -- param skipped: index = 2415921170.

12-15 18:28:32.453   566 28279 W Codec2Client: query -- param skipped: index = 1342179345.

12-15 18:28:32.451   566 28279 I CCodecConfig: query failed after returning 7 values (BAD_INDEX)

12-15 18:28:32.450   566 28278 D MediaCodec: keep callback message for reclaim

12-15 18:28:32.444   566 28277 W AudioTrack: pauseAndWait: timeout expired state:7 still pausing:7 after 41 ms

12-15 18:28:32.344  1089  1089 D Telephony: MSG_CDMA_VOICE_PRIVACY_OFF received

12-15 18:28:31.833  1089  1089 D Telephony: MSG_CDMA_VOICE_PRIVACY_OFF received

12-15 18:28:31.321  1089  1089 D Telephony: MSG_CDMA_VOICE_PRIVACY_OFF received

12-15 18:28:30.805  1089  1089 D Telephony: MSG_CDMA_VOICE_PRIVACY_OFF received

12-15 18:28:30.296  1089  1089 D Telephony: MSG_CDMA_VOICE_PRIVACY_OFF received

12-15 18:28:29.785  1089  1089 D Telephony: MSG_CDMA_VOICE_PRIVACY_OFF received

12-15 18:28:29.272  1089  1089 D Telephony: MSG_CDMA_VOICE_PRIVACY_OFF received

12-15 18:28:29.123   566 28277 D AudioTrack: stop(193): called with 162432 frames delivered

12-15 18:28:29.119   566 28279 D CCodecBufferChannel: [c2.android.vorbis.decoder#659] buffers after EOS ignored (0 us)

12-15 18:28:28.764  1089  1089 D Telephony: MSG_CDMA_VOICE_PRIVACY_OFF received

12-15 18:28:28.257  1089  1089 D Telephony: MSG_CDMA_VOICE_PRIVACY_OFF received

12-15 18:28:27.748  1089  1089 D Telephony: MSG_CDMA_VOICE_PRIVACY_OFF received

12-15 18:28:27.240  1089  1089 D Telephony: MSG_CDMA_VOICE_PRIVACY_OFF received

12-15 18:28:26.956   566 28277 W NuPlayerRenderer: AudioSink stuck. ARE YOU CONNECTED TO AUDIO OUT? Switching to system clock.

12-15 18:28:26.910 27493 28348 I GMS_MM_Logger: Memory Metric Logging not allowed. Stopping.

12-15 18:28:26.905   660  2450 W ProcessStats: Tracking association SourceState{e0be7ad system/1000 BTopFgs #36276} whose proc state 2 is better than process ProcessState{eb9b040 com.google.android.dialer/10104 pkg=com.google.android.dialer} proc state 3 (4 skipped)

12-15 18:28:26.733  1089  1089 D Telephony: MSG_CDMA_VOICE_PRIVACY_OFF received

12-15 18:28:26.220  1089  1089 D Telephony: MSG_CDMA_VOICE_PRIVACY_OFF received

12-15 18:28:25.841   566 28277 D AudioTrack: getTimestamp_l(193): device stall time corrected using current time 112223923672195

12-15 18:28:25.834   579 28280 D C2SoftVorbisDec: vorbis_dsp_synthesis returned -135; ignored

12-15 18:28:25.832   579 28280 D C2SoftVorbisDec: vorbis_dsp_synthesis returned -135; ignored

12-15 18:28:25.832   579 28280 D BufferPoolAccessor2.0: bufferpool2 0x7cb75faa1088 : 4(131072 size) total buffers - 1(32768 size) used buffers - 2851/2855 (recycle/alloc) - 21/2805 (fetch/transfer)

12-15 18:28:25.830   566 28279 D BufferPoolAccessor2.0: bufferpool2 0x7aefa95b29d8 : 9(294912 size) total buffers - 5(163840 size) used buffers - 2914/2923 (recycle/alloc) - 136/5712 (fetch/transfer)

12-15 18:28:25.829   566 28279 W Codec2Client: query -- param skipped: index = 2415921170.

12-15 18:28:25.829   566 28279 W Codec2Client: query -- param skipped: index = 1342179345.

12-15 18:28:25.828   566 28279 I CCodecConfig: query failed after returning 7 values (BAD_INDEX)

12-15 18:28:25.827   566 28278 D MediaCodec: keep callback message for reclaim

12-15 18:28:25.820   566 28277 W AudioTrack: pauseAndWait: timeout expired state:7 still pausing:7 after 42 ms

12-15 18:28:25.711  1089  1089 D Telephony: MSG_CDMA_VOICE_PRIVACY_OFF received

12-15 18:28:25.199  1089  1089 D Telephony: MSG_CDMA_VOICE_PRIVACY_OFF received

12-15 18:28:24.690  1089  1089 D Telephony: MSG_CDMA_VOICE_PRIVACY_OFF received

12-15 18:28:24.180  1089  1089 D Telephony: MSG_CDMA_VOICE_PRIVACY_OFF received

12-15 18:28:23.668  1089  1089 D Telephony: MSG_CDMA_VOICE_PRIVACY_OFF received

12-15 18:28:23.156  1089  1089 D Telephony: MSG_CDMA_VOICE_PRIVACY_OFF received

12-15 18:28:22.644  1089  1089 D Telephony: MSG_CDMA_VOICE_PRIVACY_OFF received

12-15 18:28:22.505   566 28277 D AudioTrack: stop(193): called with 162432 frames delivered

12-15 18:28:22.502   566 28279 D CCodecBufferChannel: [c2.android.vorbis.decoder#659] buffers after EOS ignored (0 us)

12-15 18:28:22.132  1089  1089 D Telephony: MSG_CDMA_VOICE_PRIVACY_OFF received

12-15 18:28:21.618  1089  1089 D Telephony: MSG_CDMA_VOICE_PRIVACY_OFF received

12-15 18:28:21.101  1089  1089 D Telephony: MSG_CDMA_VOICE_PRIVACY_OFF received

12-15 18:28:20.593  1089  1089 D Telephony: MSG_CDMA_VOICE_PRIVACY_OFF received

12-15 18:28:20.331   566 28277 W NuPlayerRenderer: AudioSink stuck. ARE YOU CONNECTED TO AUDIO OUT? Switching to system clock.

12-15 18:28:20.082  1089  1089 D Telephony: MSG_CDMA_VOICE_PRIVACY_OFF received

12-15 18:28:19.575  1089  1089 D Telephony: MSG_CDMA_VOICE_PRIVACY_OFF received

12-15 18:28:19.222   566 28277 D AudioTrack: getTimestamp_l(193): device stall time corrected using current time 112217304750468

12-15 18:28:19.215   579 28280 D C2SoftVorbisDec: vorbis_dsp_synthesis returned -135; ignored

12-15 18:28:19.213   579 28280 D C2SoftVorbisDec: vorbis_dsp_synthesis returned -135; ignored

12-15 18:28:19.213   579 28280 D BufferPoolAccessor2.0: bufferpool2 0x7cb75faa1088 : 4(131072 size) total buffers - 1(32768 size) used buffers - 2683/2687 (recycle/alloc) - 20/2640 (fetch/transfer)

12-15 18:28:19.209   566 28279 D BufferPoolAccessor2.0: bufferpool2 0x7aefa95b29d8 : 9(294912 size) total buffers - 5(163840 size) used buffers - 2743/2752 (recycle/alloc) - 128/5376 (fetch/transfer)

12-15 18:28:19.209   566 28279 W Codec2Client: query -- param skipped: index = 2415921170.

12-15 18:28:19.209   566 28279 W Codec2Client: query -- param skipped: index = 1342179345.

12-15 18:28:19.208   566 28279 I CCodecConfig: query failed after returning 7 values (BAD_INDEX)

12-15 18:28:19.207   566 28278 D MediaCodec: keep callback message for reclaim

12-15 18:28:19.199   566 28277 W AudioTrack: pauseAndWait: timeout expired state:7 still pausing:7 after 41 ms

12-15 18:28:19.066  1089  1089 D Telephony: MSG_CDMA_VOICE_PRIVACY_OFF received

12-15 18:28:18.559  1089  1089 D Telephony: MSG_CDMA_VOICE_PRIVACY_OFF received

12-15 18:28:18.047  1089  1089 D Telephony: MSG_CDMA_VOICE_PRIVACY_OFF received

12-15 18:28:17.537  1089  1089 D Telephony: MSG_CDMA_VOICE_PRIVACY_OFF received

12-15 18:28:17.026  1089  1089 D Telephony: MSG_CDMA_VOICE_PRIVACY_OFF received

12-15 18:28:16.514  1089  1089 D Telephony: MSG_CDMA_VOICE_PRIVACY_OFF received

12-15 18:28:15.998  1089  1089 D Telephony: MSG_CDMA_VOICE_PRIVACY_OFF received

12-15 18:28:15.947   566 28277 D AudioTrack: stop(193): called with 162432 frames delivered

12-15 18:28:15.490  1089  1089 D Telephony: MSG_CDMA_VOICE_PRIVACY_OFF received

12-15 18:28:14.978  1089  1089 D Telephony: MSG_CDMA_VOICE_PRIVACY_OFF received

12-15 18:28:14.461  1089  1089 D Telephony: MSG_CDMA_VOICE_PRIVACY_OFF received

12-15 18:28:13.953  1089  1089 D Telephony: MSG_CDMA_VOICE_PRIVACY_OFF received

12-15 18:28:13.754   566 28277 W NuPlayerRenderer: AudioSink stuck. ARE YOU CONNECTED TO AUDIO OUT? Switching to system clock.

12-15 18:28:13.462   902  1109 D EGL_emulation: app_time_stats: avg=20015.11ms min=20015.11ms max=20015.11ms count=1

12-15 18:28:13.455   902  1109 D EGL_emulation: app_time_stats: avg=6715.90ms min=20.94ms max=13410.87ms count=2

12-15 18:28:13.439  1089  1089 D Telephony: MSG_CDMA_VOICE_PRIVACY_OFF received

12-15 18:28:12.929  1089  1089 D Telephony: MSG_CDMA_VOICE_PRIVACY_OFF received

12-15 18:28:12.660     0     0 W healthd : battery l=100 v=5000 t=25.0 h=2 st=4 c=900000 fc=3000000 cc=10 chg=

12-15 18:28:12.633   566 28277 D AudioTrack: getTimestamp_l(193): device stall time corrected using current time 112210715083873

12-15 18:28:12.626   579 28280 D C2SoftVorbisDec: vorbis_dsp_synthesis returned -135; ignored

12-15 18:28:12.624   579 28280 D C2SoftVorbisDec: vorbis_dsp_synthesis returned -135; ignored

12-15 18:28:12.624   579 28280 D BufferPoolAccessor2.0: bufferpool2 0x7cb75faa1088 : 4(131072 size) total buffers - 1(32768 size) used buffers - 2515/2519 (recycle/alloc) - 19/2475 (fetch/transfer)

12-15 18:28:12.621   566 28279 D BufferPoolAccessor2.0: bufferpool2 0x7aefa95b29d8 : 9(294912 size) total buffers - 5(163840 size) used buffers - 2573/2582 (recycle/alloc) - 120/5040 (fetch/transfer)

12-15 18:28:12.621   566 28279 W Codec2Client: query -- param skipped: index = 2415921170.

12-15 18:28:12.620   566 28279 W Codec2Client: query -- param skipped: index = 1342179345.

12-15 18:28:12.620   566 28279 I CCodecConfig: query failed after returning 7 values (BAD_INDEX)

12-15 18:28:12.619   566 28278 D MediaCodec: keep callback message for reclaim

12-15 18:28:12.612   566 28277 W AudioTrack: pauseAndWait: timeout expired state:7 still pausing:7 after 41 ms

12-15 18:28:12.413  1089  1089 D Telephony: MSG_CDMA_VOICE_PRIVACY_OFF received

12-15 18:28:11.896  1089  1089 D Telephony: MSG_CDMA_VOICE_PRIVACY_OFF received

12-15 18:28:11.385  1089  1089 D Telephony: MSG_CDMA_VOICE_PRIVACY_OFF received

12-15 18:28:10.873  1089  1089 D Telephony: MSG_CDMA_VOICE_PRIVACY_OFF received

12-15 18:28:10.365  1089  1089 D Telephony: MSG_CDMA_VOICE_PRIVACY_OFF received

12-15 18:28:09.857  1089  1089 D Telephony: MSG_CDMA_VOICE_PRIVACY_OFF received

12-15 18:28:09.346  1089  1089 D Telephony: MSG_CDMA_VOICE_PRIVACY_OFF received

12-15 18:28:09.277   566 28277 D AudioTrack: stop(193): called with 162432 frames delivered

12-15 18:28:08.836  1089  1089 D Telephony: MSG_CDMA_VOICE_PRIVACY_OFF received

12-15 18:28:08.326  1089  1089 D Telephony: MSG_CDMA_VOICE_PRIVACY_OFF received

12-15 18:28:07.814  1089  1089 D Telephony: MSG_CDMA_VOICE_PRIVACY_OFF received

12-15 18:28:07.302  1089  1089 D Telephony: MSG_CDMA_VOICE_PRIVACY_OFF received

12-15 18:28:07.122   566 28277 W NuPlayerRenderer: AudioSink stuck. ARE YOU CONNECTED TO AUDIO OUT? Switching to system clock.

12-15 18:28:06.795  1089  1089 D Telephony: MSG_CDMA_VOICE_PRIVACY_OFF received

12-15 18:28:06.287  1089  1089 D Telephony: MSG_CDMA_VOICE_PRIVACY_OFF received

12-15 18:28:06.028   566 11650 D AudioTrack: getTimestamp_l(193): device stall time corrected using current time 112204110512668

12-15 18:28:06.021   579 28280 D C2SoftVorbisDec: vorbis_dsp_synthesis returned -135; ignored

12-15 18:28:06.019   579 28280 D C2SoftVorbisDec: vorbis_dsp_synthesis returned -135; ignored

12-15 18:28:06.019   579 28280 D BufferPoolAccessor2.0: bufferpool2 0x7cb75faa1088 : 4(131072 size) total buffers - 1(32768 size) used buffers - 2347/2351 (recycle/alloc) - 19/2310 (fetch/transfer)

12-15 18:28:06.017   566 28279 D BufferPoolAccessor2.0: bufferpool2 0x7aefa95b29d8 : 9(294912 size) total buffers - 5(163840 size) used buffers - 2403/2412 (recycle/alloc) - 112/4704 (fetch/transfer)

12-15 18:28:06.016   566 28279 W Codec2Client: query -- param skipped: index = 2415921170.

12-15 18:28:06.016   566 28279 W Codec2Client: query -- param skipped: index = 1342179345.

12-15 18:28:06.016   566 28279 I CCodecConfig: query failed after returning 7 values (BAD_INDEX)

12-15 18:28:06.015   566 28278 D MediaCodec: keep callback message for reclaim

12-15 18:28:06.008   566 28277 W AudioTrack: pauseAndWait: timeout expired state:7 still pausing:7 after 41 ms

12-15 18:28:05.778  1089  1089 D Telephony: MSG_CDMA_VOICE_PRIVACY_OFF received

12-15 18:28:05.270  1089  1089 D Telephony: MSG_CDMA_VOICE_PRIVACY_OFF received

12-15 18:28:04.763  1089  1089 D Telephony: MSG_CDMA_VOICE_PRIVACY_OFF received

12-15 18:28:04.255  1089  1089 D Telephony: MSG_CDMA_VOICE_PRIVACY_OFF received

12-15 18:28:03.746  1089  1089 D Telephony: MSG_CDMA_VOICE_PRIVACY_OFF received

12-15 18:28:03.237  1089  1089 D Telephony: MSG_CDMA_VOICE_PRIVACY_OFF received

12-15 18:28:02.736   566 28277 D AudioTrack: stop(193): called with 162432 frames delivered

12-15 18:28:02.734   566 28279 D CCodecBufferChannel: [c2.android.vorbis.decoder#659] buffers after EOS ignored (0 us)

12-15 18:28:02.733   566 28279 D CCodecBufferChannel: [c2.android.vorbis.decoder#659] buffers after EOS ignored (0 us)

12-15 18:28:02.732   566 28279 D CCodecBufferChannel: [c2.android.vorbis.decoder#659] buffers after EOS ignored (0 us)

12-15 18:28:02.726  1089  1089 D Telephony: MSG_CDMA_VOICE_PRIVACY_OFF received

12-15 18:28:02.218  1089  1089 D Telephony: MSG_CDMA_VOICE_PRIVACY_OFF received

12-15 18:28:01.705  1089  1089 D Telephony: MSG_CDMA_VOICE_PRIVACY_OFF received

12-15 18:28:01.196  1089  1089 D Telephony: MSG_CDMA_VOICE_PRIVACY_OFF received

12-15 18:28:00.684  1089  1089 D Telephony: MSG_CDMA_VOICE_PRIVACY_OFF received

12-15 18:28:00.547   566 28277 W NuPlayerRenderer: AudioSink stuck. ARE YOU CONNECTED TO AUDIO OUT? Switching to system clock.

12-15 18:28:00.173  1089  1089 D Telephony: MSG_CDMA_VOICE_PRIVACY_OFF received

12-15 18:28:00.023   902  1109 D EGL_emulation: app_time_stats: avg=6580.97ms min=6580.97ms max=6580.97ms count=1

12-15 18:28:00.008   660   660 W ActivityManager: Unbind failed: could not find connection for android.app.LoadedApk$ServiceDispatcher$InnerConnection@c0c0645

12-15 18:28:00.007   660  5401 W RemoteSmartspaceService: could not bind to Intent { act=android.service.smartspace.SmartspaceService cmp=com.google.android.as/com.google.android.apps.miphone.aiai.app.AiAiSmartspaceService } using flags 67112961

12-15 18:28:00.007   660  5401 W ActivityManager: Unable to start service Intent { act=android.service.smartspace.SmartspaceService cmp=com.google.android.as/com.google.android.apps.miphone.aiai.app.AiAiSmartspaceService } U=0: not found

12-15 18:27:59.660  1089  1089 D Telephony: MSG_CDMA_VOICE_PRIVACY_OFF received

12-15 18:27:59.420   566 28277 D AudioTrack: getTimestamp_l(193): device stall time corrected using current time 112197502449042

12-15 18:27:59.410   579 28280 D C2SoftVorbisDec: vorbis_dsp_synthesis returned -135; ignored

12-15 18:27:59.409   579 28280 D C2SoftVorbisDec: vorbis_dsp_synthesis returned -135; ignored

12-15 18:27:59.409   579 28280 D BufferPoolAccessor2.0: bufferpool2 0x7cb75faa1088 : 4(131072 size) total buffers - 1(32768 size) used buffers - 2179/2183 (recycle/alloc) - 19/2145 (fetch/transfer)

12-15 18:27:59.406   566 28279 D BufferPoolAccessor2.0: bufferpool2 0x7aefa95b29d8 : 9(294912 size) total buffers - 5(163840 size) used buffers - 2230/2239 (recycle/alloc) - 104/4368 (fetch/transfer)

12-15 18:27:59.406   566 28279 W Codec2Client: query -- param skipped: index = 2415921170.

12-15 18:27:59.406   566 28279 W Codec2Client: query -- param skipped: index = 1342179345.

12-15 18:27:59.405   566 28279 I CCodecConfig: query failed after returning 7 values (BAD_INDEX)

12-15 18:27:59.404   566 28278 D MediaCodec: keep callback message for reclaim

12-15 18:27:59.394   566 28277 W AudioTrack: pauseAndWait: timeout expired state:7 still pausing:7 after 43 ms

12-15 18:27:59.150  1089  1089 D Telephony: MSG_CDMA_VOICE_PRIVACY_OFF received

12-15 18:27:58.635  1089  1089 D Telephony: MSG_CDMA_VOICE_PRIVACY_OFF received

12-15 18:27:58.127  1089  1089 D Telephony: MSG_CDMA_VOICE_PRIVACY_OFF received

12-15 18:27:57.880   660  2418 D WifiNative: Scan result ready event

12-15 18:27:57.880   660  2418 D WifiNl80211Manager: Scan result ready event

12-15 18:27:57.877   445   445 E android.hardware.power.stats@1.0-service-mock: Failed to getEnergyData

12-15 18:27:57.618  1089  1089 D Telephony: MSG_CDMA_VOICE_PRIVACY_OFF received

12-15 18:27:57.109  1089  1089 D Telephony: MSG_CDMA_VOICE_PRIVACY_OFF received

12-15 18:27:56.599  1089  1089 D Telephony: MSG_CDMA_VOICE_PRIVACY_OFF received

12-15 18:27:56.121   566 28277 D AudioTrack: stop(193): called with 162432 frames delivered

12-15 18:27:56.120   566 28279 D CCodecBufferChannel: [c2.android.vorbis.decoder#659] buffers after EOS ignored (0 us)

12-15 18:27:56.120   566 28279 D CCodecBufferChannel: [c2.android.vorbis.decoder#659] buffers after EOS ignored (0 us)

12-15 18:27:56.119   566 28279 D CCodecBufferChannel: [c2.android.vorbis.decoder#659] buffers after EOS ignored (0 us)

12-15 18:27:56.090  1089  1089 D Telephony: MSG_CDMA_VOICE_PRIVACY_OFF received

12-15 18:27:55.579  1089  1089 D Telephony: MSG_CDMA_VOICE_PRIVACY_OFF received

12-15 18:27:55.071  1089  1089 D Telephony: MSG_CDMA_VOICE_PRIVACY_OFF received

12-15 18:27:54.563  1089  1089 D Telephony: MSG_CDMA_VOICE_PRIVACY_OFF received

12-15 18:27:54.051  1089  1089 D Telephony: MSG_CDMA_VOICE_PRIVACY_OFF received

12-15 18:27:53.931   566 28277 W NuPlayerRenderer: AudioSink stuck. ARE YOU CONNECTED TO AUDIO OUT? Switching to system clock.

12-15 18:27:53.538  1089  1089 D Telephony: MSG_CDMA_VOICE_PRIVACY_OFF received

12-15 18:27:53.447   902  1109 D EGL_emulation: app_time_stats: avg=20036.65ms min=20036.65ms max=20036.65ms count=1

12-15 18:27:53.442   902  1109 D EGL_emulation: app_time_stats: avg=20035.16ms min=20035.16ms max=20035.16ms count=1

12-15 18:27:53.029  1089  1089 D Telephony: MSG_CDMA_VOICE_PRIVACY_OFF received

12-15 18:27:52.827   566 28277 D AudioTrack: getTimestamp_l(193): device stall time corrected using current time 112190909035902

12-15 18:27:52.821   579 28280 D C2SoftVorbisDec: vorbis_dsp_synthesis returned -135; ignored

12-15 18:27:52.820   579 28280 D C2SoftVorbisDec: vorbis_dsp_synthesis returned -135; ignored

12-15 18:27:52.820   579 28280 D BufferPoolAccessor2.0: bufferpool2 0x7cb75faa1088 : 4(131072 size) total buffers - 1(32768 size) used buffers - 2011/2015 (recycle/alloc) - 17/1980 (fetch/transfer)

12-15 18:27:52.817   566 28279 D BufferPoolAccessor2.0: bufferpool2 0x7aefa95b29d8 : 9(294912 size) total buffers - 5(163840 size) used buffers - 2057/2066 (recycle/alloc) - 96/4032 (fetch/transfer)

12-15 18:27:52.816   566 28279 W Codec2Client: query -- param skipped: index = 2415921170.

12-15 18:27:52.816   566 28279 W Codec2Client: query -- param skipped: index = 1342179345.

12-15 18:27:52.816   566 28279 I CCodecConfig: query failed after returning 7 values (BAD_INDEX)

12-15 18:27:52.815   566 28278 D MediaCodec: keep callback message for reclaim

12-15 18:27:52.808   566 28277 W AudioTrack: pauseAndWait: timeout expired state:7 still pausing:7 after 41 ms

12-15 18:27:52.514  1089  1089 D Telephony: MSG_CDMA_VOICE_PRIVACY_OFF received

12-15 18:27:52.000  1089  1089 D Telephony: MSG_CDMA_VOICE_PRIVACY_OFF received

12-15 18:27:51.489  1089  1089 D Telephony: MSG_CDMA_VOICE_PRIVACY_OFF received

12-15 18:27:50.978  1089  1089 D Telephony: MSG_CDMA_VOICE_PRIVACY_OFF received

12-15 18:27:50.466  1089  1089 D Telephony: MSG_CDMA_VOICE_PRIVACY_OFF received

12-15 18:27:49.954  1089  1089 D Telephony: MSG_CDMA_VOICE_PRIVACY_OFF received

12-15 18:27:49.576   566 28277 D AudioTrack: stop(193): called with 162432 frames delivered

12-15 18:27:49.443  1089  1089 D Telephony: MSG_CDMA_VOICE_PRIVACY_OFF received

12-15 18:27:49.321   566 28279 D CCodecBufferChannel: [c2.android.vorbis.decoder#659] buffers after EOS ignored (0 us)

12-15 18:27:48.923  1089  1089 D Telephony: MSG_CDMA_VOICE_PRIVACY_OFF received

12-15 18:27:48.408  1089  1089 D Telephony: MSG_CDMA_VOICE_PRIVACY_OFF received

12-15 18:27:47.897  1089  1089 D Telephony: MSG_CDMA_VOICE_PRIVACY_OFF received

12-15 18:27:47.381  1089  1089 D Telephony: MSG_CDMA_VOICE_PRIVACY_OFF received

12-15 18:27:47.365   566 28277 W NuPlayerRenderer: AudioSink stuck. ARE YOU CONNECTED TO AUDIO OUT? Switching to system clock.

12-15 18:27:46.873  1089  1089 D Telephony: MSG_CDMA_VOICE_PRIVACY_OFF received

12-15 18:27:46.362  1089  1089 D Telephony: MSG_CDMA_VOICE_PRIVACY_OFF received

12-15 18:27:46.239   566 28277 D AudioTrack: getTimestamp_l(193): device stall time corrected using current time 112184321536022

12-15 18:27:46.231   579 28280 D C2SoftVorbisDec: vorbis_dsp_synthesis returned -135; ignored

12-15 18:27:46.229   579 28280 D C2SoftVorbisDec: vorbis_dsp_synthesis returned -135; ignored

12-15 18:27:46.229   579 28280 D BufferPoolAccessor2.0: bufferpool2 0x7cb75faa1088 : 4(131072 size) total buffers - 1(32768 size) used buffers - 1843/1847 (recycle/alloc) - 16/1815 (fetch/transfer)

12-15 18:27:46.227   566 28279 D BufferPoolAccessor2.0: bufferpool2 0x7aefa95b29d8 : 9(294912 size) total buffers - 5(163840 size) used buffers - 1886/1895 (recycle/alloc) - 88/3696 (fetch/transfer)

12-15 18:27:46.225   566 28279 W Codec2Client: query -- param skipped: index = 2415921170.

12-15 18:27:46.224   566 28279 W Codec2Client: query -- param skipped: index = 1342179345.

12-15 18:27:46.224   566 28279 I CCodecConfig: query failed after returning 7 values (BAD_INDEX)

12-15 18:27:46.223   566 28278 D MediaCodec: keep callback message for reclaim

12-15 18:27:46.214   566 28277 W AudioTrack: pauseAndWait: timeout expired state:7 still pausing:7 after 41 ms

12-15 18:27:45.847  1089  1089 D Telephony: MSG_CDMA_VOICE_PRIVACY_OFF received

12-15 18:27:45.336  1089  1089 D Telephony: MSG_CDMA_VOICE_PRIVACY_OFF received

12-15 18:27:45.189   660  5401 W AppOps  : Noting op not finished: uid 10103 pkg com.google.android.gms code 113 startTime of in progress event=1671109008493

12-15 18:27:45.186   660  2418 W AppOps  : Noting op not finished: uid 10103 pkg com.google.android.gms code 113 startTime of in progress event=1671109008493

12-15 18:27:44.821  1089  1089 D Telephony: MSG_CDMA_VOICE_PRIVACY_OFF received

12-15 18:27:44.314  1089  1089 D Telephony: MSG_CDMA_VOICE_PRIVACY_OFF received

12-15 18:27:43.805  1089  1089 D Telephony: MSG_CDMA_VOICE_PRIVACY_OFF received

12-15 18:27:43.417   660  2450 W ProcessStats: Tracking association SourceState{e0be7ad system/1000 BTopFgs #36267} whose proc state 2 is better than process ProcessState{eb9b040 com.google.android.dialer/10104 pkg=com.google.android.dialer} proc state 3 (0 skipped)

12-15 18:27:43.293  1089  1089 D Telephony: MSG_CDMA_VOICE_PRIVACY_OFF received

12-15 18:27:42.947   566 28277 D AudioTrack: stop(193): called with 162432 frames delivered

12-15 18:27:42.947   566 28279 D CCodecBufferChannel: [c2.android.vorbis.decoder#659] buffers after EOS ignored (0 us)

12-15 18:27:42.945   566 28279 D CCodecBufferChannel: [c2.android.vorbis.decoder#659] buffers after EOS ignored (0 us)

12-15 18:27:42.781  1089  1089 D Telephony: MSG_CDMA_VOICE_PRIVACY_OFF received

12-15 18:27:42.263  1089  1089 D Telephony: MSG_CDMA_VOICE_PRIVACY_OFF received

12-15 18:27:41.752  1089  1089 D Telephony: MSG_CDMA_VOICE_PRIVACY_OFF received

12-15 18:27:41.241  1089  1089 D Telephony: MSG_CDMA_VOICE_PRIVACY_OFF received

12-15 18:27:40.766   566 28277 W NuPlayerRenderer: AudioSink stuck. ARE YOU CONNECTED TO AUDIO OUT? Switching to system clock.

12-15 18:27:40.728  1089  1089 D Telephony: MSG_CDMA_VOICE_PRIVACY_OFF received

12-15 18:27:40.218  1089  1089 D Telephony: MSG_CDMA_VOICE_PRIVACY_OFF received

12-15 18:27:39.711  1089  1089 D Telephony: MSG_CDMA_VOICE_PRIVACY_OFF received

12-15 18:27:39.642   566 21257 D AudioTrack: getTimestamp_l(193): device stall time corrected using current time 112177724038391

12-15 18:27:39.633   579 28280 D C2SoftVorbisDec: vorbis_dsp_synthesis returned -135; ignored

12-15 18:27:39.631   579 28280 D C2SoftVorbisDec: vorbis_dsp_synthesis returned -135; ignored

12-15 18:27:39.631   579 28280 D BufferPoolAccessor2.0: bufferpool2 0x7cb75faa1088 : 4(131072 size) total buffers - 1(32768 size) used buffers - 1675/1679 (recycle/alloc) - 15/1650 (fetch/transfer)

12-15 18:27:39.629   566 28279 D BufferPoolAccessor2.0: bufferpool2 0x7aefa95b29d8 : 9(294912 size) total buffers - 5(163840 size) used buffers - 1714/1723 (recycle/alloc) - 80/3360 (fetch/transfer)

12-15 18:27:39.629   566 28279 W Codec2Client: query -- param skipped: index = 2415921170.

12-15 18:27:39.629   566 28279 W Codec2Client: query -- param skipped: index = 1342179345.

12-15 18:27:39.628   566 28279 I CCodecConfig: query failed after returning 7 values (BAD_INDEX)

12-15 18:27:39.627   566 28278 D MediaCodec: keep callback message for reclaim

12-15 18:27:39.620   566 28277 W AudioTrack: pauseAndWait: timeout expired state:7 still pausing:7 after 41 ms

12-15 18:27:39.200  1089  1089 D Telephony: MSG_CDMA_VOICE_PRIVACY_OFF received

12-15 18:27:38.691  1089  1089 D Telephony: MSG_CDMA_VOICE_PRIVACY_OFF received

12-15 18:27:38.180  1089  1089 D Telephony: MSG_CDMA_VOICE_PRIVACY_OFF received

12-15 18:27:37.671  1089  1089 D Telephony: MSG_CDMA_VOICE_PRIVACY_OFF received

12-15 18:27:37.158  1089  1089 D Telephony: MSG_CDMA_VOICE_PRIVACY_OFF received

12-15 18:27:36.649  1089  1089 D Telephony: MSG_CDMA_VOICE_PRIVACY_OFF received

12-15 18:27:36.290   566 28277 D AudioTrack: stop(193): called with 162432 frames delivered

12-15 18:27:36.137  1089  1089 D Telephony: MSG_CDMA_VOICE_PRIVACY_OFF received

12-15 18:27:35.628  1089  1089 D Telephony: MSG_CDMA_VOICE_PRIVACY_OFF received

12-15 18:27:35.116  1089  1089 D Telephony: MSG_CDMA_VOICE_PRIVACY_OFF received

12-15 18:27:34.603  1089  1089 D Telephony: MSG_CDMA_VOICE_PRIVACY_OFF received

12-15 18:27:34.133   566 28277 W NuPlayerRenderer: AudioSink stuck. ARE YOU CONNECTED TO AUDIO OUT? Switching to system clock.

12-15 18:27:34.095  1089  1089 D Telephony: MSG_CDMA_VOICE_PRIVACY_OFF received

12-15 18:27:33.584  1089  1089 D Telephony: MSG_CDMA_VOICE_PRIVACY_OFF received

12-15 18:27:33.410   902  1109 D EGL_emulation: app_time_stats: avg=2395.77ms min=4.51ms max=59471.24ms count=25

12-15 18:27:33.407   902  1109 D EGL_emulation: app_time_stats: avg=16691.63ms min=21.07ms max=33362.19ms count=2

12-15 18:27:33.353   660   714 W BatteryExternalStatsWorker: error reading Bluetooth stats: 9

